Archive member included because of file (symbol)

C:\Users\Jeroen Gillis\AppData\Local\Temp\VMBuilds\CommunicationModule\adafruit_adafruit_samd_adafruit_feather_m0\Debug/core.a(cortex_handlers.c.o)
                              (Reset_Handler)
C:\Users\Jeroen Gillis\AppData\Local\Temp\VMBuilds\CommunicationModule\adafruit_adafruit_samd_adafruit_feather_m0\Debug/core.a(delay.c.o)
                              C:\Users\Jeroen Gillis\AppData\Local\Temp\VMBuilds\CommunicationModule\adafruit_adafruit_samd_adafruit_feather_m0\Debug\arduino-lmic-master\hal\hal.cpp.o (micros)
C:\Users\Jeroen Gillis\AppData\Local\Temp\VMBuilds\CommunicationModule\adafruit_adafruit_samd_adafruit_feather_m0\Debug/core.a(hooks.c.o)
                              C:\Users\Jeroen Gillis\AppData\Local\Temp\VMBuilds\CommunicationModule\adafruit_adafruit_samd_adafruit_feather_m0\Debug/core.a(delay.c.o) (yield)
C:\Users\Jeroen Gillis\AppData\Local\Temp\VMBuilds\CommunicationModule\adafruit_adafruit_samd_adafruit_feather_m0\Debug/core.a(startup.c.o)
                              C:\Users\Jeroen Gillis\AppData\Local\Temp\VMBuilds\CommunicationModule\adafruit_adafruit_samd_adafruit_feather_m0\Debug/core.a(cortex_handlers.c.o) (SystemInit)
C:\Users\Jeroen Gillis\AppData\Local\Temp\VMBuilds\CommunicationModule\adafruit_adafruit_samd_adafruit_feather_m0\Debug/core.a(wiring.c.o)
                              C:\Users\Jeroen Gillis\AppData\Local\Temp\VMBuilds\CommunicationModule\adafruit_adafruit_samd_adafruit_feather_m0\Debug/core.a(startup.c.o) (SystemCoreClock)
C:\Users\Jeroen Gillis\AppData\Local\Temp\VMBuilds\CommunicationModule\adafruit_adafruit_samd_adafruit_feather_m0\Debug/core.a(wiring_analog.c.o)
                              C:\Users\Jeroen Gillis\AppData\Local\Temp\VMBuilds\CommunicationModule\adafruit_adafruit_samd_adafruit_feather_m0\Debug/core.a(wiring.c.o) (analogReference)
C:\Users\Jeroen Gillis\AppData\Local\Temp\VMBuilds\CommunicationModule\adafruit_adafruit_samd_adafruit_feather_m0\Debug/core.a(wiring_digital.c.o)
                              C:\Users\Jeroen Gillis\AppData\Local\Temp\VMBuilds\CommunicationModule\adafruit_adafruit_samd_adafruit_feather_m0\Debug\arduino-lmic-master\hal\hal.cpp.o (pinMode)
C:\Users\Jeroen Gillis\AppData\Local\Temp\VMBuilds\CommunicationModule\adafruit_adafruit_samd_adafruit_feather_m0\Debug/core.a(wiring_private.c.o)
                              C:\Users\Jeroen Gillis\AppData\Local\Temp\VMBuilds\CommunicationModule\adafruit_adafruit_samd_adafruit_feather_m0\Debug\SPI\SPI.cpp.o (pinPeripheral)
C:\Users\Jeroen Gillis\AppData\Local\Temp\VMBuilds\CommunicationModule\adafruit_adafruit_samd_adafruit_feather_m0\Debug/core.a(main.cpp.o)
                              c:/users/jeroen gillis/appdata/local/arduino15/packages/arduino/tools/arm-none-eabi-gcc/4.8.3-2014q1/bin/../lib/gcc/arm-none-eabi/4.8.3/../../../../arm-none-eabi/lib/armv6-m/crt0.o (main)
C:\Users\Jeroen Gillis\AppData\Local\Temp\VMBuilds\CommunicationModule\adafruit_adafruit_samd_adafruit_feather_m0\Debug/core.a(Print.cpp.o)
                              C:\Users\Jeroen Gillis\AppData\Local\Temp\VMBuilds\CommunicationModule\adafruit_adafruit_samd_adafruit_feather_m0\Debug\arduino-lmic-master\hal\hal.cpp.o (Print::print(char const*))
C:\Users\Jeroen Gillis\AppData\Local\Temp\VMBuilds\CommunicationModule\adafruit_adafruit_samd_adafruit_feather_m0\Debug/core.a(Reset.cpp.o)
                              C:\Users\Jeroen Gillis\AppData\Local\Temp\VMBuilds\CommunicationModule\adafruit_adafruit_samd_adafruit_feather_m0\Debug/core.a(delay.c.o) (tickReset)
C:\Users\Jeroen Gillis\AppData\Local\Temp\VMBuilds\CommunicationModule\adafruit_adafruit_samd_adafruit_feather_m0\Debug/core.a(SERCOM.cpp.o)
                              C:\Users\Jeroen Gillis\AppData\Local\Temp\VMBuilds\CommunicationModule\adafruit_adafruit_samd_adafruit_feather_m0\Debug\variant\variant.cpp.o (SERCOM::SERCOM(Sercom*))
C:\Users\Jeroen Gillis\AppData\Local\Temp\VMBuilds\CommunicationModule\adafruit_adafruit_samd_adafruit_feather_m0\Debug/core.a(Stream.cpp.o)
                              C:\Users\Jeroen Gillis\AppData\Local\Temp\VMBuilds\CommunicationModule\adafruit_adafruit_samd_adafruit_feather_m0\Debug\sampling_task.cpp.o (Stream::setTimeout(unsigned long))
C:\Users\Jeroen Gillis\AppData\Local\Temp\VMBuilds\CommunicationModule\adafruit_adafruit_samd_adafruit_feather_m0\Debug/core.a(Uart.cpp.o)
                              C:\Users\Jeroen Gillis\AppData\Local\Temp\VMBuilds\CommunicationModule\adafruit_adafruit_samd_adafruit_feather_m0\Debug\sampling_task.cpp.o (Uart::begin(unsigned long))
C:\Users\Jeroen Gillis\AppData\Local\Temp\VMBuilds\CommunicationModule\adafruit_adafruit_samd_adafruit_feather_m0\Debug/core.a(WString.cpp.o)
                              C:\Users\Jeroen Gillis\AppData\Local\Temp\VMBuilds\CommunicationModule\adafruit_adafruit_samd_adafruit_feather_m0\Debug/core.a(Stream.cpp.o) (String::String(char const*))
[...]
Memory Configuration

Name             Origin             Length             Attributes
FLASH            0x00002000         0x0003e000         xr
RAM              0x20000000         0x00008000         xrw
*default*        0x00000000         0xffffffff

Linker script and memory map

LOAD c:/users/jeroen gillis/appdata/local/arduino15/packages/arduino/tools/arm-none-eabi-gcc/4.8.3-2014q1/bin/../lib/gcc/arm-none-eabi/4.8.3/armv6-m/crti.o
LOAD c:/users/jeroen gillis/appdata/local/arduino15/packages/arduino/tools/arm-none-eabi-gcc/4.8.3-2014q1/bin/../lib/gcc/arm-none-eabi/4.8.3/armv6-m/crtbegin.o
LOAD c:/users/jeroen gillis/appdata/local/arduino15/packages/arduino/tools/arm-none-eabi-gcc/4.8.3-2014q1/bin/../lib/gcc/arm-none-eabi/4.8.3/../../../../arm-none-eabi/lib/armv6-m/crt0.o
LOAD C:\Users\Jeroen Gillis\AppData\Local\Temp\VMBuilds\CommunicationModule\adafruit_adafruit_samd_adafruit_feather_m0\Debug\CommunicationModule.cpp.o
LOAD C:\Users\Jeroen Gillis\AppData\Local\Temp\VMBuilds\CommunicationModule\adafruit_adafruit_samd_adafruit_feather_m0\Debug\arduino-lmic-master\aes\lmic.c.o
LOAD C:\Users\Jeroen Gillis\AppData\Local\Temp\VMBuilds\CommunicationModule\adafruit_adafruit_samd_adafruit_feather_m0\Debug\arduino-lmic-master\aes\other.c.o
LOAD C:\Users\Jeroen Gillis\AppData\Local\Temp\VMBuilds\CommunicationModule\adafruit_adafruit_samd_adafruit_feather_m0\Debug\arduino-lmic-master\aes\ideetron\AES-128_V10.cpp.o
LOAD C:\Users\Jeroen Gillis\AppData\Local\Temp\VMBuilds\CommunicationModule\adafruit_adafruit_samd_adafruit_feather_m0\Debug\arduino-lmic-master\hal\hal.cpp.o
LOAD C:\Users\Jeroen Gillis\AppData\Local\Temp\VMBuilds\CommunicationModule\adafruit_adafruit_samd_adafruit_feather_m0\Debug\arduino-lmic-master\lmic\lmic.c.o
LOAD C:\Users\Jeroen Gillis\AppData\Local\Temp\VMBuilds\CommunicationModule\adafruit_adafruit_samd_adafruit_feather_m0\Debug\arduino-lmic-master\lmic\oslmic.c.o
LOAD C:\Users\Jeroen Gillis\AppData\Local\Temp\VMBuilds\CommunicationModule\adafruit_adafruit_samd_adafruit_feather_m0\Debug\arduino-lmic-master\lmic\radio.c.o
LOAD C:\Users\Jeroen Gillis\AppData\Local\Temp\VMBuilds\CommunicationModule\adafruit_adafruit_samd_adafruit_feather_m0\Debug\SPI\SPI.cpp.o
LOAD C:\Users\Jeroen Gillis\AppData\Local\Temp\VMBuilds\CommunicationModule\adafruit_adafruit_samd_adafruit_feather_m0\Debug\reporting_task.cpp.o
LOAD C:\Users\Jeroen Gillis\AppData\Local\Temp\VMBuilds\CommunicationModule\adafruit_adafruit_samd_adafruit_feather_m0\Debug\sampling_task.cpp.o
LOAD C:\Users\Jeroen Gillis\AppData\Local\Temp\VMBuilds\CommunicationModule\adafruit_adafruit_samd_adafruit_feather_m0\Debug\gsm_communication.cpp.o
LOAD C:\Users\Jeroen Gillis\AppData\Local\Temp\VMBuilds\CommunicationModule\adafruit_adafruit_samd_adafruit_feather_m0\Debug\lora_communication.cpp.o
LOAD C:\Users\Jeroen Gillis\AppData\Local\Temp\VMBuilds\CommunicationModule\adafruit_adafruit_samd_adafruit_feather_m0\Debug\storage_manager.cpp.o
LOAD C:\Users\Jeroen Gillis\AppData\Local\Temp\VMBuilds\CommunicationModule\adafruit_adafruit_samd_adafruit_feather_m0\Debug\task_scheduler.cpp.o
LOAD C:\Users\Jeroen Gillis\AppData\Local\Temp\VMBuilds\CommunicationModule\adafruit_adafruit_samd_adafruit_feather_m0\Debug\variant\variant.cpp.o
START GROUP
LOAD C:\Users\Jeroen Gillis\AppData\Local\arduino15\packages\arduino\tools\CMSIS\4.5.0/CMSIS/Lib/GCC/\libarm_cortexM0l_math.a
LOAD C:\Users\Jeroen Gillis\AppData\Local\arduino15\packages\adafruit\hardware\samd\1.0.17\variants\arduino_zero\libsamd21_qtouch_gcc.a
LOAD c:/users/jeroen gillis/appdata/local/arduino15/packages/arduino/tools/arm-none-eabi-gcc/4.8.3-2014q1/bin/../lib/gcc/arm-none-eabi/4.8.3/../../../../arm-none-eabi/lib/armv6-m\libm.a
LOAD C:\Users\Jeroen Gillis\AppData\Local\Temp\VMBuilds\CommunicationModule\adafruit_adafruit_samd_adafruit_feather_m0\Debug/core.a
END GROUP
START GROUP
LOAD c:/users/jeroen gillis/appdata/local/arduino15/packages/arduino/tools/arm-none-eabi-gcc/4.8.3-2014q1/bin/../lib/gcc/arm-none-eabi/4.8.3/armv6-m\libgcc.a
LOAD c:/users/jeroen gillis/appdata/local/arduino15/packages/arduino/tools/arm-none-eabi-gcc/4.8.3-2014q1/bin/../lib/gcc/arm-none-eabi/4.8.3/../../../../arm-none-eabi/lib/armv6-m\libc_s.a
END GROUP
START GROUP
LOAD c:/users/jeroen gillis/appdata/local/arduino15/packages/arduino/tools/arm-none-eabi-gcc/4.8.3-2014q1/bin/../lib/gcc/arm-none-eabi/4.8.3/armv6-m\libgcc.a
LOAD c:/users/jeroen gillis/appdata/local/arduino15/packages/arduino/tools/arm-none-eabi-gcc/4.8.3-2014q1/bin/../lib/gcc/arm-none-eabi/4.8.3/../../../../arm-none-eabi/lib/armv6-m\libc_s.a
LOAD c:/users/jeroen gillis/appdata/local/arduino15/packages/arduino/tools/arm-none-eabi-gcc/4.8.3-2014q1/bin/../lib/gcc/arm-none-eabi/4.8.3/../../../../arm-none-eabi/lib/armv6-m\libnosys.a
END GROUP
START GROUP
LOAD c:/users/jeroen gillis/appdata/local/arduino15/packages/arduino/tools/arm-none-eabi-gcc/4.8.3-2014q1/bin/../lib/gcc/arm-none-eabi/4.8.3/armv6-m\libgcc.a
LOAD c:/users/jeroen gillis/appdata/local/arduino15/packages/arduino/tools/arm-none-eabi-gcc/4.8.3-2014q1/bin/../lib/gcc/arm-none-eabi/4.8.3/../../../../arm-none-eabi/lib/armv6-m\libc_s.a
LOAD c:/users/jeroen gillis/appdata/local/arduino15/packages/arduino/tools/arm-none-eabi-gcc/4.8.3-2014q1/bin/../lib/gcc/arm-none-eabi/4.8.3/../../../../arm-none-eabi/lib/armv6-m\libnosys.a
END GROUP
LOAD c:/users/jeroen gillis/appdata/local/arduino15/packages/arduino/tools/arm-none-eabi-gcc/4.8.3-2014q1/bin/../lib/gcc/arm-none-eabi/4.8.3/armv6-m/crtend.o
LOAD c:/users/jeroen gillis/appdata/local/arduino15/packages/arduino/tools/arm-none-eabi-gcc/4.8.3-2014q1/bin/../lib/gcc/arm-none-eabi/4.8.3/armv6-m/crtn.o

.text           0x00002000     0x6fac
                0x00002000                __text_start__ = .
 *(.sketch_boot)
                0x00002000                . = ALIGN (0x2000)
 *(.isr_vector)
 .isr_vector    0x00002000       0xb4 C:\Users\Jeroen Gillis\AppData\Local\Temp\VMBuilds\CommunicationModule\adafruit_adafruit_samd_adafruit_feather_m0\Debug/core.a(cortex_handlers.c.o)
                0x00002000                exception_table
 *(.text*)
 .text          0x000020b4       0x60 c:/users/jeroen gillis/appdata/local/arduino15/packages/arduino/tools/arm-none-eabi-gcc/4.8.3-2014q1/bin/../lib/gcc/arm-none-eabi/4.8.3/armv6-m/crtbegin.o
 .text.setup    0x00002114       0x48 C:\Users\Jeroen Gillis\AppData\Local\Temp\VMBuilds\CommunicationModule\adafruit_adafruit_samd_adafruit_feather_m0\Debug\CommunicationModule.cpp.o
                0x00002114                setup
 .text.loop     0x0000215c        0x2 C:\Users\Jeroen Gillis\AppData\Local\Temp\VMBuilds\CommunicationModule\adafruit_adafruit_samd_adafruit_feather_m0\Debug\CommunicationModule.cpp.o
                0x0000215c                loop
 .text.shift_left.constprop.0
                0x0000215e       0x34 C:\Users\Jeroen Gillis\AppData\Local\Temp\VMBuilds\CommunicationModule\adafruit_adafruit_samd_adafruit_feather_m0\Debug\arduino-lmic-master\aes\other.c.o
 *fill*         0x00002192        0x2 
 .text.os_aes   0x00002194      0x144 C:\Users\Jeroen Gillis\AppData\Local\Temp\VMBuilds\CommunicationModule\adafruit_adafruit_samd_adafruit_feather_m0\Debug\arduino-lmic-master\aes\other.c.o
                0x00002194                os_aes
 .text._ZL17AES_Add_Round_KeyPh
                0x000022d8       0x2c C:\Users\Jeroen Gillis\AppData\Local\Temp\VMBuilds\CommunicationModule\adafruit_adafruit_samd_adafruit_feather_m0\Debug\arduino-lmic-master\aes\ideetron\AES-128_V10.cpp.o
 .text._ZL14AES_Shift_Rowsv
                0x00002304       0x38 C:\Users\Jeroen Gillis\AppData\Local\Temp\VMBuilds\CommunicationModule\adafruit_adafruit_samd_adafruit_feather_m0\Debug\arduino-lmic-master\aes\ideetron\AES-128_V10.cpp.o
 .text._ZL23AES_Calculate_Round_KeyhPh
                0x0000233c       0x84 C:\Users\Jeroen Gillis\AppData\Local\Temp\VMBuilds\CommunicationModule\adafruit_adafruit_samd_adafruit_feather_m0\Debug\arduino-lmic-master\aes\ideetron\AES-128_V10.cpp.o
 .text.lmic_aes_encrypt
                0x000023c0      0x16c C:\Users\Jeroen Gillis\AppData\Local\Temp\VMBuilds\CommunicationModule\adafruit_adafruit_samd_adafruit_feather_m0\Debug\arduino-lmic-master\aes\ideetron\AES-128_V10.cpp.o
                0x000023c0                lmic_aes_encrypt
 .text.hal_pin_rxtx
                0x0000252c       0x18 C:\Users\Jeroen Gillis\AppData\Local\Temp\VMBuilds\CommunicationModule\adafruit_adafruit_samd_adafruit_feather_m0\Debug\arduino-lmic-master\hal\hal.cpp.o
                0x0000252c                hal_pin_rxtx
 .text.hal_pin_rst
                0x00002544       0x30 C:\Users\Jeroen Gillis\AppData\Local\Temp\VMBuilds\CommunicationModule\adafruit_adafruit_samd_adafruit_feather_m0\Debug\arduino-lmic-master\hal\hal.cpp.o
                0x00002544                hal_pin_rst
 .text.hal_pin_nss
                0x00002574       0x30 C:\Users\Jeroen Gillis\AppData\Local\Temp\VMBuilds\CommunicationModule\adafruit_adafruit_samd_adafruit_feather_m0\Debug\arduino-lmic-master\hal\hal.cpp.o
                0x00002574                hal_pin_nss
 .text.hal_spi  0x000025a4       0x10 C:\Users\Jeroen Gillis\AppData\Local\Temp\VMBuilds\CommunicationModule\adafruit_adafruit_samd_adafruit_feather_m0\Debug\arduino-lmic-master\hal\hal.cpp.o
                0x000025a4                hal_spi
 .text.hal_ticks
                0x000025b4       0x24 C:\Users\Jeroen Gillis\AppData\Local\Temp\VMBuilds\CommunicationModule\adafruit_adafruit_samd_adafruit_feather_m0\Debug\arduino-lmic-master\hal\hal.cpp.o
                0x000025b4                hal_ticks
 .text.hal_waitUntil
                0x000025d8       0x38 C:\Users\Jeroen Gillis\AppData\Local\Temp\VMBuilds\CommunicationModule\adafruit_adafruit_samd_adafruit_feather_m0\Debug\arduino-lmic-master\hal\hal.cpp.o
                0x000025d8                hal_waitUntil
 .text.hal_checkTimer
                0x00002610       0x12 C:\Users\Jeroen Gillis\AppData\Local\Temp\VMBuilds\CommunicationModule\adafruit_adafruit_samd_adafruit_feather_m0\Debug\arduino-lmic-master\hal\hal.cpp.o
                0x00002610                hal_checkTimer
 *fill*         0x00002622        0x2 
 .text.hal_disableIRQs
                0x00002624       0x10 C:\Users\Jeroen Gillis\AppData\Local\Temp\VMBuilds\CommunicationModule\adafruit_adafruit_samd_adafruit_feather_m0\Debug\arduino-lmic-master\hal\hal.cpp.o
                0x00002624                hal_disableIRQs
 .text.hal_enableIRQs
                0x00002634       0x50 C:\Users\Jeroen Gillis\AppData\Local\Temp\VMBuilds\CommunicationModule\adafruit_adafruit_samd_adafruit_feather_m0\Debug\arduino-lmic-master\hal\hal.cpp.o
                0x00002634                hal_enableIRQs
 .text.hal_sleep
                0x00002684        0x2 C:\Users\Jeroen Gillis\AppData\Local\Temp\VMBuilds\CommunicationModule\adafruit_adafruit_samd_adafruit_feather_m0\Debug\arduino-lmic-master\hal\hal.cpp.o
                0x00002684                hal_sleep
 *fill*         0x00002686        0x2 
 .text.startup._GLOBAL__sub_I_hal_pin_rxtx
                0x00002688       0x18 C:\Users\Jeroen Gillis\AppData\Local\Temp\VMBuilds\CommunicationModule\adafruit_adafruit_samd_adafruit_feather_m0\Debug\arduino-lmic-master\hal\hal.cpp.o
 .text.hal_failed
                0x000026a0       0x40 C:\Users\Jeroen Gillis\AppData\Local\Temp\VMBuilds\CommunicationModule\adafruit_adafruit_samd_adafruit_feather_m0\Debug\arduino-lmic-master\hal\hal.cpp.o
                0x000026a0                hal_failed
 .text.hal_init
                0x000026e0       0x84 C:\Users\Jeroen Gillis\AppData\Local\Temp\VMBuilds\CommunicationModule\adafruit_adafruit_samd_adafruit_feather_m0\Debug\arduino-lmic-master\hal\hal.cpp.o
                0x000026e0                hal_init
 .text.calcRxWindow
                0x00002764       0x5c C:\Users\Jeroen Gillis\AppData\Local\Temp\VMBuilds\CommunicationModule\adafruit_adafruit_samd_adafruit_feather_m0\Debug\arduino-lmic-master\lmic\lmic.c.o
 .text.setBcnRxParams
                0x000027c0       0x2c C:\Users\Jeroen Gillis\AppData\Local\Temp\VMBuilds\CommunicationModule\adafruit_adafruit_samd_adafruit_feather_m0\Debug\arduino-lmic-master\lmic\lmic.c.o
 .text.stateJustJoined
                0x000027ec       0x80 C:\Users\Jeroen Gillis\AppData\Local\Temp\VMBuilds\CommunicationModule\adafruit_adafruit_samd_adafruit_feather_m0\Debug\arduino-lmic-master\lmic\lmic.c.o
 .text.rndDelay
                0x0000286c       0x40 C:\Users\Jeroen Gillis\AppData\Local\Temp\VMBuilds\CommunicationModule\adafruit_adafruit_samd_adafruit_feather_m0\Debug\arduino-lmic-master\lmic\lmic.c.o
 .text.txDelay  0x000028ac       0x3c C:\Users\Jeroen Gillis\AppData\Local\Temp\VMBuilds\CommunicationModule\adafruit_adafruit_samd_adafruit_feather_m0\Debug\arduino-lmic-master\lmic\lmic.c.o
 .text.schedRx12
                0x000028e8       0x78 C:\Users\Jeroen Gillis\AppData\Local\Temp\VMBuilds\CommunicationModule\adafruit_adafruit_samd_adafruit_feather_m0\Debug\arduino-lmic-master\lmic\lmic.c.o
 .text.startRxBcn
                0x00002960       0x18 C:\Users\Jeroen Gillis\AppData\Local\Temp\VMBuilds\CommunicationModule\adafruit_adafruit_samd_adafruit_feather_m0\Debug\arduino-lmic-master\lmic\lmic.c.o
 .text.startRxPing
                0x00002978       0x18 C:\Users\Jeroen Gillis\AppData\Local\Temp\VMBuilds\CommunicationModule\adafruit_adafruit_samd_adafruit_feather_m0\Debug\arduino-lmic-master\lmic\lmic.c.o
 .text.setupRx1
                0x00002990       0x2c C:\Users\Jeroen Gillis\AppData\Local\Temp\VMBuilds\CommunicationModule\adafruit_adafruit_samd_adafruit_feather_m0\Debug\arduino-lmic-master\lmic\lmic.c.o
 .text.setupRx1DnData
                0x000029bc       0x10 C:\Users\Jeroen Gillis\AppData\Local\Temp\VMBuilds\CommunicationModule\adafruit_adafruit_samd_adafruit_feather_m0\Debug\arduino-lmic-master\lmic\lmic.c.o
 .text.setupRx1Jacc
                0x000029cc       0x10 C:\Users\Jeroen Gillis\AppData\Local\Temp\VMBuilds\CommunicationModule\adafruit_adafruit_samd_adafruit_feather_m0\Debug\arduino-lmic-master\lmic\lmic.c.o
 .text.setupRx2
                0x000029dc       0x40 C:\Users\Jeroen Gillis\AppData\Local\Temp\VMBuilds\CommunicationModule\adafruit_adafruit_samd_adafruit_feather_m0\Debug\arduino-lmic-master\lmic\lmic.c.o
 .text.setupRx2DnData
                0x00002a1c       0x18 C:\Users\Jeroen Gillis\AppData\Local\Temp\VMBuilds\CommunicationModule\adafruit_adafruit_samd_adafruit_feather_m0\Debug\arduino-lmic-master\lmic\lmic.c.o
 .text.setupRx2Jacc
                0x00002a34       0x18 C:\Users\Jeroen Gillis\AppData\Local\Temp\VMBuilds\CommunicationModule\adafruit_adafruit_samd_adafruit_feather_m0\Debug\arduino-lmic-master\lmic\lmic.c.o
 .text.startScan
                0x00002a4c       0x84 C:\Users\Jeroen Gillis\AppData\Local\Temp\VMBuilds\CommunicationModule\adafruit_adafruit_samd_adafruit_feather_m0\Debug\arduino-lmic-master\lmic\lmic.c.o
 .text.initDefaultChannels
                0x00002ad0       0xbc C:\Users\Jeroen Gillis\AppData\Local\Temp\VMBuilds\CommunicationModule\adafruit_adafruit_samd_adafruit_feather_m0\Debug\arduino-lmic-master\lmic\lmic.c.o
 .text.setDrTxpow.isra.1
                0x00002b8c       0x2c C:\Users\Jeroen Gillis\AppData\Local\Temp\VMBuilds\CommunicationModule\adafruit_adafruit_samd_adafruit_feather_m0\Debug\arduino-lmic-master\lmic\lmic.c.o
 .text.os_rlsbf4
                0x00002bb8       0x18 C:\Users\Jeroen Gillis\AppData\Local\Temp\VMBuilds\CommunicationModule\adafruit_adafruit_samd_adafruit_feather_m0\Debug\arduino-lmic-master\lmic\lmic.c.o
                0x00002bb8                os_rlsbf4
 .text.convFreq
                0x00002bd0       0x28 C:\Users\Jeroen Gillis\AppData\Local\Temp\VMBuilds\CommunicationModule\adafruit_adafruit_samd_adafruit_feather_m0\Debug\arduino-lmic-master\lmic\lmic.c.o
 .text.os_rmsbf4
                0x00002bf8       0x18 C:\Users\Jeroen Gillis\AppData\Local\Temp\VMBuilds\CommunicationModule\adafruit_adafruit_samd_adafruit_feather_m0\Debug\arduino-lmic-master\lmic\lmic.c.o
                0x00002bf8                os_rmsbf4
 .text.os_wlsbf4
                0x00002c10       0x10 C:\Users\Jeroen Gillis\AppData\Local\Temp\VMBuilds\CommunicationModule\adafruit_adafruit_samd_adafruit_feather_m0\Debug\arduino-lmic-master\lmic\lmic.c.o
                0x00002c10                os_wlsbf4
 .text.aes_cipher.part.3
                0x00002c20       0x58 C:\Users\Jeroen Gillis\AppData\Local\Temp\VMBuilds\CommunicationModule\adafruit_adafruit_samd_adafruit_feather_m0\Debug\arduino-lmic-master\lmic\lmic.c.o
 .text.rxschedInit.constprop.11
                0x00002c78       0xac C:\Users\Jeroen Gillis\AppData\Local\Temp\VMBuilds\CommunicationModule\adafruit_adafruit_samd_adafruit_feather_m0\Debug\arduino-lmic-master\lmic\lmic.c.o
 .text.txDone   0x00002d24       0x64 C:\Users\Jeroen Gillis\AppData\Local\Temp\VMBuilds\CommunicationModule\adafruit_adafruit_samd_adafruit_feather_m0\Debug\arduino-lmic-master\lmic\lmic.c.o
 .text.updataDone
                0x00002d88       0x24 C:\Users\Jeroen Gillis\AppData\Local\Temp\VMBuilds\CommunicationModule\adafruit_adafruit_samd_adafruit_feather_m0\Debug\arduino-lmic-master\lmic\lmic.c.o
 .text.jreqDone
                0x00002dac       0x14 C:\Users\Jeroen Gillis\AppData\Local\Temp\VMBuilds\CommunicationModule\adafruit_adafruit_samd_adafruit_feather_m0\Debug\arduino-lmic-master\lmic\lmic.c.o
 .text.os_wmsbf4
                0x00002dc0       0x10 C:\Users\Jeroen Gillis\AppData\Local\Temp\VMBuilds\CommunicationModule\adafruit_adafruit_samd_adafruit_feather_m0\Debug\arduino-lmic-master\lmic\lmic.c.o
                0x00002dc0                os_wmsbf4
 .text.os_crc16
                0x00002dd0       0x38 C:\Users\Jeroen Gillis\AppData\Local\Temp\VMBuilds\CommunicationModule\adafruit_adafruit_samd_adafruit_feather_m0\Debug\arduino-lmic-master\lmic\lmic.c.o
                0x00002dd0                os_crc16
 .text.decodeBeacon
                0x00002e08       0xf4 C:\Users\Jeroen Gillis\AppData\Local\Temp\VMBuilds\CommunicationModule\adafruit_adafruit_samd_adafruit_feather_m0\Debug\arduino-lmic-master\lmic\lmic.c.o
 .text.getSensitivity
                0x00002efc       0x1c C:\Users\Jeroen Gillis\AppData\Local\Temp\VMBuilds\CommunicationModule\adafruit_adafruit_samd_adafruit_feather_m0\Debug\arduino-lmic-master\lmic\lmic.c.o
                0x00002efc                getSensitivity
 .text.calcAirTime
                0x00002f18       0x98 C:\Users\Jeroen Gillis\AppData\Local\Temp\VMBuilds\CommunicationModule\adafruit_adafruit_samd_adafruit_feather_m0\Debug\arduino-lmic-master\lmic\lmic.c.o
                0x00002f18                calcAirTime
 .text.LMIC_setupChannel
                0x00002fb0       0x84 C:\Users\Jeroen Gillis\AppData\Local\Temp\VMBuilds\CommunicationModule\adafruit_adafruit_samd_adafruit_feather_m0\Debug\arduino-lmic-master\lmic\lmic.c.o
                0x00002fb0                LMIC_setupChannel
 .text.decodeFrame
                0x00003034      0x500 C:\Users\Jeroen Gillis\AppData\Local\Temp\VMBuilds\CommunicationModule\adafruit_adafruit_samd_adafruit_feather_m0\Debug\arduino-lmic-master\lmic\lmic.c.o
 .text.LMIC_startJoining
                0x00003534       0xb8 C:\Users\Jeroen Gillis\AppData\Local\Temp\VMBuilds\CommunicationModule\adafruit_adafruit_samd_adafruit_feather_m0\Debug\arduino-lmic-master\lmic\lmic.c.o
                0x00003534                LMIC_startJoining
 .text.engineUpdate
                0x000035ec      0x738 C:\Users\Jeroen Gillis\AppData\Local\Temp\VMBuilds\CommunicationModule\adafruit_adafruit_samd_adafruit_feather_m0\Debug\arduino-lmic-master\lmic\lmic.c.o
 .text.reportEvent
                0x00003d24        0xc C:\Users\Jeroen Gillis\AppData\Local\Temp\VMBuilds\CommunicationModule\adafruit_adafruit_samd_adafruit_feather_m0\Debug\arduino-lmic-master\lmic\lmic.c.o
 .text.onBcnRx  0x00003d30       0xa4 C:\Users\Jeroen Gillis\AppData\Local\Temp\VMBuilds\CommunicationModule\adafruit_adafruit_samd_adafruit_feather_m0\Debug\arduino-lmic-master\lmic\lmic.c.o
 .text.processBeacon
                0x00003dd4      0x18c C:\Users\Jeroen Gillis\AppData\Local\Temp\VMBuilds\CommunicationModule\adafruit_adafruit_samd_adafruit_feather_m0\Debug\arduino-lmic-master\lmic\lmic.c.o
 .text.processJoinAccept
                0x00003f60      0x2d8 C:\Users\Jeroen Gillis\AppData\Local\Temp\VMBuilds\CommunicationModule\adafruit_adafruit_samd_adafruit_feather_m0\Debug\arduino-lmic-master\lmic\lmic.c.o
 .text.processRx1Jacc
                0x00004238       0x38 C:\Users\Jeroen Gillis\AppData\Local\Temp\VMBuilds\CommunicationModule\adafruit_adafruit_samd_adafruit_feather_m0\Debug\arduino-lmic-master\lmic\lmic.c.o
 .text.processRx2Jacc
                0x00004270       0x20 C:\Users\Jeroen Gillis\AppData\Local\Temp\VMBuilds\CommunicationModule\adafruit_adafruit_samd_adafruit_feather_m0\Debug\arduino-lmic-master\lmic\lmic.c.o
 .text.onJoinFailed
                0x00004290        0xa C:\Users\Jeroen Gillis\AppData\Local\Temp\VMBuilds\CommunicationModule\adafruit_adafruit_samd_adafruit_feather_m0\Debug\arduino-lmic-master\lmic\lmic.c.o
 .text.startJoining
                0x0000429a        0xa C:\Users\Jeroen Gillis\AppData\Local\Temp\VMBuilds\CommunicationModule\adafruit_adafruit_samd_adafruit_feather_m0\Debug\arduino-lmic-master\lmic\lmic.c.o
 .text.runEngineUpdate
                0x000042a4        0x8 C:\Users\Jeroen Gillis\AppData\Local\Temp\VMBuilds\CommunicationModule\adafruit_adafruit_samd_adafruit_feather_m0\Debug\arduino-lmic-master\lmic\lmic.c.o
 .text.processPingRx
                0x000042ac       0x30 C:\Users\Jeroen Gillis\AppData\Local\Temp\VMBuilds\CommunicationModule\adafruit_adafruit_samd_adafruit_feather_m0\Debug\arduino-lmic-master\lmic\lmic.c.o
 .text.processDnData
                0x000042dc      0x168 C:\Users\Jeroen Gillis\AppData\Local\Temp\VMBuilds\CommunicationModule\adafruit_adafruit_samd_adafruit_feather_m0\Debug\arduino-lmic-master\lmic\lmic.c.o
 .text.processRx1DnData
                0x00004444       0x40 C:\Users\Jeroen Gillis\AppData\Local\Temp\VMBuilds\CommunicationModule\adafruit_adafruit_samd_adafruit_feather_m0\Debug\arduino-lmic-master\lmic\lmic.c.o
 .text.processRx2DnData
                0x00004484       0x44 C:\Users\Jeroen Gillis\AppData\Local\Temp\VMBuilds\CommunicationModule\adafruit_adafruit_samd_adafruit_feather_m0\Debug\arduino-lmic-master\lmic\lmic.c.o
 .text.processRx2DnDataDelay
                0x000044c8        0x8 C:\Users\Jeroen Gillis\AppData\Local\Temp\VMBuilds\CommunicationModule\adafruit_adafruit_samd_adafruit_feather_m0\Debug\arduino-lmic-master\lmic\lmic.c.o
 .text.LMIC_reset
                0x000044d0       0x7c C:\Users\Jeroen Gillis\AppData\Local\Temp\VMBuilds\CommunicationModule\adafruit_adafruit_samd_adafruit_feather_m0\Debug\arduino-lmic-master\lmic\lmic.c.o
                0x000044d0                LMIC_reset
 .text.runReset
                0x0000454c       0x12 C:\Users\Jeroen Gillis\AppData\Local\Temp\VMBuilds\CommunicationModule\adafruit_adafruit_samd_adafruit_feather_m0\Debug\arduino-lmic-master\lmic\lmic.c.o
 *fill*         0x0000455e        0x2 
 .text.LMIC_init
                0x00004560       0x10 C:\Users\Jeroen Gillis\AppData\Local\Temp\VMBuilds\CommunicationModule\adafruit_adafruit_samd_adafruit_feather_m0\Debug\arduino-lmic-master\lmic\lmic.c.o
                0x00004560                LMIC_init
 .text.LMIC_setTxData
                0x00004570       0x28 C:\Users\Jeroen Gillis\AppData\Local\Temp\VMBuilds\CommunicationModule\adafruit_adafruit_samd_adafruit_feather_m0\Debug\arduino-lmic-master\lmic\lmic.c.o
                0x00004570                LMIC_setTxData
 .text.LMIC_setTxData2
                0x00004598       0x40 C:\Users\Jeroen Gillis\AppData\Local\Temp\VMBuilds\CommunicationModule\adafruit_adafruit_samd_adafruit_feather_m0\Debug\arduino-lmic-master\lmic\lmic.c.o
                0x00004598                LMIC_setTxData2
 .text.os_init  0x000045d8       0x1c C:\Users\Jeroen Gillis\AppData\Local\Temp\VMBuilds\CommunicationModule\adafruit_adafruit_samd_adafruit_feather_m0\Debug\arduino-lmic-master\lmic\oslmic.c.o
                0x000045d8                os_init
 .text.os_getTime
                0x000045f4        0x8 C:\Users\Jeroen Gillis\AppData\Local\Temp\VMBuilds\CommunicationModule\adafruit_adafruit_samd_adafruit_feather_m0\Debug\arduino-lmic-master\lmic\oslmic.c.o
                0x000045f4                os_getTime
 .text.os_clearCallback
                0x000045fc       0x40 C:\Users\Jeroen Gillis\AppData\Local\Temp\VMBuilds\CommunicationModule\adafruit_adafruit_samd_adafruit_feather_m0\Debug\arduino-lmic-master\lmic\oslmic.c.o
                0x000045fc                os_clearCallback
 .text.os_setCallback
                0x0000463c       0x34 C:\Users\Jeroen Gillis\AppData\Local\Temp\VMBuilds\CommunicationModule\adafruit_adafruit_samd_adafruit_feather_m0\Debug\arduino-lmic-master\lmic\oslmic.c.o
                0x0000463c                os_setCallback
 .text.os_setTimedCallback
                0x00004670       0x40 C:\Users\Jeroen Gillis\AppData\Local\Temp\VMBuilds\CommunicationModule\adafruit_adafruit_samd_adafruit_feather_m0\Debug\arduino-lmic-master\lmic\oslmic.c.o
                0x00004670                os_setTimedCallback
 .text.os_runloop_once
                0x000046b0       0x44 C:\Users\Jeroen Gillis\AppData\Local\Temp\VMBuilds\CommunicationModule\adafruit_adafruit_samd_adafruit_feather_m0\Debug\arduino-lmic-master\lmic\oslmic.c.o
                0x000046b0                os_runloop_once
 .text.writeReg
                0x000046f4       0x22 C:\Users\Jeroen Gillis\AppData\Local\Temp\VMBuilds\CommunicationModule\adafruit_adafruit_samd_adafruit_feather_m0\Debug\arduino-lmic-master\lmic\radio.c.o
 *fill*         0x00004716        0x2 
 .text.configLoraModem
                0x00004718       0xa4 C:\Users\Jeroen Gillis\AppData\Local\Temp\VMBuilds\CommunicationModule\adafruit_adafruit_samd_adafruit_feather_m0\Debug\arduino-lmic-master\lmic\radio.c.o
 *fill*         0x000047bc        0x4 
 .text.configChannel
                0x000047c0       0x48 C:\Users\Jeroen Gillis\AppData\Local\Temp\VMBuilds\CommunicationModule\adafruit_adafruit_samd_adafruit_feather_m0\Debug\arduino-lmic-master\lmic\radio.c.o
 .text.readReg  0x00004808       0x24 C:\Users\Jeroen Gillis\AppData\Local\Temp\VMBuilds\CommunicationModule\adafruit_adafruit_samd_adafruit_feather_m0\Debug\arduino-lmic-master\lmic\radio.c.o
 .text.opmode   0x0000482c       0x1c C:\Users\Jeroen Gillis\AppData\Local\Temp\VMBuilds\CommunicationModule\adafruit_adafruit_samd_adafruit_feather_m0\Debug\arduino-lmic-master\lmic\radio.c.o
 .text.configPower
                0x00004848       0x3c C:\Users\Jeroen Gillis\AppData\Local\Temp\VMBuilds\CommunicationModule\adafruit_adafruit_samd_adafruit_feather_m0\Debug\arduino-lmic-master\lmic\radio.c.o
 .text.readBuf.constprop.0
                0x00004884       0x38 C:\Users\Jeroen Gillis\AppData\Local\Temp\VMBuilds\CommunicationModule\adafruit_adafruit_samd_adafruit_feather_m0\Debug\arduino-lmic-master\lmic\radio.c.o
 .text.writeBuf.constprop.1
                0x000048bc       0x38 C:\Users\Jeroen Gillis\AppData\Local\Temp\VMBuilds\CommunicationModule\adafruit_adafruit_samd_adafruit_feather_m0\Debug\arduino-lmic-master\lmic\radio.c.o
 .text.rxlora   0x000048f4       0xc0 C:\Users\Jeroen Gillis\AppData\Local\Temp\VMBuilds\CommunicationModule\adafruit_adafruit_samd_adafruit_feather_m0\Debug\arduino-lmic-master\lmic\radio.c.o
 .text.startrx  0x000049b4      0x108 C:\Users\Jeroen Gillis\AppData\Local\Temp\VMBuilds\CommunicationModule\adafruit_adafruit_samd_adafruit_feather_m0\Debug\arduino-lmic-master\lmic\radio.c.o
 .text.radio_init
                0x00004abc       0xa0 C:\Users\Jeroen Gillis\AppData\Local\Temp\VMBuilds\CommunicationModule\adafruit_adafruit_samd_adafruit_feather_m0\Debug\arduino-lmic-master\lmic\radio.c.o
                0x00004abc                radio_init
 .text.radio_rand1
                0x00004b5c       0x38 C:\Users\Jeroen Gillis\AppData\Local\Temp\VMBuilds\CommunicationModule\adafruit_adafruit_samd_adafruit_feather_m0\Debug\arduino-lmic-master\lmic\radio.c.o
                0x00004b5c                radio_rand1
 .text.radio_irq_handler
                0x00004b94      0x118 C:\Users\Jeroen Gillis\AppData\Local\Temp\VMBuilds\CommunicationModule\adafruit_adafruit_samd_adafruit_feather_m0\Debug\arduino-lmic-master\lmic\radio.c.o
                0x00004b94                radio_irq_handler
 .text.os_radio
                0x00004cac      0x188 C:\Users\Jeroen Gillis\AppData\Local\Temp\VMBuilds\CommunicationModule\adafruit_adafruit_samd_adafruit_feather_m0\Debug\arduino-lmic-master\lmic\radio.c.o
                0x00004cac                os_radio
 .text._ZN8SPIClass4initEv
                0x00004e34       0x12 C:\Users\Jeroen Gillis\AppData\Local\Temp\VMBuilds\CommunicationModule\adafruit_adafruit_samd_adafruit_feather_m0\Debug\SPI\SPI.cpp.o
                0x00004e34                SPIClass::init()
 .text._ZN8SPIClass6configE11SPISettings
                0x00004e46       0x36 C:\Users\Jeroen Gillis\AppData\Local\Temp\VMBuilds\CommunicationModule\adafruit_adafruit_samd_adafruit_feather_m0\Debug\SPI\SPI.cpp.o
                0x00004e46                SPIClass::config(SPISettings)
 .text._ZN8SPIClass5beginEv
                0x00004e7c       0x50 C:\Users\Jeroen Gillis\AppData\Local\Temp\VMBuilds\CommunicationModule\adafruit_adafruit_samd_adafruit_feather_m0\Debug\SPI\SPI.cpp.o
                0x00004e7c                SPIClass::begin()
 .text._ZN8SPIClass3endEv
                0x00004ecc       0x10 C:\Users\Jeroen Gillis\AppData\Local\Temp\VMBuilds\CommunicationModule\adafruit_adafruit_samd_adafruit_feather_m0\Debug\SPI\SPI.cpp.o
                0x00004ecc                SPIClass::end()
 .text._ZN8SPIClass16beginTransactionE11SPISettings
                0x00004edc       0x38 C:\Users\Jeroen Gillis\AppData\Local\Temp\VMBuilds\CommunicationModule\adafruit_adafruit_samd_adafruit_feather_m0\Debug\SPI\SPI.cpp.o
                0x00004edc                SPIClass::beginTransaction(SPISettings)
 .text._ZN8SPIClass14endTransactionEv
                0x00004f14       0x24 C:\Users\Jeroen Gillis\AppData\Local\Temp\VMBuilds\CommunicationModule\adafruit_adafruit_samd_adafruit_feather_m0\Debug\SPI\SPI.cpp.o
                0x00004f14                SPIClass::endTransaction()
 .text._ZN8SPIClass8transferEh
                0x00004f38        0xa C:\Users\Jeroen Gillis\AppData\Local\Temp\VMBuilds\CommunicationModule\adafruit_adafruit_samd_adafruit_feather_m0\Debug\SPI\SPI.cpp.o
                0x00004f38                SPIClass::transfer(unsigned char)
 *fill*         0x00004f42        0x2 
 .text.startup._GLOBAL__sub_I__ZN8SPIClassC2EP6SERCOMhhh14SercomSpiTXPad11SercomRXPad
                0x00004f44       0x38 C:\Users\Jeroen Gillis\AppData\Local\Temp\VMBuilds\CommunicationModule\adafruit_adafruit_samd_adafruit_feather_m0\Debug\SPI\SPI.cpp.o
 .text._Z15reporting_setupv
                0x00004f7c        0x2 C:\Users\Jeroen Gillis\AppData\Local\Temp\VMBuilds\CommunicationModule\adafruit_adafruit_samd_adafruit_feather_m0\Debug\reporting_task.cpp.o
                0x00004f7c                reporting_setup()
 *fill*         0x00004f7e        0x2 
 .text._Z10reschedulev
                0x00004f80       0x24 C:\Users\Jeroen Gillis\AppData\Local\Temp\VMBuilds\CommunicationModule\adafruit_adafruit_samd_adafruit_feather_m0\Debug\reporting_task.cpp.o
                0x00004f80                reschedule()
 .text._Z14reporting_taskv
                0x00004fa4       0xe0 C:\Users\Jeroen Gillis\AppData\Local\Temp\VMBuilds\CommunicationModule\adafruit_adafruit_samd_adafruit_feather_m0\Debug\reporting_task.cpp.o
                0x00004fa4                reporting_task()
 .text._Z14sampling_setupv
                0x00005084        0x2 C:\Users\Jeroen Gillis\AppData\Local\Temp\VMBuilds\CommunicationModule\adafruit_adafruit_samd_adafruit_feather_m0\Debug\sampling_task.cpp.o
                0x00005084                sampling_setup()
 *fill*         0x00005086        0x2 
 .text._Z12send_commandPK7commandPh
                0x00005088       0xd0 C:\Users\Jeroen Gillis\AppData\Local\Temp\VMBuilds\CommunicationModule\adafruit_adafruit_samd_adafruit_feather_m0\Debug\sampling_task.cpp.o
                0x00005088                send_command(command const*, unsigned char*)
 .text._Z13sampling_taskv
                0x00005158       0x8c C:\Users\Jeroen Gillis\AppData\Local\Temp\VMBuilds\CommunicationModule\adafruit_adafruit_samd_adafruit_feather_m0\Debug\sampling_task.cpp.o
                0x00005158                sampling_task()
 *fill*         0x000051e4        0x4 
 .text._Z9blinkfuncP7osjob_t
                0x000051e8       0x78 C:\Users\Jeroen Gillis\AppData\Local\Temp\VMBuilds\CommunicationModule\adafruit_adafruit_samd_adafruit_feather_m0\Debug\lora_communication.cpp.o
                0x000051e8                blinkfunc(osjob_t*)
 .text.os_getArtEui
                0x00005260       0x10 C:\Users\Jeroen Gillis\AppData\Local\Temp\VMBuilds\CommunicationModule\adafruit_adafruit_samd_adafruit_feather_m0\Debug\lora_communication.cpp.o
                0x00005260                os_getArtEui
 .text.os_getDevEui
                0x00005270       0x10 C:\Users\Jeroen Gillis\AppData\Local\Temp\VMBuilds\CommunicationModule\adafruit_adafruit_samd_adafruit_feather_m0\Debug\lora_communication.cpp.o
                0x00005270                os_getDevEui
 .text.os_getDevKey
                0x00005280       0x10 C:\Users\Jeroen Gillis\AppData\Local\Temp\VMBuilds\CommunicationModule\adafruit_adafruit_samd_adafruit_feather_m0\Debug\lora_communication.cpp.o
                0x00005280                os_getDevKey
 .text.onEvent  0x00005290       0xf0 C:\Users\Jeroen Gillis\AppData\Local\Temp\VMBuilds\CommunicationModule\adafruit_adafruit_samd_adafruit_feather_m0\Debug\lora_communication.cpp.o
                0x00005290                onEvent
 .text._Z16comm_fill_reportPKhi
                0x00005380       0x40 C:\Users\Jeroen Gillis\AppData\Local\Temp\VMBuilds\CommunicationModule\adafruit_adafruit_samd_adafruit_feather_m0\Debug\lora_communication.cpp.o
                0x00005380                comm_fill_report(unsigned char const*, int)
 .text._Z10comm_abortv
                0x000053c0       0x2c C:\Users\Jeroen Gillis\AppData\Local\Temp\VMBuilds\CommunicationModule\adafruit_adafruit_samd_adafruit_feather_m0\Debug\lora_communication.cpp.o
                0x000053c0                comm_abort()
 .text._Z10comm_setupv
                0x000053ec       0x50 C:\Users\Jeroen Gillis\AppData\Local\Temp\VMBuilds\CommunicationModule\adafruit_adafruit_samd_adafruit_feather_m0\Debug\lora_communication.cpp.o
                0x000053ec                comm_setup()
 .text._Z16comm_send_reportv
                0x0000543c       0xbc C:\Users\Jeroen Gillis\AppData\Local\Temp\VMBuilds\CommunicationModule\adafruit_adafruit_samd_adafruit_feather_m0\Debug\lora_communication.cpp.o
                0x0000543c                comm_send_report()
 .text._Z5uitoatPh
                0x000054f8       0x46 C:\Users\Jeroen Gillis\AppData\Local\Temp\VMBuilds\CommunicationModule\adafruit_adafruit_samd_adafruit_feather_m0\Debug\lora_communication.cpp.o
                0x000054f8                uitoa(unsigned short, unsigned char*)
 *fill*         0x0000553e        0x2 
 .text._Z17comm_start_reportt
                0x00005540       0xa0 C:\Users\Jeroen Gillis\AppData\Local\Temp\VMBuilds\CommunicationModule\adafruit_adafruit_samd_adafruit_feather_m0\Debug\lora_communication.cpp.o
                0x00005540                comm_start_report(unsigned short)
 .text._Z10stor_setupv
                0x000055e0       0x14 C:\Users\Jeroen Gillis\AppData\Local\Temp\VMBuilds\CommunicationModule\adafruit_adafruit_samd_adafruit_feather_m0\Debug\storage_manager.cpp.o
                0x000055e0                stor_setup()
 .text._Z14stor_availablev
                0x000055f4       0x18 C:\Users\Jeroen Gillis\AppData\Local\Temp\VMBuilds\CommunicationModule\adafruit_adafruit_samd_adafruit_feather_m0\Debug\storage_manager.cpp.o
                0x000055f4                stor_available()
 .text._Z14memory_is_busyv
                0x0000560c       0x30 C:\Users\Jeroen Gillis\AppData\Local\Temp\VMBuilds\CommunicationModule\adafruit_adafruit_samd_adafruit_feather_m0\Debug\storage_manager.cpp.o
                0x0000560c                memory_is_busy()
 .text._Z11wait_memoryt
                0x0000563c       0x24 C:\Users\Jeroen Gillis\AppData\Local\Temp\VMBuilds\CommunicationModule\adafruit_adafruit_samd_adafruit_feather_m0\Debug\storage_manager.cpp.o
                0x0000563c                wait_memory(unsigned short)
 .text._Z10stor_startv
                0x00005660       0x18 C:\Users\Jeroen Gillis\AppData\Local\Temp\VMBuilds\CommunicationModule\adafruit_adafruit_samd_adafruit_feather_m0\Debug\storage_manager.cpp.o
                0x00005660                stor_start()
 .text._Z10stor_abortv
                0x00005678       0x28 C:\Users\Jeroen Gillis\AppData\Local\Temp\VMBuilds\CommunicationModule\adafruit_adafruit_samd_adafruit_feather_m0\Debug\storage_manager.cpp.o
                0x00005678                stor_abort()
 .text._Z8stor_endv
                0x000056a0       0x28 C:\Users\Jeroen Gillis\AppData\Local\Temp\VMBuilds\CommunicationModule\adafruit_adafruit_samd_adafruit_feather_m0\Debug\storage_manager.cpp.o
                0x000056a0                stor_end()
 .text._Z17write_eeprom_pagePhtt
                0x000056c8       0x84 C:\Users\Jeroen Gillis\AppData\Local\Temp\VMBuilds\CommunicationModule\adafruit_adafruit_samd_adafruit_feather_m0\Debug\storage_manager.cpp.o
                0x000056c8                write_eeprom_page(unsigned char*, unsigned short, unsigned short)
 .text._Z12write_eepromPhtt
                0x0000574c       0x48 C:\Users\Jeroen Gillis\AppData\Local\Temp\VMBuilds\CommunicationModule\adafruit_adafruit_samd_adafruit_feather_m0\Debug\storage_manager.cpp.o
                0x0000574c                write_eeprom(unsigned char*, unsigned short, unsigned short)
 .text._Z10stor_writePht
                0x00005794       0x24 C:\Users\Jeroen Gillis\AppData\Local\Temp\VMBuilds\CommunicationModule\adafruit_adafruit_samd_adafruit_feather_m0\Debug\storage_manager.cpp.o
                0x00005794                stor_write(unsigned char*, unsigned short)
 .text._Z11read_eepromPhtt
                0x000057b8       0x58 C:\Users\Jeroen Gillis\AppData\Local\Temp\VMBuilds\CommunicationModule\adafruit_adafruit_samd_adafruit_feather_m0\Debug\storage_manager.cpp.o
                0x000057b8                read_eeprom(unsigned char*, unsigned short, unsigned short)
 .text._Z9stor_readPht
                0x00005810       0x38 C:\Users\Jeroen Gillis\AppData\Local\Temp\VMBuilds\CommunicationModule\adafruit_adafruit_samd_adafruit_feather_m0\Debug\storage_manager.cpp.o
                0x00005810                stor_read(unsigned char*, unsigned short)
 .text._Z11sched_setupv
                0x00005848       0xc4 C:\Users\Jeroen Gillis\AppData\Local\Temp\VMBuilds\CommunicationModule\adafruit_adafruit_samd_adafruit_feather_m0\Debug\task_scheduler.cpp.o
                0x00005848                sched_setup()
 .text.RTC_Handler
                0x0000590c       0x2c C:\Users\Jeroen Gillis\AppData\Local\Temp\VMBuilds\CommunicationModule\adafruit_adafruit_samd_adafruit_feather_m0\Debug\task_scheduler.cpp.o
                0x0000590c                RTC_Handler
 .text._Z14sched_add_taskPFvvEll
                0x00005938       0x38 C:\Users\Jeroen Gillis\AppData\Local\Temp\VMBuilds\CommunicationModule\adafruit_adafruit_samd_adafruit_feather_m0\Debug\task_scheduler.cpp.o
                0x00005938                sched_add_task(void (*)(), long, long)
 .text._Z11sched_sleepv
                0x00005970       0x14 C:\Users\Jeroen Gillis\AppData\Local\Temp\VMBuilds\CommunicationModule\adafruit_adafruit_samd_adafruit_feather_m0\Debug\task_scheduler.cpp.o
                0x00005970                sched_sleep()
 .text._Z14sched_mainloopv
                0x00005984       0x60 C:\Users\Jeroen Gillis\AppData\Local\Temp\VMBuilds\CommunicationModule\adafruit_adafruit_samd_adafruit_feather_m0\Debug\task_scheduler.cpp.o
                0x00005984                sched_mainloop()
 .text.SERCOM0_Handler
                0x000059e4       0x10 C:\Users\Jeroen Gillis\AppData\Local\Temp\VMBuilds\CommunicationModule\adafruit_adafruit_samd_adafruit_feather_m0\Debug\variant\variant.cpp.o
                0x000059e4                SERCOM0_Handler
 .text.SERCOM5_Handler
                0x000059f4       0x10 C:\Users\Jeroen Gillis\AppData\Local\Temp\VMBuilds\CommunicationModule\adafruit_adafruit_samd_adafruit_feather_m0\Debug\variant\variant.cpp.o
                0x000059f4                SERCOM5_Handler
 .text.startup._GLOBAL__sub_I_g_APinDescription
                0x00005a04       0x94 C:\Users\Jeroen Gillis\AppData\Local\Temp\VMBuilds\CommunicationModule\adafruit_adafruit_samd_adafruit_feather_m0\Debug\variant\variant.cpp.o
 .text.Dummy_Handler
                0x00005a98        0x2 C:\Users\Jeroen Gillis\AppData\Local\Temp\VMBuilds\CommunicationModule\adafruit_adafruit_samd_adafruit_feather_m0\Debug/core.a(cortex_handlers.c.o)
                0x00005a98                DMAC_Handler
                0x00005a98                HardFault_Handler
                0x00005a98                AC_Handler
                0x00005a98                PendSV_Handler
                0x00005a98                NMI_Handler
                0x00005a98                TC7_Handler
                0x00005a98                SERCOM1_Handler
                0x00005a98                ADC_Handler
                0x00005a98                TCC1_Handler
                0x00005a98                SERCOM2_Handler
                0x00005a98                TCC0_Handler
                0x00005a98                EIC_Handler
                0x00005a98                TC6_Handler
                0x00005a98                WDT_Handler
                0x00005a98                TC4_Handler
                0x00005a98                TC3_Handler
                0x00005a98                Dummy_Handler
                0x00005a98                PM_Handler
                0x00005a98                SVC_Handler
                0x00005a98                TCC2_Handler
                0x00005a98                EVSYS_Handler
                0x00005a98                SERCOM3_Handler
                0x00005a98                SERCOM4_Handler
                0x00005a98                I2S_Handler
                0x00005a98                NVMCTRL_Handler
                0x00005a98                DAC_Handler
                0x00005a98                PTC_Handler
                0x00005a98                SYSCTRL_Handler
 *fill*         0x00005a9a        0x2 
 .text.USB_Handler
                0x00005a9c       0x14 C:\Users\Jeroen Gillis\AppData\Local\Temp\VMBuilds\CommunicationModule\adafruit_adafruit_samd_adafruit_feather_m0\Debug/core.a(cortex_handlers.c.o)
                0x00005a9c                USB_Handler
 .text.Reset_Handler
                0x00005ab0       0x54 C:\Users\Jeroen Gillis\AppData\Local\Temp\VMBuilds\CommunicationModule\adafruit_adafruit_samd_adafruit_feather_m0\Debug/core.a(cortex_handlers.c.o)
                0x00005ab0                Reset_Handler
 .text.SysTick_Handler
                0x00005b04       0x10 C:\Users\Jeroen Gillis\AppData\Local\Temp\VMBuilds\CommunicationModule\adafruit_adafruit_samd_adafruit_feather_m0\Debug/core.a(cortex_handlers.c.o)
                0x00005b04                SysTick_Handler
 .text.USB_SetHandler
                0x00005b14        0xc C:\Users\Jeroen Gillis\AppData\Local\Temp\VMBuilds\CommunicationModule\adafruit_adafruit_samd_adafruit_feather_m0\Debug/core.a(cortex_handlers.c.o)
                0x00005b14                USB_SetHandler
 .text.millis   0x00005b20        0xc C:\Users\Jeroen Gillis\AppData\Local\Temp\VMBuilds\CommunicationModule\adafruit_adafruit_samd_adafruit_feather_m0\Debug/core.a(delay.c.o)
                0x00005b20                millis
 .text.micros   0x00005b2c       0x64 C:\Users\Jeroen Gillis\AppData\Local\Temp\VMBuilds\CommunicationModule\adafruit_adafruit_samd_adafruit_feather_m0\Debug/core.a(delay.c.o)
                0x00005b2c                micros
 .text.delay    0x00005b90       0x20 C:\Users\Jeroen Gillis\AppData\Local\Temp\VMBuilds\CommunicationModule\adafruit_adafruit_samd_adafruit_feather_m0\Debug/core.a(delay.c.o)
                0x00005b90                delay
 .text.SysTick_DefaultHandler
                0x00005bb0       0x14 C:\Users\Jeroen Gillis\AppData\Local\Temp\VMBuilds\CommunicationModule\adafruit_adafruit_samd_adafruit_feather_m0\Debug/core.a(delay.c.o)
                0x00005bb0                SysTick_DefaultHandler
 .text.__empty  0x00005bc4        0x2 C:\Users\Jeroen Gillis\AppData\Local\Temp\VMBuilds\CommunicationModule\adafruit_adafruit_samd_adafruit_feather_m0\Debug/core.a(hooks.c.o)
                0x00005bc4                yield
 .text.__false  0x00005bc6        0x4 C:\Users\Jeroen Gillis\AppData\Local\Temp\VMBuilds\CommunicationModule\adafruit_adafruit_samd_adafruit_feather_m0\Debug/core.a(hooks.c.o)
                0x00005bc6                sysTickHook
 *fill*         0x00005bca        0x2 
 .text.SystemInit
                0x00005bcc      0x168 C:\Users\Jeroen Gillis\AppData\Local\Temp\VMBuilds\CommunicationModule\adafruit_adafruit_samd_adafruit_feather_m0\Debug/core.a(startup.c.o)
                0x00005bcc                SystemInit
 .text.init     0x00005d34       0xf0 C:\Users\Jeroen Gillis\AppData\Local\Temp\VMBuilds\CommunicationModule\adafruit_adafruit_samd_adafruit_feather_m0\Debug/core.a(wiring.c.o)
                0x00005d34                init
 .text.analogReference
                0x00005e24       0x5c C:\Users\Jeroen Gillis\AppData\Local\Temp\VMBuilds\CommunicationModule\adafruit_adafruit_samd_adafruit_feather_m0\Debug/core.a(wiring_analog.c.o)
                0x00005e24                analogReference
 .text.pinMode  0x00005e80       0xb4 C:\Users\Jeroen Gillis\AppData\Local\Temp\VMBuilds\CommunicationModule\adafruit_adafruit_samd_adafruit_feather_m0\Debug/core.a(wiring_digital.c.o)
                0x00005e80                pinMode
 .text.digitalWrite
                0x00005f34       0x60 C:\Users\Jeroen Gillis\AppData\Local\Temp\VMBuilds\CommunicationModule\adafruit_adafruit_samd_adafruit_feather_m0\Debug/core.a(wiring_digital.c.o)
                0x00005f34                digitalWrite
 .text.digitalRead
                0x00005f94       0x30 C:\Users\Jeroen Gillis\AppData\Local\Temp\VMBuilds\CommunicationModule\adafruit_adafruit_samd_adafruit_feather_m0\Debug/core.a(wiring_digital.c.o)
                0x00005f94                digitalRead
 .text.pinPeripheral
                0x00005fc4       0xc4 C:\Users\Jeroen Gillis\AppData\Local\Temp\VMBuilds\CommunicationModule\adafruit_adafruit_samd_adafruit_feather_m0\Debug/core.a(wiring_private.c.o)
                0x00005fc4                pinPeripheral
 .text._Z11initVariantv
                0x00006088        0x2 C:\Users\Jeroen Gillis\AppData\Local\Temp\VMBuilds\CommunicationModule\adafruit_adafruit_samd_adafruit_feather_m0\Debug/core.a(main.cpp.o)
                0x00006088                initVariant()
 *fill*         0x0000608a        0x2 
 .text.startup.main
                0x0000608c       0x40 C:\Users\Jeroen Gillis\AppData\Local\Temp\VMBuilds\CommunicationModule\adafruit_adafruit_samd_adafruit_feather_m0\Debug/core.a(main.cpp.o)
                0x0000608c                main
 .text._ZN5Print5writeEPKhj
                0x000060cc       0x28 C:\Users\Jeroen Gillis\AppData\Local\Temp\VMBuilds\CommunicationModule\adafruit_adafruit_samd_adafruit_feather_m0\Debug/core.a(Print.cpp.o)
                0x000060cc                Print::write(unsigned char const*, unsigned int)
 .text._ZN5Print5printEmi.part.3
                0x000060f4        0xc C:\Users\Jeroen Gillis\AppData\Local\Temp\VMBuilds\CommunicationModule\adafruit_adafruit_samd_adafruit_feather_m0\Debug/core.a(Print.cpp.o)
 .text._ZN5Print5writeEPKc
                0x00006100       0x1c C:\Users\Jeroen Gillis\AppData\Local\Temp\VMBuilds\CommunicationModule\adafruit_adafruit_samd_adafruit_feather_m0\Debug/core.a(Print.cpp.o)
                0x00006100                Print::write(char const*)
 .text._ZN5Print5printEPKc
                0x0000611c        0x8 C:\Users\Jeroen Gillis\AppData\Local\Temp\VMBuilds\CommunicationModule\adafruit_adafruit_samd_adafruit_feather_m0\Debug/core.a(Print.cpp.o)
                0x0000611c                Print::print(char const*)
 .text._ZN5Print5printEc
                0x00006124        0xa C:\Users\Jeroen Gillis\AppData\Local\Temp\VMBuilds\CommunicationModule\adafruit_adafruit_samd_adafruit_feather_m0\Debug/core.a(Print.cpp.o)
                0x00006124                Print::print(char)
 *fill*         0x0000612e        0x2 
 .text._ZN5Print7printlnEv
                0x00006130       0x10 C:\Users\Jeroen Gillis\AppData\Local\Temp\VMBuilds\CommunicationModule\adafruit_adafruit_samd_adafruit_feather_m0\Debug/core.a(Print.cpp.o)
                0x00006130                Print::println()
 .text._ZN5Print7printlnEPK19__FlashStringHelper
                0x00006140       0x14 C:\Users\Jeroen Gillis\AppData\Local\Temp\VMBuilds\CommunicationModule\adafruit_adafruit_samd_adafruit_feather_m0\Debug/core.a(Print.cpp.o)
                0x00006140                Print::println(__FlashStringHelper const*)
 .text._ZN5Print7printlnEPKc
                0x00006154       0x14 C:\Users\Jeroen Gillis\AppData\Local\Temp\VMBuilds\CommunicationModule\adafruit_adafruit_samd_adafruit_feather_m0\Debug/core.a(Print.cpp.o)
                0x00006154                Print::println(char const*)
 .text._ZN5Print11printNumberEmh
                0x00006168       0x4e C:\Users\Jeroen Gillis\AppData\Local\Temp\VMBuilds\CommunicationModule\adafruit_adafruit_samd_adafruit_feather_m0\Debug/core.a(Print.cpp.o)
                0x00006168                Print::printNumber(unsigned long, unsigned char)
 .text._ZN5Print5printEli
                0x000061b6       0x3c C:\Users\Jeroen Gillis\AppData\Local\Temp\VMBuilds\CommunicationModule\adafruit_adafruit_samd_adafruit_feather_m0\Debug/core.a(Print.cpp.o)
                0x000061b6                Print::print(long, int)
 .text._ZN5Print5printEii
                0x000061f2        0x8 C:\Users\Jeroen Gillis\AppData\Local\Temp\VMBuilds\CommunicationModule\adafruit_adafruit_samd_adafruit_feather_m0\Debug/core.a(Print.cpp.o)
                0x000061f2                Print::print(int, int)
 .text._ZN5Print7printlnEii
                0x000061fa       0x14 C:\Users\Jeroen Gillis\AppData\Local\Temp\VMBuilds\CommunicationModule\adafruit_adafruit_samd_adafruit_feather_m0\Debug/core.a(Print.cpp.o)
                0x000061fa                Print::println(int, int)
 .text._ZN5Print5printEmi
                0x0000620e       0x14 C:\Users\Jeroen Gillis\AppData\Local\Temp\VMBuilds\CommunicationModule\adafruit_adafruit_samd_adafruit_feather_m0\Debug/core.a(Print.cpp.o)
                0x0000620e                Print::print(unsigned long, int)
 .text._ZN5Print7printlnEhi
                0x00006222       0x14 C:\Users\Jeroen Gillis\AppData\Local\Temp\VMBuilds\CommunicationModule\adafruit_adafruit_samd_adafruit_feather_m0\Debug/core.a(Print.cpp.o)
                0x00006222                Print::println(unsigned char, int)
 *fill*         0x00006236        0x2 
 .text.initiateReset
                0x00006238        0xc C:\Users\Jeroen Gillis\AppData\Local\Temp\VMBuilds\CommunicationModule\adafruit_adafruit_samd_adafruit_feather_m0\Debug/core.a(Reset.cpp.o)
                0x00006238                initiateReset
 .text.cancelReset
                0x00006244       0x10 C:\Users\Jeroen Gillis\AppData\Local\Temp\VMBuilds\CommunicationModule\adafruit_adafruit_samd_adafruit_feather_m0\Debug/core.a(Reset.cpp.o)
                0x00006244                cancelReset
 .text.tickReset
                0x00006254       0x74 C:\Users\Jeroen Gillis\AppData\Local\Temp\VMBuilds\CommunicationModule\adafruit_adafruit_samd_adafruit_feather_m0\Debug/core.a(Reset.cpp.o)
                0x00006254                tickReset
 .text._ZN6SERCOMC2EP6Sercom
                0x000062c8        0x4 C:\Users\Jeroen Gillis\AppData\Local\Temp\VMBuilds\CommunicationModule\adafruit_adafruit_samd_adafruit_feather_m0\Debug/core.a(SERCOM.cpp.o)
                0x000062c8                SERCOM::SERCOM(Sercom*)
                0x000062c8                SERCOM::SERCOM(Sercom*)
 .text._ZN6SERCOM9initFrameE18SercomUartCharSize15SercomDataOrder16SercomParityMode19SercomNumberStopBit
                0x000062cc       0x38 C:\Users\Jeroen Gillis\AppData\Local\Temp\VMBuilds\CommunicationModule\adafruit_adafruit_samd_adafruit_feather_m0\Debug/core.a(SERCOM.cpp.o)
                0x000062cc                SERCOM::initFrame(SercomUartCharSize, SercomDataOrder, SercomParityMode, SercomNumberStopBit)
 .text._ZN6SERCOM8initPadsE15SercomUartTXPad11SercomRXPad
                0x00006304       0x26 C:\Users\Jeroen Gillis\AppData\Local\Temp\VMBuilds\CommunicationModule\adafruit_adafruit_samd_adafruit_feather_m0\Debug/core.a(SERCOM.cpp.o)
                0x00006304                SERCOM::initPads(SercomUartTXPad, SercomRXPad)
 .text._ZN6SERCOM9resetUARTEv
                0x0000632a       0x1c C:\Users\Jeroen Gillis\AppData\Local\Temp\VMBuilds\CommunicationModule\adafruit_adafruit_samd_adafruit_feather_m0\Debug/core.a(SERCOM.cpp.o)
                0x0000632a                SERCOM::resetUART()
 .text._ZN6SERCOM10enableUARTEv
                0x00006346       0x14 C:\Users\Jeroen Gillis\AppData\Local\Temp\VMBuilds\CommunicationModule\adafruit_adafruit_samd_adafruit_feather_m0\Debug/core.a(SERCOM.cpp.o)
                0x00006346                SERCOM::enableUART()
 .text._ZN6SERCOM9flushUARTEv
                0x0000635a       0x10 C:\Users\Jeroen Gillis\AppData\Local\Temp\VMBuilds\CommunicationModule\adafruit_adafruit_samd_adafruit_feather_m0\Debug/core.a(SERCOM.cpp.o)
                0x0000635a                SERCOM::flushUART()
 .text._ZN6SERCOM15clearStatusUARTEv
                0x0000636a        0x8 C:\Users\Jeroen Gillis\AppData\Local\Temp\VMBuilds\CommunicationModule\adafruit_adafruit_samd_adafruit_feather_m0\Debug/core.a(SERCOM.cpp.o)
                0x0000636a                SERCOM::clearStatusUART()
 .text._ZN6SERCOM17availableDataUARTEv
                0x00006372        0xa C:\Users\Jeroen Gillis\AppData\Local\Temp\VMBuilds\CommunicationModule\adafruit_adafruit_samd_adafruit_feather_m0\Debug/core.a(SERCOM.cpp.o)
                0x00006372                SERCOM::availableDataUART()
 .text._ZN6SERCOM11isUARTErrorEv
                0x0000637c        0x8 C:\Users\Jeroen Gillis\AppData\Local\Temp\VMBuilds\CommunicationModule\adafruit_adafruit_samd_adafruit_feather_m0\Debug/core.a(SERCOM.cpp.o)
                0x0000637c                SERCOM::isUARTError()
 .text._ZN6SERCOM20acknowledgeUARTErrorEv
                0x00006384        0xe C:\Users\Jeroen Gillis\AppData\Local\Temp\VMBuilds\CommunicationModule\adafruit_adafruit_samd_adafruit_feather_m0\Debug/core.a(SERCOM.cpp.o)
                0x00006384                SERCOM::acknowledgeUARTError()
 .text._ZN6SERCOM12readDataUARTEv
                0x00006392        0x8 C:\Users\Jeroen Gillis\AppData\Local\Temp\VMBuilds\CommunicationModule\adafruit_adafruit_samd_adafruit_feather_m0\Debug/core.a(SERCOM.cpp.o)
                0x00006392                SERCOM::readDataUART()
 .text._ZN6SERCOM13writeDataUARTEh
                0x0000639a        0xe C:\Users\Jeroen Gillis\AppData\Local\Temp\VMBuilds\CommunicationModule\adafruit_adafruit_samd_adafruit_feather_m0\Debug/core.a(SERCOM.cpp.o)
                0x0000639a                SERCOM::writeDataUART(unsigned char)
 .text._ZN6SERCOM12initSPIClockE18SercomSpiClockModem
                0x000063a8       0x30 C:\Users\Jeroen Gillis\AppData\Local\Temp\VMBuilds\CommunicationModule\adafruit_adafruit_samd_adafruit_feather_m0\Debug/core.a(SERCOM.cpp.o)
                0x000063a8                SERCOM::initSPIClock(SercomSpiClockMode, unsigned long)
 .text._ZN6SERCOM8resetSPIEv
                0x000063d8       0x1c C:\Users\Jeroen Gillis\AppData\Local\Temp\VMBuilds\CommunicationModule\adafruit_adafruit_samd_adafruit_feather_m0\Debug/core.a(SERCOM.cpp.o)
                0x000063d8                SERCOM::resetSPI()
 .text._ZN6SERCOM9enableSPIEv
                0x000063f4       0x14 C:\Users\Jeroen Gillis\AppData\Local\Temp\VMBuilds\CommunicationModule\adafruit_adafruit_samd_adafruit_feather_m0\Debug/core.a(SERCOM.cpp.o)
                0x000063f4                SERCOM::enableSPI()
 .text._ZN6SERCOM10disableSPIEv
                0x00006408       0x12 C:\Users\Jeroen Gillis\AppData\Local\Temp\VMBuilds\CommunicationModule\adafruit_adafruit_samd_adafruit_feather_m0\Debug/core.a(SERCOM.cpp.o)
                0x00006408                SERCOM::disableSPI()
 .text._ZN6SERCOM15transferDataSPIEh
                0x0000641a       0x1a C:\Users\Jeroen Gillis\AppData\Local\Temp\VMBuilds\CommunicationModule\adafruit_adafruit_samd_adafruit_feather_m0\Debug/core.a(SERCOM.cpp.o)
                0x0000641a                SERCOM::transferDataSPI(unsigned char)
 .text._ZN6SERCOM13initClockNVICEv
                0x00006434       0xac C:\Users\Jeroen Gillis\AppData\Local\Temp\VMBuilds\CommunicationModule\adafruit_adafruit_samd_adafruit_feather_m0\Debug/core.a(SERCOM.cpp.o)
                0x00006434                SERCOM::initClockNVIC()
 .text._ZN6SERCOM8initUARTE14SercomUartMode20SercomUartSampleRatem
                0x000064e0       0x6c C:\Users\Jeroen Gillis\AppData\Local\Temp\VMBuilds\CommunicationModule\adafruit_adafruit_samd_adafruit_feather_m0\Debug/core.a(SERCOM.cpp.o)
                0x000064e0                SERCOM::initUART(SercomUartMode, SercomUartSampleRate, unsigned long)
 .text._ZN6SERCOM7initSPIE14SercomSpiTXPad11SercomRXPad17SercomSpiCharSize15SercomDataOrder
                0x0000654c       0x48 C:\Users\Jeroen Gillis\AppData\Local\Temp\VMBuilds\CommunicationModule\adafruit_adafruit_samd_adafruit_feather_m0\Debug/core.a(SERCOM.cpp.o)
                0x0000654c                SERCOM::initSPI(SercomSpiTXPad, SercomRXPad, SercomSpiCharSize, SercomDataOrder)
 .text._ZN6Stream9timedReadEv
                0x00006594       0x2a C:\Users\Jeroen Gillis\AppData\Local\Temp\VMBuilds\CommunicationModule\adafruit_adafruit_samd_adafruit_feather_m0\Debug/core.a(Stream.cpp.o)
                0x00006594                Stream::timedRead()
 .text._ZN6Stream10setTimeoutEm
                0x000065be        0x4 C:\Users\Jeroen Gillis\AppData\Local\Temp\VMBuilds\CommunicationModule\adafruit_adafruit_samd_adafruit_feather_m0\Debug/core.a(Stream.cpp.o)
                0x000065be                Stream::setTimeout(unsigned long)
 .text._ZN6Stream9readBytesEPcj
                0x000065c2       0x28 C:\Users\Jeroen Gillis\AppData\Local\Temp\VMBuilds\CommunicationModule\adafruit_adafruit_samd_adafruit_feather_m0\Debug/core.a(Stream.cpp.o)
                0x000065c2                Stream::readBytes(char*, unsigned int)
 .text._ZN4UartcvbEv
                0x000065ea        0x4 C:\Users\Jeroen Gillis\AppData\Local\Temp\VMBuilds\CommunicationModule\adafruit_adafruit_samd_adafruit_feather_m0\Debug/core.a(Uart.cpp.o)
                0x000065ea                Uart::operator bool()
 *fill*         0x000065ee        0x2 
 .text._ZN4Uart5beginEm
                0x000065f0       0x10 C:\Users\Jeroen Gillis\AppData\Local\Temp\VMBuilds\CommunicationModule\adafruit_adafruit_samd_adafruit_feather_m0\Debug/core.a(Uart.cpp.o)
                0x000065f0                Uart::begin(unsigned long)
 .text._ZN4Uart3endEv
                0x00006600       0x14 C:\Users\Jeroen Gillis\AppData\Local\Temp\VMBuilds\CommunicationModule\adafruit_adafruit_samd_adafruit_feather_m0\Debug/core.a(Uart.cpp.o)
                0x00006600                Uart::end()
 .text._ZN4Uart5flushEv
                0x00006614        0xa C:\Users\Jeroen Gillis\AppData\Local\Temp\VMBuilds\CommunicationModule\adafruit_adafruit_samd_adafruit_feather_m0\Debug/core.a(Uart.cpp.o)
                0x00006614                Uart::flush()
 .text._ZN4Uart9availableEv
                0x0000661e        0xa C:\Users\Jeroen Gillis\AppData\Local\Temp\VMBuilds\CommunicationModule\adafruit_adafruit_samd_adafruit_feather_m0\Debug/core.a(Uart.cpp.o)
                0x0000661e                Uart::available()
 .text._ZN4Uart4peekEv
                0x00006628        0xa C:\Users\Jeroen Gillis\AppData\Local\Temp\VMBuilds\CommunicationModule\adafruit_adafruit_samd_adafruit_feather_m0\Debug/core.a(Uart.cpp.o)
                0x00006628                Uart::peek()
 .text._ZN4Uart4readEv
                0x00006632        0xa C:\Users\Jeroen Gillis\AppData\Local\Temp\VMBuilds\CommunicationModule\adafruit_adafruit_samd_adafruit_feather_m0\Debug/core.a(Uart.cpp.o)
                0x00006632                Uart::read()
 .text._ZN4Uart5writeEh
                0x0000663c        0xc C:\Users\Jeroen Gillis\AppData\Local\Temp\VMBuilds\CommunicationModule\adafruit_adafruit_samd_adafruit_feather_m0\Debug/core.a(Uart.cpp.o)
                0x0000663c                Uart::write(unsigned char)
 .text._ZN4UartC2EP6SERCOMhh11SercomRXPad15SercomUartTXPad
                0x00006648       0x48 C:\Users\Jeroen Gillis\AppData\Local\Temp\VMBuilds\CommunicationModule\adafruit_adafruit_samd_adafruit_feather_m0\Debug/core.a(Uart.cpp.o)
                0x00006648                Uart::Uart(SERCOM*, unsigned char, unsigned char, SercomRXPad, SercomUartTXPad)
                0x00006648                Uart::Uart(SERCOM*, unsigned char, unsigned char, SercomRXPad, SercomUartTXPad)
 .text._ZN4Uart10IrqHandlerEv
                0x00006690       0x36 C:\Users\Jeroen Gillis\AppData\Local\Temp\VMBuilds\CommunicationModule\adafruit_adafruit_samd_adafruit_feather_m0\Debug/core.a(Uart.cpp.o)
                0x00006690                Uart::IrqHandler()
 .text._ZN4Uart16extractNbStopBitEt
                0x000066c6        0xe C:\Users\Jeroen Gillis\AppData\Local\Temp\VMBuilds\CommunicationModule\adafruit_adafruit_samd_adafruit_feather_m0\Debug/core.a(Uart.cpp.o)
                0x000066c6                Uart::extractNbStopBit(unsigned short)
 .text._ZN4Uart15extractCharSizeEt
                0x000066d4       0x2c C:\Users\Jeroen Gillis\AppData\Local\Temp\VMBuilds\CommunicationModule\adafruit_adafruit_samd_adafruit_feather_m0\Debug/core.a(Uart.cpp.o)
                0x000066d4                Uart::extractCharSize(unsigned short)
 .text._ZN4Uart13extractParityEt
                0x00006700       0x18 C:\Users\Jeroen Gillis\AppData\Local\Temp\VMBuilds\CommunicationModule\adafruit_adafruit_samd_adafruit_feather_m0\Debug/core.a(Uart.cpp.o)
                0x00006700                Uart::extractParity(unsigned short)
 .text._ZN4Uart5beginEmt
                0x00006718       0x88 C:\Users\Jeroen Gillis\AppData\Local\Temp\VMBuilds\CommunicationModule\adafruit_adafruit_samd_adafruit_feather_m0\Debug/core.a(Uart.cpp.o)
                0x00006718                Uart::begin(unsigned long, unsigned short)
 .text._ZN7Serial_17availableForWriteEv
                0x000067a0        0x4 C:\Users\Jeroen Gillis\AppData\Local\Temp\VMBuilds\CommunicationModule\adafruit_adafruit_samd_adafruit_feather_m0\Debug/core.a(CDC.cpp.o)
                0x000067a0                Serial_::availableForWrite()
 .text._ZN7Serial_5writeEh
                0x000067a4       0x14 C:\Users\Jeroen Gillis\AppData\Local\Temp\VMBuilds\CommunicationModule\adafruit_adafruit_samd_adafruit_feather_m0\Debug/core.a(CDC.cpp.o)
                0x000067a4                Serial_::write(unsigned char)
 .text._ZN7Serial_9availableEv
                0x000067b8        0xc C:\Users\Jeroen Gillis\AppData\Local\Temp\VMBuilds\CommunicationModule\adafruit_adafruit_samd_adafruit_feather_m0\Debug/core.a(CDC.cpp.o)
                0x000067b8                Serial_::available()
 .text._ZN7Serial_5flushEv
                0x000067c4        0xc C:\Users\Jeroen Gillis\AppData\Local\Temp\VMBuilds\CommunicationModule\adafruit_adafruit_samd_adafruit_feather_m0\Debug/core.a(CDC.cpp.o)
                0x000067c4                Serial_::flush()
 .text._ZN7Serial_5writeEPKhj
                0x000067d0       0x1c C:\Users\Jeroen Gillis\AppData\Local\Temp\VMBuilds\CommunicationModule\adafruit_adafruit_samd_adafruit_feather_m0\Debug/core.a(CDC.cpp.o)
                0x000067d0                Serial_::write(unsigned char const*, unsigned int)
 .text._ZN7Serial_4peekEv
                0x000067ec       0x1c C:\Users\Jeroen Gillis\AppData\Local\Temp\VMBuilds\CommunicationModule\adafruit_adafruit_samd_adafruit_feather_m0\Debug/core.a(CDC.cpp.o)
                0x000067ec                Serial_::peek()
 .text._ZN7Serial_4readEv
                0x00006808       0x24 C:\Users\Jeroen Gillis\AppData\Local\Temp\VMBuilds\CommunicationModule\adafruit_adafruit_samd_adafruit_feather_m0\Debug/core.a(CDC.cpp.o)
                0x00006808                Serial_::read()
 .text._Z16CDC_GetInterfacePh
                0x0000682c       0x1c C:\Users\Jeroen Gillis\AppData\Local\Temp\VMBuilds\CommunicationModule\adafruit_adafruit_samd_adafruit_feather_m0\Debug/core.a(CDC.cpp.o)
                0x0000682c                CDC_GetInterface(unsigned char*)
 .text._Z9CDC_SetupR8USBSetup
                0x00006848       0x80 C:\Users\Jeroen Gillis\AppData\Local\Temp\VMBuilds\CommunicationModule\adafruit_adafruit_samd_adafruit_feather_m0\Debug/core.a(CDC.cpp.o)
                0x00006848                CDC_Setup(USBSetup&)
 .text._ZN7Serial_5beginEm
                0x000068c8        0x2 C:\Users\Jeroen Gillis\AppData\Local\Temp\VMBuilds\CommunicationModule\adafruit_adafruit_samd_adafruit_feather_m0\Debug/core.a(CDC.cpp.o)
                0x000068c8                Serial_::begin(unsigned long)
 *fill*         0x000068ca        0x2 
 .text._ZN7Serial_cvbEv
                0x000068cc       0x28 C:\Users\Jeroen Gillis\AppData\Local\Temp\VMBuilds\CommunicationModule\adafruit_adafruit_samd_adafruit_feather_m0\Debug/core.a(CDC.cpp.o)
                0x000068cc                Serial_::operator bool()
 .text.startup._GLOBAL__sub_I__Z17_CDC_GetInterfacev
                0x000068f4       0x28 C:\Users\Jeroen Gillis\AppData\Local\Temp\VMBuilds\CommunicationModule\adafruit_adafruit_samd_adafruit_feather_m0\Debug/core.a(CDC.cpp.o)
 .text._ZN14USBDeviceClass6initEPEmm.part.4
                0x0000691c       0x80 C:\Users\Jeroen Gillis\AppData\Local\Temp\VMBuilds\CommunicationModule\adafruit_adafruit_samd_adafruit_feather_m0\Debug/core.a(USBCore.cpp.o)
 .text._ZN20USBDevice_SAMD21G18x5resetEv
                0x0000699c       0x28 C:\Users\Jeroen Gillis\AppData\Local\Temp\VMBuilds\CommunicationModule\adafruit_adafruit_samd_adafruit_feather_m0\Debug/core.a(USBCore.cpp.o)
                0x0000699c                USBDevice_SAMD21G18x::reset()
 .text._ZN20USBDevice_SAMD21G18x9calibrateEv
                0x000069c4       0x5c C:\Users\Jeroen Gillis\AppData\Local\Temp\VMBuilds\CommunicationModule\adafruit_adafruit_samd_adafruit_feather_m0\Debug/core.a(USBCore.cpp.o)
                0x000069c4                USBDevice_SAMD21G18x::calibrate()
 .text._ZN7__GuardC2Ev
                0x00006a20        0xe C:\Users\Jeroen Gillis\AppData\Local\Temp\VMBuilds\CommunicationModule\adafruit_adafruit_samd_adafruit_feather_m0\Debug/core.a(USBCore.cpp.o)
                0x00006a20                __Guard::__Guard()
                0x00006a20                __Guard::__Guard()
 .text._ZN7__GuardD2Ev
                0x00006a2e        0xe C:\Users\Jeroen Gillis\AppData\Local\Temp\VMBuilds\CommunicationModule\adafruit_adafruit_samd_adafruit_feather_m0\Debug/core.a(USBCore.cpp.o)
                0x00006a2e                __Guard::~__Guard()
                0x00006a2e                __Guard::~__Guard()
 .text._ZNK26DoubleBufferedEPOutHandler9availableEv
                0x00006a3c       0x5e C:\Users\Jeroen Gillis\AppData\Local\Temp\VMBuilds\CommunicationModule\adafruit_adafruit_samd_adafruit_feather_m0\Debug/core.a(USBCore.cpp.o)
                0x00006a3c                DoubleBufferedEPOutHandler::available() const
 *fill*         0x00006a9a        0x2 
 .text._ZN26DoubleBufferedEPOutHandler7releaseEv
                0x00006a9c       0x58 C:\Users\Jeroen Gillis\AppData\Local\Temp\VMBuilds\CommunicationModule\adafruit_adafruit_samd_adafruit_feather_m0\Debug/core.a(USBCore.cpp.o)
                0x00006a9c                DoubleBufferedEPOutHandler::release()
 .text._ZN26DoubleBufferedEPOutHandler4recvEPvm
                0x00006af4      0x11c C:\Users\Jeroen Gillis\AppData\Local\Temp\VMBuilds\CommunicationModule\adafruit_adafruit_samd_adafruit_feather_m0\Debug/core.a(USBCore.cpp.o)
                0x00006af4                DoubleBufferedEPOutHandler::recv(void*, unsigned long)
 .text._ZN26DoubleBufferedEPOutHandler14handleEndpointEv
                0x00006c10       0xc4 C:\Users\Jeroen Gillis\AppData\Local\Temp\VMBuilds\CommunicationModule\adafruit_adafruit_samd_adafruit_feather_m0\Debug/core.a(USBCore.cpp.o)
                0x00006c10                DoubleBufferedEPOutHandler::handleEndpoint()
 .text._ZN14USBDeviceClass14SendInterfacesEPm
                0x00006cd4       0x2c C:\Users\Jeroen Gillis\AppData\Local\Temp\VMBuilds\CommunicationModule\adafruit_adafruit_samd_adafruit_feather_m0\Debug/core.a(USBCore.cpp.o)
                0x00006cd4                USBDeviceClass::SendInterfaces(unsigned long*)
 .text._ZN14USBDeviceClass14handleEndpointEh
                0x00006d00       0x40 C:\Users\Jeroen Gillis\AppData\Local\Temp\VMBuilds\CommunicationModule\adafruit_adafruit_samd_adafruit_feather_m0\Debug/core.a(USBCore.cpp.o)
                0x00006d00                USBDeviceClass::handleEndpoint(unsigned char)
 .text._ZN14USBDeviceClass4initEv
                0x00006d40       0xf0 C:\Users\Jeroen Gillis\AppData\Local\Temp\VMBuilds\CommunicationModule\adafruit_adafruit_samd_adafruit_feather_m0\Debug/core.a(USBCore.cpp.o)
                0x00006d40                USBDeviceClass::init()
 .text._ZN14USBDeviceClass6attachEv
                0x00006e30       0x34 C:\Users\Jeroen Gillis\AppData\Local\Temp\VMBuilds\CommunicationModule\adafruit_adafruit_samd_adafruit_feather_m0\Debug/core.a(USBCore.cpp.o)
                0x00006e30                USBDeviceClass::attach()
 .text._ZN14USBDeviceClass10setAddressEm
                0x00006e64       0x48 C:\Users\Jeroen Gillis\AppData\Local\Temp\VMBuilds\CommunicationModule\adafruit_adafruit_samd_adafruit_feather_m0\Debug/core.a(USBCore.cpp.o)
                0x00006e64                USBDeviceClass::setAddress(unsigned long)
 .text._ZN14USBDeviceClass25handleClassInterfaceSetupER8USBSetup
                0x00006eac       0x40 C:\Users\Jeroen Gillis\AppData\Local\Temp\VMBuilds\CommunicationModule\adafruit_adafruit_samd_adafruit_feather_m0\Debug/core.a(USBCore.cpp.o)
                0x00006eac                USBDeviceClass::handleClassInterfaceSetup(USBSetup&)
 .text._ZN14USBDeviceClass6initEPEmm
                0x00006eec      0x128 C:\Users\Jeroen Gillis\AppData\Local\Temp\VMBuilds\CommunicationModule\adafruit_adafruit_samd_adafruit_feather_m0\Debug/core.a(USBCore.cpp.o)
                0x00006eec                USBDeviceClass::initEP(unsigned long, unsigned long)
 .text._ZN14USBDeviceClass13initEndpointsEv
                0x00007014       0x24 C:\Users\Jeroen Gillis\AppData\Local\Temp\VMBuilds\CommunicationModule\adafruit_adafruit_samd_adafruit_feather_m0\Debug/core.a(USBCore.cpp.o)
                0x00007014                USBDeviceClass::initEndpoints()
 .text._ZN14USBDeviceClass9availableEm
                0x00007038       0x2c C:\Users\Jeroen Gillis\AppData\Local\Temp\VMBuilds\CommunicationModule\adafruit_adafruit_samd_adafruit_feather_m0\Debug/core.a(USBCore.cpp.o)
                0x00007038                USBDeviceClass::available(unsigned long)
 .text._ZN14USBDeviceClass5flushEm
                0x00007064       0x2c C:\Users\Jeroen Gillis\AppData\Local\Temp\VMBuilds\CommunicationModule\adafruit_adafruit_samd_adafruit_feather_m0\Debug/core.a(USBCore.cpp.o)
                0x00007064                USBDeviceClass::flush(unsigned long)
 .text._ZN14USBDeviceClass14armRecvCtrlOUTEm
                0x00007090       0x60 C:\Users\Jeroen Gillis\AppData\Local\Temp\VMBuilds\CommunicationModule\adafruit_adafruit_samd_adafruit_feather_m0\Debug/core.a(USBCore.cpp.o)
                0x00007090                USBDeviceClass::armRecvCtrlOUT(unsigned long)
 .text._ZN14USBDeviceClass11recvControlEPvm
                0x000070f0       0x3c C:\Users\Jeroen Gillis\AppData\Local\Temp\VMBuilds\CommunicationModule\adafruit_adafruit_samd_adafruit_feather_m0\Debug/core.a(USBCore.cpp.o)
                0x000070f0                USBDeviceClass::recvControl(void*, unsigned long)
 .text._ZN14USBDeviceClass7armRecvEm
                0x0000712c       0x3c C:\Users\Jeroen Gillis\AppData\Local\Temp\VMBuilds\CommunicationModule\adafruit_adafruit_samd_adafruit_feather_m0\Debug/core.a(USBCore.cpp.o)
                0x0000712c                USBDeviceClass::armRecv(unsigned long)
 .text._ZN14USBDeviceClass4recvEmPvm
                0x00007168       0xd8 C:\Users\Jeroen Gillis\AppData\Local\Temp\VMBuilds\CommunicationModule\adafruit_adafruit_samd_adafruit_feather_m0\Debug/core.a(USBCore.cpp.o)
                0x00007168                USBDeviceClass::recv(unsigned long, void*, unsigned long)
 .text._ZN14USBDeviceClass4recvEm
                0x00007240       0x1c C:\Users\Jeroen Gillis\AppData\Local\Temp\VMBuilds\CommunicationModule\adafruit_adafruit_samd_adafruit_feather_m0\Debug/core.a(USBCore.cpp.o)
                0x00007240                USBDeviceClass::recv(unsigned long)
 .text._ZN14USBDeviceClass4sendEmPKvm
                0x0000725c      0x124 C:\Users\Jeroen Gillis\AppData\Local\Temp\VMBuilds\CommunicationModule\adafruit_adafruit_samd_adafruit_feather_m0\Debug/core.a(USBCore.cpp.o)
                0x0000725c                USBDeviceClass::send(unsigned long, void const*, unsigned long)
 .text._ZN14USBDeviceClass7armSendEmPKvm
                0x00007380       0x48 C:\Users\Jeroen Gillis\AppData\Local\Temp\VMBuilds\CommunicationModule\adafruit_adafruit_samd_adafruit_feather_m0\Debug/core.a(USBCore.cpp.o)
                0x00007380                USBDeviceClass::armSend(unsigned long, void const*, unsigned long)
 .text._ZN14USBDeviceClass11sendControlEPKvm
                0x000073c8       0x58 C:\Users\Jeroen Gillis\AppData\Local\Temp\VMBuilds\CommunicationModule\adafruit_adafruit_samd_adafruit_feather_m0\Debug/core.a(USBCore.cpp.o)
                0x000073c8                USBDeviceClass::sendControl(void const*, unsigned long)
 .text._ZN14USBDeviceClass20sendStringDescriptorEPKhh
                0x00007420       0x68 C:\Users\Jeroen Gillis\AppData\Local\Temp\VMBuilds\CommunicationModule\adafruit_adafruit_samd_adafruit_feather_m0\Debug/core.a(USBCore.cpp.o)
                0x00007420                USBDeviceClass::sendStringDescriptor(unsigned char const*, unsigned char)
 .text._ZN14USBDeviceClass12packMessagesEb.part.6
                0x00007488       0x20 C:\Users\Jeroen Gillis\AppData\Local\Temp\VMBuilds\CommunicationModule\adafruit_adafruit_samd_adafruit_feather_m0\Debug/core.a(USBCore.cpp.o)
 .text._ZN14USBDeviceClass17sendConfigurationEm
                0x000074a8       0x90 C:\Users\Jeroen Gillis\AppData\Local\Temp\VMBuilds\CommunicationModule\adafruit_adafruit_samd_adafruit_feather_m0\Debug/core.a(USBCore.cpp.o)
                0x000074a8                USBDeviceClass::sendConfiguration(unsigned long)
 .text._ZN14USBDeviceClass14sendDescriptorER8USBSetup
                0x00007538       0xb4 C:\Users\Jeroen Gillis\AppData\Local\Temp\VMBuilds\CommunicationModule\adafruit_adafruit_samd_adafruit_feather_m0\Debug/core.a(USBCore.cpp.o)
                0x00007538                USBDeviceClass::sendDescriptor(USBSetup&)
 .text._ZN14USBDeviceClass19handleStandardSetupER8USBSetup
                0x000075ec      0x118 C:\Users\Jeroen Gillis\AppData\Local\Temp\VMBuilds\CommunicationModule\adafruit_adafruit_samd_adafruit_feather_m0\Debug/core.a(USBCore.cpp.o)
                0x000075ec                USBDeviceClass::handleStandardSetup(USBSetup&)
 .text._ZN14USBDeviceClass10ISRHandlerEv
                0x00007704      0x150 C:\Users\Jeroen Gillis\AppData\Local\Temp\VMBuilds\CommunicationModule\adafruit_adafruit_samd_adafruit_feather_m0\Debug/core.a(USBCore.cpp.o)
                0x00007704                USBDeviceClass::ISRHandler()
 .text.UDD_Handler
                0x00007854       0x10 C:\Users\Jeroen Gillis\AppData\Local\Temp\VMBuilds\CommunicationModule\adafruit_adafruit_samd_adafruit_feather_m0\Debug/core.a(USBCore.cpp.o)
                0x00007854                UDD_Handler
 .text.startup._GLOBAL__sub_I__ZN20USBDevice_SAMD21G18x5resetEv
                0x00007864       0x10 C:\Users\Jeroen Gillis\AppData\Local\Temp\VMBuilds\CommunicationModule\adafruit_adafruit_samd_adafruit_feather_m0\Debug/core.a(USBCore.cpp.o)
 .text._Znwj    0x00007874        0x8 C:\Users\Jeroen Gillis\AppData\Local\Temp\VMBuilds\CommunicationModule\adafruit_adafruit_samd_adafruit_feather_m0\Debug/core.a(new.cpp.o)
                0x00007874                operator new(unsigned int)
 .text._ZN10RingBufferC2Ev
                0x0000787c       0x1a C:\Users\Jeroen Gillis\AppData\Local\Temp\VMBuilds\CommunicationModule\adafruit_adafruit_samd_adafruit_feather_m0\Debug/core.a(RingBuffer.cpp.o)
                0x0000787c                RingBuffer::RingBuffer()
                0x0000787c                RingBuffer::RingBuffer()
 .text._ZN10RingBuffer10store_charEh
                0x00007896       0x24 C:\Users\Jeroen Gillis\AppData\Local\Temp\VMBuilds\CommunicationModule\adafruit_adafruit_samd_adafruit_feather_m0\Debug/core.a(RingBuffer.cpp.o)
                0x00007896                RingBuffer::store_char(unsigned char)
 .text._ZN10RingBuffer5clearEv
                0x000078ba        0xe C:\Users\Jeroen Gillis\AppData\Local\Temp\VMBuilds\CommunicationModule\adafruit_adafruit_samd_adafruit_feather_m0\Debug/core.a(RingBuffer.cpp.o)
                0x000078ba                RingBuffer::clear()
 .text._ZN10RingBuffer9read_charEv
                0x000078c8       0x28 C:\Users\Jeroen Gillis\AppData\Local\Temp\VMBuilds\CommunicationModule\adafruit_adafruit_samd_adafruit_feather_m0\Debug/core.a(RingBuffer.cpp.o)
                0x000078c8                RingBuffer::read_char()
 .text._ZN10RingBuffer9availableEv
                0x000078f0       0x12 C:\Users\Jeroen Gillis\AppData\Local\Temp\VMBuilds\CommunicationModule\adafruit_adafruit_samd_adafruit_feather_m0\Debug/core.a(RingBuffer.cpp.o)
                0x000078f0                RingBuffer::available()
 .text._ZN10RingBuffer4peekEv
                0x00007902       0x1a C:\Users\Jeroen Gillis\AppData\Local\Temp\VMBuilds\CommunicationModule\adafruit_adafruit_samd_adafruit_feather_m0\Debug/core.a(RingBuffer.cpp.o)
                0x00007902                RingBuffer::peek()
 .text._ZN13PluggableUSB_12getInterfaceEPh
                0x0000791c       0x2a C:\Users\Jeroen Gillis\AppData\Local\Temp\VMBuilds\CommunicationModule\adafruit_adafruit_samd_adafruit_feather_m0\Debug/core.a(PluggableUSB.cpp.o)
                0x0000791c                PluggableUSB_::getInterface(unsigned char*)
 .text._ZN13PluggableUSB_13getDescriptorER8USBSetup
                0x00007946       0x20 C:\Users\Jeroen Gillis\AppData\Local\Temp\VMBuilds\CommunicationModule\adafruit_adafruit_samd_adafruit_feather_m0\Debug/core.a(PluggableUSB.cpp.o)
                0x00007946                PluggableUSB_::getDescriptor(USBSetup&)
 .text._ZN13PluggableUSB_12getShortNameEPc
                0x00007966       0x1e C:\Users\Jeroen Gillis\AppData\Local\Temp\VMBuilds\CommunicationModule\adafruit_adafruit_samd_adafruit_feather_m0\Debug/core.a(PluggableUSB.cpp.o)
                0x00007966                PluggableUSB_::getShortName(char*)
 .text._ZN13PluggableUSB_5setupER8USBSetup
                0x00007984       0x24 C:\Users\Jeroen Gillis\AppData\Local\Temp\VMBuilds\CommunicationModule\adafruit_adafruit_samd_adafruit_feather_m0\Debug/core.a(PluggableUSB.cpp.o)
                0x00007984                PluggableUSB_::setup(USBSetup&)
 .text._Z12PluggableUSBv
                0x000079a8       0x24 C:\Users\Jeroen Gillis\AppData\Local\Temp\VMBuilds\CommunicationModule\adafruit_adafruit_samd_adafruit_feather_m0\Debug/core.a(PluggableUSB.cpp.o)
                0x000079a8                PluggableUSB()
 .text          0x000079cc       0x14 c:/users/jeroen gillis/appdata/local/arduino15/packages/arduino/tools/arm-none-eabi-gcc/4.8.3-2014q1/bin/../lib/gcc/arm-none-eabi/4.8.3/armv6-m\libgcc.a(_thumb1_case_uqi.o)
                0x000079cc                __gnu_thumb1_case_uqi
 .text          0x000079e0       0x14 c:/users/jeroen gillis/appdata/local/arduino15/packages/arduino/tools/arm-none-eabi-gcc/4.8.3-2014q1/bin/../lib/gcc/arm-none-eabi/4.8.3/armv6-m\libgcc.a(_thumb1_case_uhi.o)
                0x000079e0                __gnu_thumb1_case_uhi
 .text          0x000079f4       0x9c c:/users/jeroen gillis/appdata/local/arduino15/packages/arduino/tools/arm-none-eabi-gcc/4.8.3-2014q1/bin/../lib/gcc/arm-none-eabi/4.8.3/armv6-m\libgcc.a(_udivsi3.o)
                0x000079f4                __aeabi_uidiv
                0x000079f4                __udivsi3
                0x00007a7c                __aeabi_uidivmod
 .text          0x00007a90       0xc0 c:/users/jeroen gillis/appdata/local/arduino15/packages/arduino/tools/arm-none-eabi-gcc/4.8.3-2014q1/bin/../lib/gcc/arm-none-eabi/4.8.3/armv6-m\libgcc.a(_divsi3.o)
                0x00007a90                __divsi3
                0x00007a90                __aeabi_idiv
                0x00007b3c                __aeabi_idivmod
 .text          0x00007b50        0x4 c:/users/jeroen gillis/appdata/local/arduino15/packages/arduino/tools/arm-none-eabi-gcc/4.8.3-2014q1/bin/../lib/gcc/arm-none-eabi/4.8.3/armv6-m\libgcc.a(_dvmd_tls.o)
                0x00007b50                __aeabi_idiv0
                0x00007b50                __aeabi_ldiv0
 .text          0x00007b54       0x48 c:/users/jeroen gillis/appdata/local/arduino15/packages/arduino/tools/arm-none-eabi-gcc/4.8.3-2014q1/bin/../lib/gcc/arm-none-eabi/4.8.3/armv6-m\libgcc.a(_aeabi_ldivmod.o)
                0x00007b54                __aeabi_ldivmod
 .text          0x00007b9c       0x40 c:/users/jeroen gillis/appdata/local/arduino15/packages/arduino/tools/arm-none-eabi-gcc/4.8.3-2014q1/bin/../lib/gcc/arm-none-eabi/4.8.3/armv6-m\libgcc.a(_aeabi_uldivmod.o)
                0x00007b9c                __aeabi_uldivmod
 .text          0x00007bdc       0x44 c:/users/jeroen gillis/appdata/local/arduino15/packages/arduino/tools/arm-none-eabi-gcc/4.8.3-2014q1/bin/../lib/gcc/arm-none-eabi/4.8.3/armv6-m\libgcc.a(_muldi3.o)
                0x00007bdc                __muldi3
                0x00007bdc                __aeabi_lmul
 .text          0x00007c20       0x6c c:/users/jeroen gillis/appdata/local/arduino15/packages/arduino/tools/arm-none-eabi-gcc/4.8.3-2014q1/bin/../lib/gcc/arm-none-eabi/4.8.3/armv6-m\libgcc.a(bpabi.o)
                0x00007c20                __gnu_ldivmod_helper
                0x00007c58                __gnu_uldivmod_helper
 .text          0x00007c8c       0x3c c:/users/jeroen gillis/appdata/local/arduino15/packages/arduino/tools/arm-none-eabi-gcc/4.8.3-2014q1/bin/../lib/gcc/arm-none-eabi/4.8.3/armv6-m\libgcc.a(_clzsi2.o)
                0x00007c8c                __clzsi2
 .text          0x00007cc8      0x3b8 c:/users/jeroen gillis/appdata/local/arduino15/packages/arduino/tools/arm-none-eabi-gcc/4.8.3-2014q1/bin/../lib/gcc/arm-none-eabi/4.8.3/armv6-m\libgcc.a(_divdi3.o)
                0x00007cc8                __divdi3
 .text          0x00008080      0x384 c:/users/jeroen gillis/appdata/local/arduino15/packages/arduino/tools/arm-none-eabi-gcc/4.8.3-2014q1/bin/../lib/gcc/arm-none-eabi/4.8.3/armv6-m\libgcc.a(_udivdi3.o)
                0x00008080                __udivdi3
 .text.__libc_init_array
                0x00008404       0x4c c:/users/jeroen gillis/appdata/local/arduino15/packages/arduino/tools/arm-none-eabi-gcc/4.8.3-2014q1/bin/../lib/gcc/arm-none-eabi/4.8.3/../../../../arm-none-eabi/lib/armv6-m\libc_s.a(lib_a-init.o)
                0x00008404                __libc_init_array
 .text.malloc   0x00008450       0x14 c:/users/jeroen gillis/appdata/local/arduino15/packages/arduino/tools/arm-none-eabi-gcc/4.8.3-2014q1/bin/../lib/gcc/arm-none-eabi/4.8.3/../../../../arm-none-eabi/lib/armv6-m\libc_s.a(lib_a-malloc.o)
                0x00008450                malloc
 .text.memcpy   0x00008464       0x12 c:/users/jeroen gillis/appdata/local/arduino15/packages/arduino/tools/arm-none-eabi-gcc/4.8.3-2014q1/bin/../lib/gcc/arm-none-eabi/4.8.3/../../../../arm-none-eabi/lib/armv6-m\libc_s.a(lib_a-memcpy-stub.o)
                0x00008464                memcpy
 .text.memset   0x00008476       0x10 c:/users/jeroen gillis/appdata/local/arduino15/packages/arduino/tools/arm-none-eabi-gcc/4.8.3-2014q1/bin/../lib/gcc/arm-none-eabi/4.8.3/../../../../arm-none-eabi/lib/armv6-m\libc_s.a(lib_a-memset.o)
                0x00008476                memset
 *fill*         0x00008486        0x2 
 .text._malloc_r
                0x00008488       0xa8 c:/users/jeroen gillis/appdata/local/arduino15/packages/arduino/tools/arm-none-eabi-gcc/4.8.3-2014q1/bin/../lib/gcc/arm-none-eabi/4.8.3/../../../../arm-none-eabi/lib/armv6-m\libc_s.a(lib_a-nano-mallocr.o)
                0x00008488                _malloc_r
 .text._sbrk_r  0x00008530       0x24 c:/users/jeroen gillis/appdata/local/arduino15/packages/arduino/tools/arm-none-eabi-gcc/4.8.3-2014q1/bin/../lib/gcc/arm-none-eabi/4.8.3/../../../../arm-none-eabi/lib/armv6-m\libc_s.a(lib_a-sbrkr.o)
                0x00008530                _sbrk_r
 .text.strlen   0x00008554        0xe c:/users/jeroen gillis/appdata/local/arduino15/packages/arduino/tools/arm-none-eabi-gcc/4.8.3-2014q1/bin/../lib/gcc/arm-none-eabi/4.8.3/../../../../arm-none-eabi/lib/armv6-m\libc_s.a(lib_a-strlen.o)
                0x00008554                strlen
 *fill*         0x00008562        0x2 
 .text._sbrk    0x00008564       0x34 c:/users/jeroen gillis/appdata/local/arduino15/packages/arduino/tools/arm-none-eabi-gcc/4.8.3-2014q1/bin/../lib/gcc/arm-none-eabi/4.8.3/../../../../arm-none-eabi/lib/armv6-m\libnosys.a(sbrk.o)
                0x00008564                _sbrk
 *(.init)
 .init          0x00008598        0x4 c:/users/jeroen gillis/appdata/local/arduino15/packages/arduino/tools/arm-none-eabi-gcc/4.8.3-2014q1/bin/../lib/gcc/arm-none-eabi/4.8.3/armv6-m/crti.o
                0x00008598                _init
 .init          0x0000859c        0x8 c:/users/jeroen gillis/appdata/local/arduino15/packages/arduino/tools/arm-none-eabi-gcc/4.8.3-2014q1/bin/../lib/gcc/arm-none-eabi/4.8.3/armv6-m/crtn.o
 *(.fini)
 .fini          0x000085a4        0x4 c:/users/jeroen gillis/appdata/local/arduino15/packages/arduino/tools/arm-none-eabi-gcc/4.8.3-2014q1/bin/../lib/gcc/arm-none-eabi/4.8.3/armv6-m/crti.o
                0x000085a4                _fini
 .fini          0x000085a8        0x8 c:/users/jeroen gillis/appdata/local/arduino15/packages/arduino/tools/arm-none-eabi-gcc/4.8.3-2014q1/bin/../lib/gcc/arm-none-eabi/4.8.3/armv6-m/crtn.o
 *crtbegin.o(.ctors)
 *crtbegin?.o(.ctors)
 *(EXCLUDE_FILE(*crtend.o *crtend?.o) .ctors)
 *(SORT(.ctors.*))
 *(.ctors)
 *crtbegin.o(.dtors)
 *crtbegin?.o(.dtors)
 *(EXCLUDE_FILE(*crtend.o *crtend?.o) .dtors)
 *(SORT(.dtors.*))
 *(.dtors)
 *(.rodata*)
 .rodata._ZL22constant_table_S_Table
                0x000085b0      0x100 C:\Users\Jeroen Gillis\AppData\Local\Temp\VMBuilds\CommunicationModule\adafruit_adafruit_samd_adafruit_feather_m0\Debug\arduino-lmic-master\aes\ideetron\AES-128_V10.cpp.o
 .rodata.str1.1
                0x000086b0       0x60 C:\Users\Jeroen Gillis\AppData\Local\Temp\VMBuilds\CommunicationModule\adafruit_adafruit_samd_adafruit_feather_m0\Debug\arduino-lmic-master\hal\hal.cpp.o
 .rodata.constant_table_SENSITIVITY
                0x00008710       0x15 C:\Users\Jeroen Gillis\AppData\Local\Temp\VMBuilds\CommunicationModule\adafruit_adafruit_samd_adafruit_feather_m0\Debug\arduino-lmic-master\lmic\lmic.c.o
 *fill*         0x00008725        0x3 
 .rodata.constant_table_DR2HSYM_osticks
                0x00008728       0x20 C:\Users\Jeroen Gillis\AppData\Local\Temp\VMBuilds\CommunicationModule\adafruit_adafruit_samd_adafruit_feather_m0\Debug\arduino-lmic-master\lmic\lmic.c.o
 .rodata.str1.1
                0x00008748       0x57 C:\Users\Jeroen Gillis\AppData\Local\Temp\VMBuilds\CommunicationModule\adafruit_adafruit_samd_adafruit_feather_m0\Debug\arduino-lmic-master\lmic\lmic.c.o
 .rodata.constant_table_TXPOWLEVELS
                0x0000879f       0x10 C:\Users\Jeroen Gillis\AppData\Local\Temp\VMBuilds\CommunicationModule\adafruit_adafruit_samd_adafruit_feather_m0\Debug\arduino-lmic-master\lmic\lmic.c.o
 .rodata.constant_table_DRADJUST
                0x000087af        0xa C:\Users\Jeroen Gillis\AppData\Local\Temp\VMBuilds\CommunicationModule\adafruit_adafruit_samd_adafruit_feather_m0\Debug\arduino-lmic-master\lmic\lmic.c.o
 *fill*         0x000087b9        0x3 
 .rodata.constant_table_iniChannelFreq
                0x000087bc       0x18 C:\Users\Jeroen Gillis\AppData\Local\Temp\VMBuilds\CommunicationModule\adafruit_adafruit_samd_adafruit_feather_m0\Debug\arduino-lmic-master\lmic\lmic.c.o
 .rodata.constant_table__DR2RPS_CRC
                0x000087d4        0xa C:\Users\Jeroen Gillis\AppData\Local\Temp\VMBuilds\CommunicationModule\adafruit_adafruit_samd_adafruit_feather_m0\Debug\arduino-lmic-master\lmic\lmic.c.o
                0x000087d4                constant_table__DR2RPS_CRC
 .rodata.str1.1
                0x000087de       0x58 C:\Users\Jeroen Gillis\AppData\Local\Temp\VMBuilds\CommunicationModule\adafruit_adafruit_samd_adafruit_feather_m0\Debug\arduino-lmic-master\lmic\radio.c.o
 .rodata.constant_table_LORA_RXDONE_FIXUP
                0x00008836        0xe C:\Users\Jeroen Gillis\AppData\Local\Temp\VMBuilds\CommunicationModule\adafruit_adafruit_samd_adafruit_feather_m0\Debug\arduino-lmic-master\lmic\radio.c.o
 .rodata.constant_table_rxlorairqmask
                0x00008844        0x3 C:\Users\Jeroen Gillis\AppData\Local\Temp\VMBuilds\CommunicationModule\adafruit_adafruit_samd_adafruit_feather_m0\Debug\arduino-lmic-master\lmic\radio.c.o
 .rodata._ZL10msg_header
                0x00008847       0x13 C:\Users\Jeroen Gillis\AppData\Local\Temp\VMBuilds\CommunicationModule\adafruit_adafruit_samd_adafruit_feather_m0\Debug\sampling_task.cpp.o
 .rodata._ZL6cmd_BC
                0x0000885a        0xc C:\Users\Jeroen Gillis\AppData\Local\Temp\VMBuilds\CommunicationModule\adafruit_adafruit_samd_adafruit_feather_m0\Debug\sampling_task.cpp.o
 *fill*         0x00008866        0x2 
 .rodata._ZL12msg_commands
                0x00008868       0x28 C:\Users\Jeroen Gillis\AppData\Local\Temp\VMBuilds\CommunicationModule\adafruit_adafruit_samd_adafruit_feather_m0\Debug\sampling_task.cpp.o
 .rodata._ZL7cmd_FCC
                0x00008890        0xc C:\Users\Jeroen Gillis\AppData\Local\Temp\VMBuilds\CommunicationModule\adafruit_adafruit_samd_adafruit_feather_m0\Debug\sampling_task.cpp.o
 .rodata._ZL7cmd_CV1
                0x0000889c        0xc C:\Users\Jeroen Gillis\AppData\Local\Temp\VMBuilds\CommunicationModule\adafruit_adafruit_samd_adafruit_feather_m0\Debug\sampling_task.cpp.o
 .rodata._ZL7cmd_CV2
                0x000088a8        0xc C:\Users\Jeroen Gillis\AppData\Local\Temp\VMBuilds\CommunicationModule\adafruit_adafruit_samd_adafruit_feather_m0\Debug\sampling_task.cpp.o
 .rodata._ZL7cmd_CV3
                0x000088b4        0xc C:\Users\Jeroen Gillis\AppData\Local\Temp\VMBuilds\CommunicationModule\adafruit_adafruit_samd_adafruit_feather_m0\Debug\sampling_task.cpp.o
 .rodata._ZL7cmd_CV4
                0x000088c0        0xc C:\Users\Jeroen Gillis\AppData\Local\Temp\VMBuilds\CommunicationModule\adafruit_adafruit_samd_adafruit_feather_m0\Debug\sampling_task.cpp.o
 .rodata._ZL6cmd_BT
                0x000088cc        0xc C:\Users\Jeroen Gillis\AppData\Local\Temp\VMBuilds\CommunicationModule\adafruit_adafruit_samd_adafruit_feather_m0\Debug\sampling_task.cpp.o
 .rodata._ZL6cmd_RC
                0x000088d8        0xc C:\Users\Jeroen Gillis\AppData\Local\Temp\VMBuilds\CommunicationModule\adafruit_adafruit_samd_adafruit_feather_m0\Debug\sampling_task.cpp.o
 .rodata._ZL6cmd_BV
                0x000088e4        0xc C:\Users\Jeroen Gillis\AppData\Local\Temp\VMBuilds\CommunicationModule\adafruit_adafruit_samd_adafruit_feather_m0\Debug\sampling_task.cpp.o
 .rodata._ZL8cmd_RSOC
                0x000088f0        0xc C:\Users\Jeroen Gillis\AppData\Local\Temp\VMBuilds\CommunicationModule\adafruit_adafruit_samd_adafruit_feather_m0\Debug\sampling_task.cpp.o
 .rodata._ZL6APPKEY
                0x000088fc       0x10 C:\Users\Jeroen Gillis\AppData\Local\Temp\VMBuilds\CommunicationModule\adafruit_adafruit_samd_adafruit_feather_m0\Debug\lora_communication.cpp.o
 .rodata._ZL6APPEUI
                0x0000890c        0x8 C:\Users\Jeroen Gillis\AppData\Local\Temp\VMBuilds\CommunicationModule\adafruit_adafruit_samd_adafruit_feather_m0\Debug\lora_communication.cpp.o
 .rodata.str1.1
                0x00008914      0x152 C:\Users\Jeroen Gillis\AppData\Local\Temp\VMBuilds\CommunicationModule\adafruit_adafruit_samd_adafruit_feather_m0\Debug\lora_communication.cpp.o
 .rodata.lmic_pins
                0x00008a66        0x6 C:\Users\Jeroen Gillis\AppData\Local\Temp\VMBuilds\CommunicationModule\adafruit_adafruit_samd_adafruit_feather_m0\Debug\lora_communication.cpp.o