Archive member included because of file (symbol)

C:\Users\Jeroen Gillis\AppData\Local\Temp\VMBuilds\LORACommunication\adafruit_adafruit_samd_adafruit_feather_m0\Debug/core.a(cortex_handlers.c.o)
                              (Reset_Handler)
C:\Users\Jeroen Gillis\AppData\Local\Temp\VMBuilds\LORACommunication\adafruit_adafruit_samd_adafruit_feather_m0\Debug/core.a(delay.c.o)
                              C:\Users\Jeroen Gillis\AppData\Local\Temp\VMBuilds\LORACommunication\adafruit_adafruit_samd_adafruit_feather_m0\Debug\arduino-lmic-master\hal\hal.cpp.o (micros)
C:\Users\Jeroen Gillis\AppData\Local\Temp\VMBuilds\LORACommunication\adafruit_adafruit_samd_adafruit_feather_m0\Debug/core.a(hooks.c.o)
                              C:\Users\Jeroen Gillis\AppData\Local\Temp\VMBuilds\LORACommunication\adafruit_adafruit_samd_adafruit_feather_m0\Debug/core.a(delay.c.o) (yield)
C:\Users\Jeroen Gillis\AppData\Local\Temp\VMBuilds\LORACommunication\adafruit_adafruit_samd_adafruit_feather_m0\Debug/core.a(startup.c.o)
                              C:\Users\Jeroen Gillis\AppData\Local\Temp\VMBuilds\LORACommunication\adafruit_adafruit_samd_adafruit_feather_m0\Debug/core.a(cortex_handlers.c.o) (SystemInit)
C:\Users\Jeroen Gillis\AppData\Local\Temp\VMBuilds\LORACommunication\adafruit_adafruit_samd_adafruit_feather_m0\Debug/core.a(wiring.c.o)
                              C:\Users\Jeroen Gillis\AppData\Local\Temp\VMBuilds\LORACommunication\adafruit_adafruit_samd_adafruit_feather_m0\Debug/core.a(startup.c.o) (SystemCoreClock)
C:\Users\Jeroen Gillis\AppData\Local\Temp\VMBuilds\LORACommunication\adafruit_adafruit_samd_adafruit_feather_m0\Debug/core.a(wiring_analog.c.o)
                              C:\Users\Jeroen Gillis\AppData\Local\Temp\VMBuilds\LORACommunication\adafruit_adafruit_samd_adafruit_feather_m0\Debug/core.a(wiring.c.o) (analogReference)
C:\Users\Jeroen Gillis\AppData\Local\Temp\VMBuilds\LORACommunication\adafruit_adafruit_samd_adafruit_feather_m0\Debug/core.a(wiring_digital.c.o)
                              C:\Users\Jeroen Gillis\AppData\Local\Temp\VMBuilds\LORACommunication\adafruit_adafruit_samd_adafruit_feather_m0\Debug\arduino-lmic-master\hal\hal.cpp.o (pinMode)
C:\Users\Jeroen Gillis\AppData\Local\Temp\VMBuilds\LORACommunication\adafruit_adafruit_samd_adafruit_feather_m0\Debug/core.a(wiring_private.c.o)
                              C:\Users\Jeroen Gillis\AppData\Local\Temp\VMBuilds\LORACommunication\adafruit_adafruit_samd_adafruit_feather_m0\Debug\SPI\SPI.cpp.o (pinPeripheral)
C:\Users\Jeroen Gillis\AppData\Local\Temp\VMBuilds\LORACommunication\adafruit_adafruit_samd_adafruit_feather_m0\Debug/core.a(main.cpp.o)
                              c:/users/jeroen gillis/appdata/local/arduino15/packages/arduino/tools/arm-none-eabi-gcc/4.8.3-2014q1/bin/../lib/gcc/arm-none-eabi/4.8.3/../../../../arm-none-eabi/lib/armv6-m/crt0.o (main)
C:\Users\Jeroen Gillis\AppData\Local\Temp\VMBuilds\LORACommunication\adafruit_adafruit_samd_adafruit_feather_m0\Debug/core.a(Print.cpp.o)
                              C:\Users\Jeroen Gillis\AppData\Local\Temp\VMBuilds\LORACommunication\adafruit_adafruit_samd_adafruit_feather_m0\Debug\LORACommunication.cpp.o (Print::print(__FlashStringHelper const*))
C:\Users\Jeroen Gillis\AppData\Local\Temp\VMBuilds\LORACommunication\adafruit_adafruit_samd_adafruit_feather_m0\Debug/core.a(Reset.cpp.o)
                              C:\Users\Jeroen Gillis\AppData\Local\Temp\VMBuilds\LORACommunication\adafruit_adafruit_samd_adafruit_feather_m0\Debug/core.a(delay.c.o) (tickReset)
C:\Users\Jeroen Gillis\AppData\Local\Temp\VMBuilds\LORACommunication\adafruit_adafruit_samd_adafruit_feather_m0\Debug/core.a(SERCOM.cpp.o)
                              C:\Users\Jeroen Gillis\AppData\Local\Temp\VMBuilds\LORACommunication\adafruit_adafruit_samd_adafruit_feather_m0\Debug\variant\variant.cpp.o (SERCOM::SERCOM(Sercom*))
C:\Users\Jeroen Gillis\AppData\Local\Temp\VMBuilds\LORACommunication\adafruit_adafruit_samd_adafruit_feather_m0\Debug/core.a(Stream.cpp.o)
                              C:\Users\Jeroen Gillis\AppData\Local\Temp\VMBuilds\LORACommunication\adafruit_adafruit_samd_adafruit_feather_m0\Debug\sampling_task.cpp.o (Stream::setTimeout(unsigned long))
C:\Users\Jeroen Gillis\AppData\Local\Temp\VMBuilds\LORACommunication\adafruit_adafruit_samd_adafruit_feather_m0\Debug/core.a(Uart.cpp.o)
                              C:\Users\Jeroen Gillis\AppData\Local\Temp\VMBuilds\LORACommunication\adafruit_adafruit_samd_adafruit_feather_m0\Debug\sampling_task.cpp.o (Uart::begin(unsigned long))
C:\Users\Jeroen Gillis\AppData\Local\Temp\VMBuilds\LORACommunication\adafruit_adafruit_samd_adafruit_feather_m0\Debug/core.a(WString.cpp.o)
                              C:\Users\Jeroen Gillis\AppData\Local\Temp\VMBuilds\LORACommunication\adafruit_adafruit_samd_adafruit_feather_m0\Debug/core.a(Stream.cpp.o) (String::String(char const*))
[...]
Memory Configuration

Name             Origin             Length             Attributes
FLASH            0x00002000         0x0003e000         xr
RAM              0x20000000         0x00008000         xrw
*default*        0x00000000         0xffffffff

Linker script and memory map

LOAD c:/users/jeroen gillis/appdata/local/arduino15/packages/arduino/tools/arm-none-eabi-gcc/4.8.3-2014q1/bin/../lib/gcc/arm-none-eabi/4.8.3/armv6-m/crti.o
LOAD c:/users/jeroen gillis/appdata/local/arduino15/packages/arduino/tools/arm-none-eabi-gcc/4.8.3-2014q1/bin/../lib/gcc/arm-none-eabi/4.8.3/armv6-m/crtbegin.o
LOAD c:/users/jeroen gillis/appdata/local/arduino15/packages/arduino/tools/arm-none-eabi-gcc/4.8.3-2014q1/bin/../lib/gcc/arm-none-eabi/4.8.3/../../../../arm-none-eabi/lib/armv6-m/crt0.o
LOAD C:\Users\Jeroen Gillis\AppData\Local\Temp\VMBuilds\LORACommunication\adafruit_adafruit_samd_adafruit_feather_m0\Debug\LORACommunication.cpp.o
LOAD C:\Users\Jeroen Gillis\AppData\Local\Temp\VMBuilds\LORACommunication\adafruit_adafruit_samd_adafruit_feather_m0\Debug\arduino-lmic-master\aes\lmic.c.o
LOAD C:\Users\Jeroen Gillis\AppData\Local\Temp\VMBuilds\LORACommunication\adafruit_adafruit_samd_adafruit_feather_m0\Debug\arduino-lmic-master\aes\other.c.o
LOAD C:\Users\Jeroen Gillis\AppData\Local\Temp\VMBuilds\LORACommunication\adafruit_adafruit_samd_adafruit_feather_m0\Debug\arduino-lmic-master\aes\ideetron\AES-128_V10.cpp.o
LOAD C:\Users\Jeroen Gillis\AppData\Local\Temp\VMBuilds\LORACommunication\adafruit_adafruit_samd_adafruit_feather_m0\Debug\arduino-lmic-master\hal\hal.cpp.o
LOAD C:\Users\Jeroen Gillis\AppData\Local\Temp\VMBuilds\LORACommunication\adafruit_adafruit_samd_adafruit_feather_m0\Debug\arduino-lmic-master\lmic\lmic.c.o
LOAD C:\Users\Jeroen Gillis\AppData\Local\Temp\VMBuilds\LORACommunication\adafruit_adafruit_samd_adafruit_feather_m0\Debug\arduino-lmic-master\lmic\oslmic.c.o
LOAD C:\Users\Jeroen Gillis\AppData\Local\Temp\VMBuilds\LORACommunication\adafruit_adafruit_samd_adafruit_feather_m0\Debug\arduino-lmic-master\lmic\radio.c.o
LOAD C:\Users\Jeroen Gillis\AppData\Local\Temp\VMBuilds\LORACommunication\adafruit_adafruit_samd_adafruit_feather_m0\Debug\SPI\SPI.cpp.o
LOAD C:\Users\Jeroen Gillis\AppData\Local\Temp\VMBuilds\LORACommunication\adafruit_adafruit_samd_adafruit_feather_m0\Debug\lora_communication.cpp.o
LOAD C:\Users\Jeroen Gillis\AppData\Local\Temp\VMBuilds\LORACommunication\adafruit_adafruit_samd_adafruit_feather_m0\Debug\reporting_task.cpp.o
LOAD C:\Users\Jeroen Gillis\AppData\Local\Temp\VMBuilds\LORACommunication\adafruit_adafruit_samd_adafruit_feather_m0\Debug\sampling_task.cpp.o
LOAD C:\Users\Jeroen Gillis\AppData\Local\Temp\VMBuilds\LORACommunication\adafruit_adafruit_samd_adafruit_feather_m0\Debug\storage_manager.cpp.o
LOAD C:\Users\Jeroen Gillis\AppData\Local\Temp\VMBuilds\LORACommunication\adafruit_adafruit_samd_adafruit_feather_m0\Debug\task_scheduler.cpp.o
LOAD C:\Users\Jeroen Gillis\AppData\Local\Temp\VMBuilds\LORACommunication\adafruit_adafruit_samd_adafruit_feather_m0\Debug\variant\variant.cpp.o
START GROUP
LOAD C:\Users\Jeroen Gillis\AppData\Local\arduino15\packages\arduino\tools\CMSIS\4.5.0/CMSIS/Lib/GCC/\libarm_cortexM0l_math.a
LOAD C:\Users\Jeroen Gillis\AppData\Local\arduino15\packages\adafruit\hardware\samd\1.0.17\variants\arduino_zero\libsamd21_qtouch_gcc.a
LOAD c:/users/jeroen gillis/appdata/local/arduino15/packages/arduino/tools/arm-none-eabi-gcc/4.8.3-2014q1/bin/../lib/gcc/arm-none-eabi/4.8.3/../../../../arm-none-eabi/lib/armv6-m\libm.a
LOAD C:\Users\Jeroen Gillis\AppData\Local\Temp\VMBuilds\LORACommunication\adafruit_adafruit_samd_adafruit_feather_m0\Debug/core.a
END GROUP
START GROUP
LOAD c:/users/jeroen gillis/appdata/local/arduino15/packages/arduino/tools/arm-none-eabi-gcc/4.8.3-2014q1/bin/../lib/gcc/arm-none-eabi/4.8.3/armv6-m\libgcc.a
LOAD c:/users/jeroen gillis/appdata/local/arduino15/packages/arduino/tools/arm-none-eabi-gcc/4.8.3-2014q1/bin/../lib/gcc/arm-none-eabi/4.8.3/../../../../arm-none-eabi/lib/armv6-m\libc_s.a
END GROUP
START GROUP
LOAD c:/users/jeroen gillis/appdata/local/arduino15/packages/arduino/tools/arm-none-eabi-gcc/4.8.3-2014q1/bin/../lib/gcc/arm-none-eabi/4.8.3/armv6-m\libgcc.a
LOAD c:/users/jeroen gillis/appdata/local/arduino15/packages/arduino/tools/arm-none-eabi-gcc/4.8.3-2014q1/bin/../lib/gcc/arm-none-eabi/4.8.3/../../../../arm-none-eabi/lib/armv6-m\libc_s.a
LOAD c:/users/jeroen gillis/appdata/local/arduino15/packages/arduino/tools/arm-none-eabi-gcc/4.8.3-2014q1/bin/../lib/gcc/arm-none-eabi/4.8.3/../../../../arm-none-eabi/lib/armv6-m\libnosys.a
END GROUP
START GROUP
LOAD c:/users/jeroen gillis/appdata/local/arduino15/packages/arduino/tools/arm-none-eabi-gcc/4.8.3-2014q1/bin/../lib/gcc/arm-none-eabi/4.8.3/armv6-m\libgcc.a
LOAD c:/users/jeroen gillis/appdata/local/arduino15/packages/arduino/tools/arm-none-eabi-gcc/4.8.3-2014q1/bin/../lib/gcc/arm-none-eabi/4.8.3/../../../../arm-none-eabi/lib/armv6-m\libc_s.a
LOAD c:/users/jeroen gillis/appdata/local/arduino15/packages/arduino/tools/arm-none-eabi-gcc/4.8.3-2014q1/bin/../lib/gcc/arm-none-eabi/4.8.3/../../../../arm-none-eabi/lib/armv6-m\libnosys.a
END GROUP
LOAD c:/users/jeroen gillis/appdata/local/arduino15/packages/arduino/tools/arm-none-eabi-gcc/4.8.3-2014q1/bin/../lib/gcc/arm-none-eabi/4.8.3/armv6-m/crtend.o
LOAD c:/users/jeroen gillis/appdata/local/arduino15/packages/arduino/tools/arm-none-eabi-gcc/4.8.3-2014q1/bin/../lib/gcc/arm-none-eabi/4.8.3/armv6-m/crtn.o

.text           0x00002000     0x7ea4
                0x00002000                __text_start__ = .
 *(.sketch_boot)
                0x00002000                . = ALIGN (0x2000)
 *(.isr_vector)
 .isr_vector    0x00002000       0xb4 C:\Users\Jeroen Gillis\AppData\Local\Temp\VMBuilds\LORACommunication\adafruit_adafruit_samd_adafruit_feather_m0\Debug/core.a(cortex_handlers.c.o)
                0x00002000                exception_table
 *(.text*)
 .text          0x000020b4       0x60 c:/users/jeroen gillis/appdata/local/arduino15/packages/arduino/tools/arm-none-eabi-gcc/4.8.3-2014q1/bin/../lib/gcc/arm-none-eabi/4.8.3/armv6-m/crtbegin.o
 .text.loop     0x00002114        0x2 C:\Users\Jeroen Gillis\AppData\Local\Temp\VMBuilds\LORACommunication\adafruit_adafruit_samd_adafruit_feather_m0\Debug\LORACommunication.cpp.o
                0x00002114                loop
 *fill*         0x00002116        0x2 
 .text._Z8do_testsv
                0x00002118       0x98 C:\Users\Jeroen Gillis\AppData\Local\Temp\VMBuilds\LORACommunication\adafruit_adafruit_samd_adafruit_feather_m0\Debug\LORACommunication.cpp.o
                0x00002118                do_tests()
 .text.setup    0x000021b0      0x17c C:\Users\Jeroen Gillis\AppData\Local\Temp\VMBuilds\LORACommunication\adafruit_adafruit_samd_adafruit_feather_m0\Debug\LORACommunication.cpp.o
                0x000021b0                setup
 .text.shift_left.constprop.0
                0x0000232c       0x34 C:\Users\Jeroen Gillis\AppData\Local\Temp\VMBuilds\LORACommunication\adafruit_adafruit_samd_adafruit_feather_m0\Debug\arduino-lmic-master\aes\other.c.o
 .text.os_aes   0x00002360      0x144 C:\Users\Jeroen Gillis\AppData\Local\Temp\VMBuilds\LORACommunication\adafruit_adafruit_samd_adafruit_feather_m0\Debug\arduino-lmic-master\aes\other.c.o
                0x00002360                os_aes
 .text._ZL17AES_Add_Round_KeyPh
                0x000024a4       0x2c C:\Users\Jeroen Gillis\AppData\Local\Temp\VMBuilds\LORACommunication\adafruit_adafruit_samd_adafruit_feather_m0\Debug\arduino-lmic-master\aes\ideetron\AES-128_V10.cpp.o
 .text._ZL14AES_Shift_Rowsv
                0x000024d0       0x38 C:\Users\Jeroen Gillis\AppData\Local\Temp\VMBuilds\LORACommunication\adafruit_adafruit_samd_adafruit_feather_m0\Debug\arduino-lmic-master\aes\ideetron\AES-128_V10.cpp.o
 .text._ZL23AES_Calculate_Round_KeyhPh
                0x00002508       0x84 C:\Users\Jeroen Gillis\AppData\Local\Temp\VMBuilds\LORACommunication\adafruit_adafruit_samd_adafruit_feather_m0\Debug\arduino-lmic-master\aes\ideetron\AES-128_V10.cpp.o
 .text.lmic_aes_encrypt
                0x0000258c      0x16c C:\Users\Jeroen Gillis\AppData\Local\Temp\VMBuilds\LORACommunication\adafruit_adafruit_samd_adafruit_feather_m0\Debug\arduino-lmic-master\aes\ideetron\AES-128_V10.cpp.o
                0x0000258c                lmic_aes_encrypt
 .text.hal_pin_rxtx
                0x000026f8       0x18 C:\Users\Jeroen Gillis\AppData\Local\Temp\VMBuilds\LORACommunication\adafruit_adafruit_samd_adafruit_feather_m0\Debug\arduino-lmic-master\hal\hal.cpp.o
                0x000026f8                hal_pin_rxtx
 .text.hal_pin_rst
                0x00002710       0x30 C:\Users\Jeroen Gillis\AppData\Local\Temp\VMBuilds\LORACommunication\adafruit_adafruit_samd_adafruit_feather_m0\Debug\arduino-lmic-master\hal\hal.cpp.o
                0x00002710                hal_pin_rst
 .text.hal_pin_nss
                0x00002740       0x30 C:\Users\Jeroen Gillis\AppData\Local\Temp\VMBuilds\LORACommunication\adafruit_adafruit_samd_adafruit_feather_m0\Debug\arduino-lmic-master\hal\hal.cpp.o
                0x00002740                hal_pin_nss
 .text.hal_spi  0x00002770       0x10 C:\Users\Jeroen Gillis\AppData\Local\Temp\VMBuilds\LORACommunication\adafruit_adafruit_samd_adafruit_feather_m0\Debug\arduino-lmic-master\hal\hal.cpp.o
                0x00002770                hal_spi
 .text.hal_ticks
                0x00002780       0x24 C:\Users\Jeroen Gillis\AppData\Local\Temp\VMBuilds\LORACommunication\adafruit_adafruit_samd_adafruit_feather_m0\Debug\arduino-lmic-master\hal\hal.cpp.o
                0x00002780                hal_ticks
 .text.hal_waitUntil
                0x000027a4       0x38 C:\Users\Jeroen Gillis\AppData\Local\Temp\VMBuilds\LORACommunication\adafruit_adafruit_samd_adafruit_feather_m0\Debug\arduino-lmic-master\hal\hal.cpp.o
                0x000027a4                hal_waitUntil
 .text.hal_checkTimer
                0x000027dc       0x12 C:\Users\Jeroen Gillis\AppData\Local\Temp\VMBuilds\LORACommunication\adafruit_adafruit_samd_adafruit_feather_m0\Debug\arduino-lmic-master\hal\hal.cpp.o
                0x000027dc                hal_checkTimer
 *fill*         0x000027ee        0x2 
 .text.hal_disableIRQs
                0x000027f0       0x10 C:\Users\Jeroen Gillis\AppData\Local\Temp\VMBuilds\LORACommunication\adafruit_adafruit_samd_adafruit_feather_m0\Debug\arduino-lmic-master\hal\hal.cpp.o
                0x000027f0                hal_disableIRQs
 .text.hal_enableIRQs
                0x00002800       0x50 C:\Users\Jeroen Gillis\AppData\Local\Temp\VMBuilds\LORACommunication\adafruit_adafruit_samd_adafruit_feather_m0\Debug\arduino-lmic-master\hal\hal.cpp.o
                0x00002800                hal_enableIRQs
 .text.hal_sleep
                0x00002850        0x2 C:\Users\Jeroen Gillis\AppData\Local\Temp\VMBuilds\LORACommunication\adafruit_adafruit_samd_adafruit_feather_m0\Debug\arduino-lmic-master\hal\hal.cpp.o
                0x00002850                hal_sleep
 *fill*         0x00002852        0x2 
 .text.startup._GLOBAL__sub_I_hal_pin_rxtx
                0x00002854       0x18 C:\Users\Jeroen Gillis\AppData\Local\Temp\VMBuilds\LORACommunication\adafruit_adafruit_samd_adafruit_feather_m0\Debug\arduino-lmic-master\hal\hal.cpp.o
 .text.hal_failed
                0x0000286c       0x40 C:\Users\Jeroen Gillis\AppData\Local\Temp\VMBuilds\LORACommunication\adafruit_adafruit_samd_adafruit_feather_m0\Debug\arduino-lmic-master\hal\hal.cpp.o
                0x0000286c                hal_failed
 .text.hal_init
                0x000028ac       0x84 C:\Users\Jeroen Gillis\AppData\Local\Temp\VMBuilds\LORACommunication\adafruit_adafruit_samd_adafruit_feather_m0\Debug\arduino-lmic-master\hal\hal.cpp.o
                0x000028ac                hal_init
 .text.calcRxWindow
                0x00002930       0x5c C:\Users\Jeroen Gillis\AppData\Local\Temp\VMBuilds\LORACommunication\adafruit_adafruit_samd_adafruit_feather_m0\Debug\arduino-lmic-master\lmic\lmic.c.o
 .text.setBcnRxParams
                0x0000298c       0x2c C:\Users\Jeroen Gillis\AppData\Local\Temp\VMBuilds\LORACommunication\adafruit_adafruit_samd_adafruit_feather_m0\Debug\arduino-lmic-master\lmic\lmic.c.o
 .text.stateJustJoined
                0x000029b8       0x80 C:\Users\Jeroen Gillis\AppData\Local\Temp\VMBuilds\LORACommunication\adafruit_adafruit_samd_adafruit_feather_m0\Debug\arduino-lmic-master\lmic\lmic.c.o
 .text.rndDelay
                0x00002a38       0x40 C:\Users\Jeroen Gillis\AppData\Local\Temp\VMBuilds\LORACommunication\adafruit_adafruit_samd_adafruit_feather_m0\Debug\arduino-lmic-master\lmic\lmic.c.o
 .text.txDelay  0x00002a78       0x3c C:\Users\Jeroen Gillis\AppData\Local\Temp\VMBuilds\LORACommunication\adafruit_adafruit_samd_adafruit_feather_m0\Debug\arduino-lmic-master\lmic\lmic.c.o
 .text.schedRx12
                0x00002ab4       0x78 C:\Users\Jeroen Gillis\AppData\Local\Temp\VMBuilds\LORACommunication\adafruit_adafruit_samd_adafruit_feather_m0\Debug\arduino-lmic-master\lmic\lmic.c.o
 .text.startRxBcn
                0x00002b2c       0x18 C:\Users\Jeroen Gillis\AppData\Local\Temp\VMBuilds\LORACommunication\adafruit_adafruit_samd_adafruit_feather_m0\Debug\arduino-lmic-master\lmic\lmic.c.o
 .text.startRxPing
                0x00002b44       0x18 C:\Users\Jeroen Gillis\AppData\Local\Temp\VMBuilds\LORACommunication\adafruit_adafruit_samd_adafruit_feather_m0\Debug\arduino-lmic-master\lmic\lmic.c.o
 .text.setupRx1
                0x00002b5c       0x2c C:\Users\Jeroen Gillis\AppData\Local\Temp\VMBuilds\LORACommunication\adafruit_adafruit_samd_adafruit_feather_m0\Debug\arduino-lmic-master\lmic\lmic.c.o
 .text.setupRx1DnData
                0x00002b88       0x10 C:\Users\Jeroen Gillis\AppData\Local\Temp\VMBuilds\LORACommunication\adafruit_adafruit_samd_adafruit_feather_m0\Debug\arduino-lmic-master\lmic\lmic.c.o
 .text.setupRx1Jacc
                0x00002b98       0x10 C:\Users\Jeroen Gillis\AppData\Local\Temp\VMBuilds\LORACommunication\adafruit_adafruit_samd_adafruit_feather_m0\Debug\arduino-lmic-master\lmic\lmic.c.o
 .text.setupRx2
                0x00002ba8       0x40 C:\Users\Jeroen Gillis\AppData\Local\Temp\VMBuilds\LORACommunication\adafruit_adafruit_samd_adafruit_feather_m0\Debug\arduino-lmic-master\lmic\lmic.c.o
 .text.setupRx2DnData
                0x00002be8       0x18 C:\Users\Jeroen Gillis\AppData\Local\Temp\VMBuilds\LORACommunication\adafruit_adafruit_samd_adafruit_feather_m0\Debug\arduino-lmic-master\lmic\lmic.c.o
 .text.setupRx2Jacc
                0x00002c00       0x18 C:\Users\Jeroen Gillis\AppData\Local\Temp\VMBuilds\LORACommunication\adafruit_adafruit_samd_adafruit_feather_m0\Debug\arduino-lmic-master\lmic\lmic.c.o
 .text.startScan
                0x00002c18       0x84 C:\Users\Jeroen Gillis\AppData\Local\Temp\VMBuilds\LORACommunication\adafruit_adafruit_samd_adafruit_feather_m0\Debug\arduino-lmic-master\lmic\lmic.c.o
 .text.initDefaultChannels
                0x00002c9c       0xbc C:\Users\Jeroen Gillis\AppData\Local\Temp\VMBuilds\LORACommunication\adafruit_adafruit_samd_adafruit_feather_m0\Debug\arduino-lmic-master\lmic\lmic.c.o
 .text.setDrTxpow.isra.1
                0x00002d58       0x2c C:\Users\Jeroen Gillis\AppData\Local\Temp\VMBuilds\LORACommunication\adafruit_adafruit_samd_adafruit_feather_m0\Debug\arduino-lmic-master\lmic\lmic.c.o
 .text.os_rlsbf4
                0x00002d84       0x18 C:\Users\Jeroen Gillis\AppData\Local\Temp\VMBuilds\LORACommunication\adafruit_adafruit_samd_adafruit_feather_m0\Debug\arduino-lmic-master\lmic\lmic.c.o
                0x00002d84                os_rlsbf4
 .text.convFreq
                0x00002d9c       0x28 C:\Users\Jeroen Gillis\AppData\Local\Temp\VMBuilds\LORACommunication\adafruit_adafruit_samd_adafruit_feather_m0\Debug\arduino-lmic-master\lmic\lmic.c.o
 .text.os_rmsbf4
                0x00002dc4       0x18 C:\Users\Jeroen Gillis\AppData\Local\Temp\VMBuilds\LORACommunication\adafruit_adafruit_samd_adafruit_feather_m0\Debug\arduino-lmic-master\lmic\lmic.c.o
                0x00002dc4                os_rmsbf4
 .text.os_wlsbf4
                0x00002ddc       0x10 C:\Users\Jeroen Gillis\AppData\Local\Temp\VMBuilds\LORACommunication\adafruit_adafruit_samd_adafruit_feather_m0\Debug\arduino-lmic-master\lmic\lmic.c.o
                0x00002ddc                os_wlsbf4
 .text.aes_cipher.part.3
                0x00002dec       0x58 C:\Users\Jeroen Gillis\AppData\Local\Temp\VMBuilds\LORACommunication\adafruit_adafruit_samd_adafruit_feather_m0\Debug\arduino-lmic-master\lmic\lmic.c.o
 .text.rxschedInit.constprop.11
                0x00002e44       0xac C:\Users\Jeroen Gillis\AppData\Local\Temp\VMBuilds\LORACommunication\adafruit_adafruit_samd_adafruit_feather_m0\Debug\arduino-lmic-master\lmic\lmic.c.o
 .text.txDone   0x00002ef0       0x64 C:\Users\Jeroen Gillis\AppData\Local\Temp\VMBuilds\LORACommunication\adafruit_adafruit_samd_adafruit_feather_m0\Debug\arduino-lmic-master\lmic\lmic.c.o
 .text.updataDone
                0x00002f54       0x24 C:\Users\Jeroen Gillis\AppData\Local\Temp\VMBuilds\LORACommunication\adafruit_adafruit_samd_adafruit_feather_m0\Debug\arduino-lmic-master\lmic\lmic.c.o
 .text.jreqDone
                0x00002f78       0x14 C:\Users\Jeroen Gillis\AppData\Local\Temp\VMBuilds\LORACommunication\adafruit_adafruit_samd_adafruit_feather_m0\Debug\arduino-lmic-master\lmic\lmic.c.o
 .text.os_wmsbf4
                0x00002f8c       0x10 C:\Users\Jeroen Gillis\AppData\Local\Temp\VMBuilds\LORACommunication\adafruit_adafruit_samd_adafruit_feather_m0\Debug\arduino-lmic-master\lmic\lmic.c.o
                0x00002f8c                os_wmsbf4
 .text.os_crc16
                0x00002f9c       0x38 C:\Users\Jeroen Gillis\AppData\Local\Temp\VMBuilds\LORACommunication\adafruit_adafruit_samd_adafruit_feather_m0\Debug\arduino-lmic-master\lmic\lmic.c.o
                0x00002f9c                os_crc16
 .text.decodeBeacon
                0x00002fd4       0xf4 C:\Users\Jeroen Gillis\AppData\Local\Temp\VMBuilds\LORACommunication\adafruit_adafruit_samd_adafruit_feather_m0\Debug\arduino-lmic-master\lmic\lmic.c.o
 .text.getSensitivity
                0x000030c8       0x1c C:\Users\Jeroen Gillis\AppData\Local\Temp\VMBuilds\LORACommunication\adafruit_adafruit_samd_adafruit_feather_m0\Debug\arduino-lmic-master\lmic\lmic.c.o
                0x000030c8                getSensitivity
 .text.calcAirTime
                0x000030e4       0x98 C:\Users\Jeroen Gillis\AppData\Local\Temp\VMBuilds\LORACommunication\adafruit_adafruit_samd_adafruit_feather_m0\Debug\arduino-lmic-master\lmic\lmic.c.o
                0x000030e4                calcAirTime
 .text.LMIC_setupChannel
                0x0000317c       0x84 C:\Users\Jeroen Gillis\AppData\Local\Temp\VMBuilds\LORACommunication\adafruit_adafruit_samd_adafruit_feather_m0\Debug\arduino-lmic-master\lmic\lmic.c.o
                0x0000317c                LMIC_setupChannel
 .text.decodeFrame
                0x00003200      0x500 C:\Users\Jeroen Gillis\AppData\Local\Temp\VMBuilds\LORACommunication\adafruit_adafruit_samd_adafruit_feather_m0\Debug\arduino-lmic-master\lmic\lmic.c.o
 .text.LMIC_startJoining
                0x00003700       0xb8 C:\Users\Jeroen Gillis\AppData\Local\Temp\VMBuilds\LORACommunication\adafruit_adafruit_samd_adafruit_feather_m0\Debug\arduino-lmic-master\lmic\lmic.c.o
                0x00003700                LMIC_startJoining
 .text.engineUpdate
                0x000037b8      0x738 C:\Users\Jeroen Gillis\AppData\Local\Temp\VMBuilds\LORACommunication\adafruit_adafruit_samd_adafruit_feather_m0\Debug\arduino-lmic-master\lmic\lmic.c.o
 .text.reportEvent
                0x00003ef0        0xc C:\Users\Jeroen Gillis\AppData\Local\Temp\VMBuilds\LORACommunication\adafruit_adafruit_samd_adafruit_feather_m0\Debug\arduino-lmic-master\lmic\lmic.c.o
 .text.onBcnRx  0x00003efc       0xa4 C:\Users\Jeroen Gillis\AppData\Local\Temp\VMBuilds\LORACommunication\adafruit_adafruit_samd_adafruit_feather_m0\Debug\arduino-lmic-master\lmic\lmic.c.o
 .text.processBeacon
                0x00003fa0      0x18c C:\Users\Jeroen Gillis\AppData\Local\Temp\VMBuilds\LORACommunication\adafruit_adafruit_samd_adafruit_feather_m0\Debug\arduino-lmic-master\lmic\lmic.c.o
 .text.processJoinAccept
                0x0000412c      0x2d8 C:\Users\Jeroen Gillis\AppData\Local\Temp\VMBuilds\LORACommunication\adafruit_adafruit_samd_adafruit_feather_m0\Debug\arduino-lmic-master\lmic\lmic.c.o
 .text.processRx1Jacc
                0x00004404       0x38 C:\Users\Jeroen Gillis\AppData\Local\Temp\VMBuilds\LORACommunication\adafruit_adafruit_samd_adafruit_feather_m0\Debug\arduino-lmic-master\lmic\lmic.c.o
 .text.processRx2Jacc
                0x0000443c       0x20 C:\Users\Jeroen Gillis\AppData\Local\Temp\VMBuilds\LORACommunication\adafruit_adafruit_samd_adafruit_feather_m0\Debug\arduino-lmic-master\lmic\lmic.c.o
 .text.onJoinFailed
                0x0000445c        0xa C:\Users\Jeroen Gillis\AppData\Local\Temp\VMBuilds\LORACommunication\adafruit_adafruit_samd_adafruit_feather_m0\Debug\arduino-lmic-master\lmic\lmic.c.o
 .text.startJoining
                0x00004466        0xa C:\Users\Jeroen Gillis\AppData\Local\Temp\VMBuilds\LORACommunication\adafruit_adafruit_samd_adafruit_feather_m0\Debug\arduino-lmic-master\lmic\lmic.c.o
 .text.runEngineUpdate
                0x00004470        0x8 C:\Users\Jeroen Gillis\AppData\Local\Temp\VMBuilds\LORACommunication\adafruit_adafruit_samd_adafruit_feather_m0\Debug\arduino-lmic-master\lmic\lmic.c.o
 .text.processPingRx
                0x00004478       0x30 C:\Users\Jeroen Gillis\AppData\Local\Temp\VMBuilds\LORACommunication\adafruit_adafruit_samd_adafruit_feather_m0\Debug\arduino-lmic-master\lmic\lmic.c.o
 .text.processDnData
                0x000044a8      0x168 C:\Users\Jeroen Gillis\AppData\Local\Temp\VMBuilds\LORACommunication\adafruit_adafruit_samd_adafruit_feather_m0\Debug\arduino-lmic-master\lmic\lmic.c.o
 .text.processRx1DnData
                0x00004610       0x40 C:\Users\Jeroen Gillis\AppData\Local\Temp\VMBuilds\LORACommunication\adafruit_adafruit_samd_adafruit_feather_m0\Debug\arduino-lmic-master\lmic\lmic.c.o
 .text.processRx2DnData
                0x00004650       0x44 C:\Users\Jeroen Gillis\AppData\Local\Temp\VMBuilds\LORACommunication\adafruit_adafruit_samd_adafruit_feather_m0\Debug\arduino-lmic-master\lmic\lmic.c.o
 .text.processRx2DnDataDelay
                0x00004694        0x8 C:\Users\Jeroen Gillis\AppData\Local\Temp\VMBuilds\LORACommunication\adafruit_adafruit_samd_adafruit_feather_m0\Debug\arduino-lmic-master\lmic\lmic.c.o
 .text.LMIC_shutdown
                0x0000469c       0x20 C:\Users\Jeroen Gillis\AppData\Local\Temp\VMBuilds\LORACommunication\adafruit_adafruit_samd_adafruit_feather_m0\Debug\arduino-lmic-master\lmic\lmic.c.o
                0x0000469c                LMIC_shutdown
 .text.LMIC_reset
                0x000046bc       0x7c C:\Users\Jeroen Gillis\AppData\Local\Temp\VMBuilds\LORACommunication\adafruit_adafruit_samd_adafruit_feather_m0\Debug\arduino-lmic-master\lmic\lmic.c.o
                0x000046bc                LMIC_reset
 .text.runReset
                0x00004738       0x12 C:\Users\Jeroen Gillis\AppData\Local\Temp\VMBuilds\LORACommunication\adafruit_adafruit_samd_adafruit_feather_m0\Debug\arduino-lmic-master\lmic\lmic.c.o
 *fill*         0x0000474a        0x2 
 .text.LMIC_init
                0x0000474c       0x10 C:\Users\Jeroen Gillis\AppData\Local\Temp\VMBuilds\LORACommunication\adafruit_adafruit_samd_adafruit_feather_m0\Debug\arduino-lmic-master\lmic\lmic.c.o
                0x0000474c                LMIC_init
 .text.LMIC_setTxData
                0x0000475c       0x28 C:\Users\Jeroen Gillis\AppData\Local\Temp\VMBuilds\LORACommunication\adafruit_adafruit_samd_adafruit_feather_m0\Debug\arduino-lmic-master\lmic\lmic.c.o
                0x0000475c                LMIC_setTxData
 .text.LMIC_setTxData2
                0x00004784       0x40 C:\Users\Jeroen Gillis\AppData\Local\Temp\VMBuilds\LORACommunication\adafruit_adafruit_samd_adafruit_feather_m0\Debug\arduino-lmic-master\lmic\lmic.c.o
                0x00004784                LMIC_setTxData2
 .text.os_init  0x000047c4       0x1c C:\Users\Jeroen Gillis\AppData\Local\Temp\VMBuilds\LORACommunication\adafruit_adafruit_samd_adafruit_feather_m0\Debug\arduino-lmic-master\lmic\oslmic.c.o
                0x000047c4                os_init
 .text.os_getTime
                0x000047e0        0x8 C:\Users\Jeroen Gillis\AppData\Local\Temp\VMBuilds\LORACommunication\adafruit_adafruit_samd_adafruit_feather_m0\Debug\arduino-lmic-master\lmic\oslmic.c.o
                0x000047e0                os_getTime
 .text.os_clearCallback
                0x000047e8       0x40 C:\Users\Jeroen Gillis\AppData\Local\Temp\VMBuilds\LORACommunication\adafruit_adafruit_samd_adafruit_feather_m0\Debug\arduino-lmic-master\lmic\oslmic.c.o
                0x000047e8                os_clearCallback
 .text.os_setCallback
                0x00004828       0x34 C:\Users\Jeroen Gillis\AppData\Local\Temp\VMBuilds\LORACommunication\adafruit_adafruit_samd_adafruit_feather_m0\Debug\arduino-lmic-master\lmic\oslmic.c.o
                0x00004828                os_setCallback
 .text.os_setTimedCallback
                0x0000485c       0x40 C:\Users\Jeroen Gillis\AppData\Local\Temp\VMBuilds\LORACommunication\adafruit_adafruit_samd_adafruit_feather_m0\Debug\arduino-lmic-master\lmic\oslmic.c.o
                0x0000485c                os_setTimedCallback
 .text.os_runloop_once
                0x0000489c       0x44 C:\Users\Jeroen Gillis\AppData\Local\Temp\VMBuilds\LORACommunication\adafruit_adafruit_samd_adafruit_feather_m0\Debug\arduino-lmic-master\lmic\oslmic.c.o
                0x0000489c                os_runloop_once
 .text.writeReg
                0x000048e0       0x22 C:\Users\Jeroen Gillis\AppData\Local\Temp\VMBuilds\LORACommunication\adafruit_adafruit_samd_adafruit_feather_m0\Debug\arduino-lmic-master\lmic\radio.c.o
 *fill*         0x00004902        0x2 
 .text.configLoraModem
                0x00004904       0xa4 C:\Users\Jeroen Gillis\AppData\Local\Temp\VMBuilds\LORACommunication\adafruit_adafruit_samd_adafruit_feather_m0\Debug\arduino-lmic-master\lmic\radio.c.o
 .text.configChannel
                0x000049a8       0x48 C:\Users\Jeroen Gillis\AppData\Local\Temp\VMBuilds\LORACommunication\adafruit_adafruit_samd_adafruit_feather_m0\Debug\arduino-lmic-master\lmic\radio.c.o
 .text.readReg  0x000049f0       0x24 C:\Users\Jeroen Gillis\AppData\Local\Temp\VMBuilds\LORACommunication\adafruit_adafruit_samd_adafruit_feather_m0\Debug\arduino-lmic-master\lmic\radio.c.o
 .text.opmode   0x00004a14       0x1c C:\Users\Jeroen Gillis\AppData\Local\Temp\VMBuilds\LORACommunication\adafruit_adafruit_samd_adafruit_feather_m0\Debug\arduino-lmic-master\lmic\radio.c.o
 .text.configPower
                0x00004a30       0x3c C:\Users\Jeroen Gillis\AppData\Local\Temp\VMBuilds\LORACommunication\adafruit_adafruit_samd_adafruit_feather_m0\Debug\arduino-lmic-master\lmic\radio.c.o
 .text.readBuf.constprop.0
                0x00004a6c       0x38 C:\Users\Jeroen Gillis\AppData\Local\Temp\VMBuilds\LORACommunication\adafruit_adafruit_samd_adafruit_feather_m0\Debug\arduino-lmic-master\lmic\radio.c.o
 .text.writeBuf.constprop.1
                0x00004aa4       0x38 C:\Users\Jeroen Gillis\AppData\Local\Temp\VMBuilds\LORACommunication\adafruit_adafruit_samd_adafruit_feather_m0\Debug\arduino-lmic-master\lmic\radio.c.o
 .text.rxlora   0x00004adc       0xc0 C:\Users\Jeroen Gillis\AppData\Local\Temp\VMBuilds\LORACommunication\adafruit_adafruit_samd_adafruit_feather_m0\Debug\arduino-lmic-master\lmic\radio.c.o
 .text.startrx  0x00004b9c      0x108 C:\Users\Jeroen Gillis\AppData\Local\Temp\VMBuilds\LORACommunication\adafruit_adafruit_samd_adafruit_feather_m0\Debug\arduino-lmic-master\lmic\radio.c.o
 .text.radio_init
                0x00004ca4       0xa0 C:\Users\Jeroen Gillis\AppData\Local\Temp\VMBuilds\LORACommunication\adafruit_adafruit_samd_adafruit_feather_m0\Debug\arduino-lmic-master\lmic\radio.c.o
                0x00004ca4                radio_init
 .text.radio_rand1
                0x00004d44       0x38 C:\Users\Jeroen Gillis\AppData\Local\Temp\VMBuilds\LORACommunication\adafruit_adafruit_samd_adafruit_feather_m0\Debug\arduino-lmic-master\lmic\radio.c.o
                0x00004d44                radio_rand1
 .text.radio_irq_handler
                0x00004d7c      0x118 C:\Users\Jeroen Gillis\AppData\Local\Temp\VMBuilds\LORACommunication\adafruit_adafruit_samd_adafruit_feather_m0\Debug\arduino-lmic-master\lmic\radio.c.o
                0x00004d7c                radio_irq_handler
 .text.os_radio
                0x00004e94      0x188 C:\Users\Jeroen Gillis\AppData\Local\Temp\VMBuilds\LORACommunication\adafruit_adafruit_samd_adafruit_feather_m0\Debug\arduino-lmic-master\lmic\radio.c.o
                0x00004e94                os_radio
 .text._ZN8SPIClass4initEv
                0x0000501c       0x12 C:\Users\Jeroen Gillis\AppData\Local\Temp\VMBuilds\LORACommunication\adafruit_adafruit_samd_adafruit_feather_m0\Debug\SPI\SPI.cpp.o
                0x0000501c                SPIClass::init()
 .text._ZN8SPIClass6configE11SPISettings
                0x0000502e       0x36 C:\Users\Jeroen Gillis\AppData\Local\Temp\VMBuilds\LORACommunication\adafruit_adafruit_samd_adafruit_feather_m0\Debug\SPI\SPI.cpp.o
                0x0000502e                SPIClass::config(SPISettings)
 .text._ZN8SPIClass5beginEv
                0x00005064       0x50 C:\Users\Jeroen Gillis\AppData\Local\Temp\VMBuilds\LORACommunication\adafruit_adafruit_samd_adafruit_feather_m0\Debug\SPI\SPI.cpp.o
                0x00005064                SPIClass::begin()
 .text._ZN8SPIClass3endEv
                0x000050b4       0x10 C:\Users\Jeroen Gillis\AppData\Local\Temp\VMBuilds\LORACommunication\adafruit_adafruit_samd_adafruit_feather_m0\Debug\SPI\SPI.cpp.o
                0x000050b4                SPIClass::end()
 .text._ZN8SPIClass16beginTransactionE11SPISettings
                0x000050c4       0x38 C:\Users\Jeroen Gillis\AppData\Local\Temp\VMBuilds\LORACommunication\adafruit_adafruit_samd_adafruit_feather_m0\Debug\SPI\SPI.cpp.o
                0x000050c4                SPIClass::beginTransaction(SPISettings)
 .text._ZN8SPIClass14endTransactionEv
                0x000050fc       0x24 C:\Users\Jeroen Gillis\AppData\Local\Temp\VMBuilds\LORACommunication\adafruit_adafruit_samd_adafruit_feather_m0\Debug\SPI\SPI.cpp.o
                0x000050fc                SPIClass::endTransaction()
 .text._ZN8SPIClass8transferEh
                0x00005120        0xa C:\Users\Jeroen Gillis\AppData\Local\Temp\VMBuilds\LORACommunication\adafruit_adafruit_samd_adafruit_feather_m0\Debug\SPI\SPI.cpp.o
                0x00005120                SPIClass::transfer(unsigned char)
 *fill*         0x0000512a        0x2 
 .text.startup._GLOBAL__sub_I__ZN8SPIClassC2EP6SERCOMhhh14SercomSpiTXPad11SercomRXPad
                0x0000512c       0x38 C:\Users\Jeroen Gillis\AppData\Local\Temp\VMBuilds\LORACommunication\adafruit_adafruit_samd_adafruit_feather_m0\Debug\SPI\SPI.cpp.o
 *fill*         0x00005164        0x4 
 .text._Z9blinkfuncP7osjob_t
                0x00005168       0x78 C:\Users\Jeroen Gillis\AppData\Local\Temp\VMBuilds\LORACommunication\adafruit_adafruit_samd_adafruit_feather_m0\Debug\lora_communication.cpp.o
                0x00005168                blinkfunc(osjob_t*)
 .text.os_getArtEui
                0x000051e0       0x10 C:\Users\Jeroen Gillis\AppData\Local\Temp\VMBuilds\LORACommunication\adafruit_adafruit_samd_adafruit_feather_m0\Debug\lora_communication.cpp.o
                0x000051e0                os_getArtEui
 .text.os_getDevEui
                0x000051f0       0x10 C:\Users\Jeroen Gillis\AppData\Local\Temp\VMBuilds\LORACommunication\adafruit_adafruit_samd_adafruit_feather_m0\Debug\lora_communication.cpp.o
                0x000051f0                os_getDevEui
 .text.os_getDevKey
                0x00005200       0x10 C:\Users\Jeroen Gillis\AppData\Local\Temp\VMBuilds\LORACommunication\adafruit_adafruit_samd_adafruit_feather_m0\Debug\lora_communication.cpp.o
                0x00005200                os_getDevKey
 .text.onEvent  0x00005210      0x104 C:\Users\Jeroen Gillis\AppData\Local\Temp\VMBuilds\LORACommunication\adafruit_adafruit_samd_adafruit_feather_m0\Debug\lora_communication.cpp.o
                0x00005210                onEvent
 .text._Z10comm_setupv
                0x00005314       0xdc C:\Users\Jeroen Gillis\AppData\Local\Temp\VMBuilds\LORACommunication\adafruit_adafruit_samd_adafruit_feather_m0\Debug\lora_communication.cpp.o
                0x00005314                comm_setup()
 .text._Z17comm_start_reportth
                0x000053f0       0x70 C:\Users\Jeroen Gillis\AppData\Local\Temp\VMBuilds\LORACommunication\adafruit_adafruit_samd_adafruit_feather_m0\Debug\lora_communication.cpp.o
                0x000053f0                comm_start_report(unsigned short, unsigned char)
 .text._Z16comm_fill_reportPKhi
                0x00005460       0x68 C:\Users\Jeroen Gillis\AppData\Local\Temp\VMBuilds\LORACommunication\adafruit_adafruit_samd_adafruit_feather_m0\Debug\lora_communication.cpp.o
                0x00005460                comm_fill_report(unsigned char const*, int)
 .text._Z16lora_send_packetPhi
                0x000054c8       0x80 C:\Users\Jeroen Gillis\AppData\Local\Temp\VMBuilds\LORACommunication\adafruit_adafruit_samd_adafruit_feather_m0\Debug\lora_communication.cpp.o
                0x000054c8                lora_send_packet(unsigned char*, int)
 .text._Z16comm_send_reportPh
                0x00005548      0x164 C:\Users\Jeroen Gillis\AppData\Local\Temp\VMBuilds\LORACommunication\adafruit_adafruit_samd_adafruit_feather_m0\Debug\lora_communication.cpp.o
                0x00005548                comm_send_report(unsigned char*)
 .text._Z10comm_abortv
                0x000056ac       0x2c C:\Users\Jeroen Gillis\AppData\Local\Temp\VMBuilds\LORACommunication\adafruit_adafruit_samd_adafruit_feather_m0\Debug\lora_communication.cpp.o
                0x000056ac                comm_abort()
 .text._Z15reporting_setupv
                0x000056d8       0x24 C:\Users\Jeroen Gillis\AppData\Local\Temp\VMBuilds\LORACommunication\adafruit_adafruit_samd_adafruit_feather_m0\Debug\reporting_task.cpp.o
                0x000056d8                reporting_setup()
 .text._Z14reporting_testPhi
                0x000056fc      0x16c C:\Users\Jeroen Gillis\AppData\Local\Temp\VMBuilds\LORACommunication\adafruit_adafruit_samd_adafruit_feather_m0\Debug\reporting_task.cpp.o
                0x000056fc                reporting_test(unsigned char*, int)
 .text._Z14sampling_setupv
                0x00005868       0x24 C:\Users\Jeroen Gillis\AppData\Local\Temp\VMBuilds\LORACommunication\adafruit_adafruit_samd_adafruit_feather_m0\Debug\sampling_task.cpp.o
                0x00005868                sampling_setup()
 .text._Z12send_commandPK7commandPh
                0x0000588c      0x16c C:\Users\Jeroen Gillis\AppData\Local\Temp\VMBuilds\LORACommunication\adafruit_adafruit_samd_adafruit_feather_m0\Debug\sampling_task.cpp.o
                0x0000588c                send_command(command const*, unsigned char*)
 .text._Z22get_paygState_from_boxPh
                0x000059f8       0x90 C:\Users\Jeroen Gillis\AppData\Local\Temp\VMBuilds\LORACommunication\adafruit_adafruit_samd_adafruit_feather_m0\Debug\sampling_task.cpp.o
                0x000059f8                get_paygState_from_box(unsigned char*)
 .text._Z17get_opid_from_boxPh
                0x00005a88       0x78 C:\Users\Jeroen Gillis\AppData\Local\Temp\VMBuilds\LORACommunication\adafruit_adafruit_samd_adafruit_feather_m0\Debug\sampling_task.cpp.o
                0x00005a88                get_opid_from_box(unsigned char*)
 .text._Z17get_data_from_boxPh
                0x00005b00       0x90 C:\Users\Jeroen Gillis\AppData\Local\Temp\VMBuilds\LORACommunication\adafruit_adafruit_samd_adafruit_feather_m0\Debug\sampling_task.cpp.o
                0x00005b00                get_data_from_box(unsigned char*)
 .text._Z18lora_batt_samplingv
                0x00005b90       0x9c C:\Users\Jeroen Gillis\AppData\Local\Temp\VMBuilds\LORACommunication\adafruit_adafruit_samd_adafruit_feather_m0\Debug\sampling_task.cpp.o
                0x00005b90                lora_batt_sampling()
 .text._Z18lora_payg_samplingv
                0x00005c2c       0x9c C:\Users\Jeroen Gillis\AppData\Local\Temp\VMBuilds\LORACommunication\adafruit_adafruit_samd_adafruit_feather_m0\Debug\sampling_task.cpp.o
                0x00005c2c                lora_payg_sampling()
 .text._Z13sampling_testPh
                0x00005cc8       0x60 C:\Users\Jeroen Gillis\AppData\Local\Temp\VMBuilds\LORACommunication\adafruit_adafruit_samd_adafruit_feather_m0\Debug\sampling_task.cpp.o
                0x00005cc8                sampling_test(unsigned char*)
 .text._Z10stor_setupv
                0x00005d28       0x34 C:\Users\Jeroen Gillis\AppData\Local\Temp\VMBuilds\LORACommunication\adafruit_adafruit_samd_adafruit_feather_m0\Debug\storage_manager.cpp.o
                0x00005d28                stor_setup()
 .text._Z14memory_is_busyv
                0x00005d5c       0x30 C:\Users\Jeroen Gillis\AppData\Local\Temp\VMBuilds\LORACommunication\adafruit_adafruit_samd_adafruit_feather_m0\Debug\storage_manager.cpp.o
                0x00005d5c                memory_is_busy()
 .text._Z11wait_memoryt
                0x00005d8c       0x24 C:\Users\Jeroen Gillis\AppData\Local\Temp\VMBuilds\LORACommunication\adafruit_adafruit_samd_adafruit_feather_m0\Debug\storage_manager.cpp.o
                0x00005d8c                wait_memory(unsigned short)
 .text._Z10stor_startv
                0x00005db0       0x34 C:\Users\Jeroen Gillis\AppData\Local\Temp\VMBuilds\LORACommunication\adafruit_adafruit_samd_adafruit_feather_m0\Debug\storage_manager.cpp.o
                0x00005db0                stor_start()
 .text._Z8stor_endv
                0x00005de4       0x44 C:\Users\Jeroen Gillis\AppData\Local\Temp\VMBuilds\LORACommunication\adafruit_adafruit_samd_adafruit_feather_m0\Debug\storage_manager.cpp.o
                0x00005de4                stor_end()
 .text._Z17stor_erase_eepromv
                0x00005e28       0x68 C:\Users\Jeroen Gillis\AppData\Local\Temp\VMBuilds\LORACommunication\adafruit_adafruit_samd_adafruit_feather_m0\Debug\storage_manager.cpp.o
                0x00005e28                stor_erase_eeprom()
 .text._Z17write_eeprom_pagePhtt
                0x00005e90       0x84 C:\Users\Jeroen Gillis\AppData\Local\Temp\VMBuilds\LORACommunication\adafruit_adafruit_samd_adafruit_feather_m0\Debug\storage_manager.cpp.o
                0x00005e90                write_eeprom_page(unsigned char*, unsigned short, unsigned short)
 .text._Z12write_eepromPhtt
                0x00005f14       0x48 C:\Users\Jeroen Gillis\AppData\Local\Temp\VMBuilds\LORACommunication\adafruit_adafruit_samd_adafruit_feather_m0\Debug\storage_manager.cpp.o
                0x00005f14                write_eeprom(unsigned char*, unsigned short, unsigned short)
 .text._Z11read_eepromPhtt
                0x00005f5c       0x58 C:\Users\Jeroen Gillis\AppData\Local\Temp\VMBuilds\LORACommunication\adafruit_adafruit_samd_adafruit_feather_m0\Debug\storage_manager.cpp.o
                0x00005f5c                read_eeprom(unsigned char*, unsigned short, unsigned short)
 .text._Z9stor_testv
                0x00005fb4      0x144 C:\Users\Jeroen Gillis\AppData\Local\Temp\VMBuilds\LORACommunication\adafruit_adafruit_samd_adafruit_feather_m0\Debug\storage_manager.cpp.o
                0x00005fb4                stor_test()
 .text._Z11sched_setupv
                0x000060f8       0xe4 C:\Users\Jeroen Gillis\AppData\Local\Temp\VMBuilds\LORACommunication\adafruit_adafruit_samd_adafruit_feather_m0\Debug\task_scheduler.cpp.o
                0x000060f8                sched_setup()
 .text.RTC_Handler
                0x000061dc       0x2c C:\Users\Jeroen Gillis\AppData\Local\Temp\VMBuilds\LORACommunication\adafruit_adafruit_samd_adafruit_feather_m0\Debug\task_scheduler.cpp.o
                0x000061dc                RTC_Handler
 .text._Z14sched_add_taskPFvvEll
                0x00006208       0x58 C:\Users\Jeroen Gillis\AppData\Local\Temp\VMBuilds\LORACommunication\adafruit_adafruit_samd_adafruit_feather_m0\Debug\task_scheduler.cpp.o
                0x00006208                sched_add_task(void (*)(), long, long)
 .text._Z11sched_sleepv
                0x00006260       0x14 C:\Users\Jeroen Gillis\AppData\Local\Temp\VMBuilds\LORACommunication\adafruit_adafruit_samd_adafruit_feather_m0\Debug\task_scheduler.cpp.o
                0x00006260                sched_sleep()
 .text._Z14sched_mainloopv
                0x00006274       0x8c C:\Users\Jeroen Gillis\AppData\Local\Temp\VMBuilds\LORACommunication\adafruit_adafruit_samd_adafruit_feather_m0\Debug\task_scheduler.cpp.o
                0x00006274                sched_mainloop()
 .text.SERCOM0_Handler
                0x00006300       0x10 C:\Users\Jeroen Gillis\AppData\Local\Temp\VMBuilds\LORACommunication\adafruit_adafruit_samd_adafruit_feather_m0\Debug\variant\variant.cpp.o
                0x00006300                SERCOM0_Handler
 .text.SERCOM5_Handler
                0x00006310       0x10 C:\Users\Jeroen Gillis\AppData\Local\Temp\VMBuilds\LORACommunication\adafruit_adafruit_samd_adafruit_feather_m0\Debug\variant\variant.cpp.o
                0x00006310                SERCOM5_Handler
 .text.startup._GLOBAL__sub_I_g_APinDescription
                0x00006320       0x94 C:\Users\Jeroen Gillis\AppData\Local\Temp\VMBuilds\LORACommunication\adafruit_adafruit_samd_adafruit_feather_m0\Debug\variant\variant.cpp.o
 .text.Dummy_Handler
                0x000063b4        0x2 C:\Users\Jeroen Gillis\AppData\Local\Temp\VMBuilds\LORACommunication\adafruit_adafruit_samd_adafruit_feather_m0\Debug/core.a(cortex_handlers.c.o)
                0x000063b4                DMAC_Handler
                0x000063b4                HardFault_Handler
                0x000063b4                AC_Handler
                0x000063b4                PendSV_Handler
                0x000063b4                NMI_Handler
                0x000063b4                TC7_Handler
                0x000063b4                SERCOM1_Handler
                0x000063b4                ADC_Handler
                0x000063b4                TCC1_Handler
                0x000063b4                SERCOM2_Handler
                0x000063b4                TCC0_Handler
                0x000063b4                EIC_Handler
                0x000063b4                TC6_Handler
                0x000063b4                WDT_Handler
                0x000063b4                TC4_Handler
                0x000063b4                TC3_Handler
                0x000063b4                Dummy_Handler
                0x000063b4                PM_Handler
                0x000063b4                SVC_Handler
                0x000063b4                TCC2_Handler
                0x000063b4                EVSYS_Handler
                0x000063b4                SERCOM3_Handler
                0x000063b4                SERCOM4_Handler
                0x000063b4                I2S_Handler
                0x000063b4                NVMCTRL_Handler
                0x000063b4                DAC_Handler
                0x000063b4                PTC_Handler
                0x000063b4                SYSCTRL_Handler
 *fill*         0x000063b6        0x2 
 .text.USB_Handler
                0x000063b8       0x14 C:\Users\Jeroen Gillis\AppData\Local\Temp\VMBuilds\LORACommunication\adafruit_adafruit_samd_adafruit_feather_m0\Debug/core.a(cortex_handlers.c.o)
                0x000063b8                USB_Handler
 .text.Reset_Handler
                0x000063cc       0x54 C:\Users\Jeroen Gillis\AppData\Local\Temp\VMBuilds\LORACommunication\adafruit_adafruit_samd_adafruit_feather_m0\Debug/core.a(cortex_handlers.c.o)
                0x000063cc                Reset_Handler
 .text.SysTick_Handler
                0x00006420       0x10 C:\Users\Jeroen Gillis\AppData\Local\Temp\VMBuilds\LORACommunication\adafruit_adafruit_samd_adafruit_feather_m0\Debug/core.a(cortex_handlers.c.o)
                0x00006420                SysTick_Handler
 .text.USB_SetHandler
                0x00006430        0xc C:\Users\Jeroen Gillis\AppData\Local\Temp\VMBuilds\LORACommunication\adafruit_adafruit_samd_adafruit_feather_m0\Debug/core.a(cortex_handlers.c.o)
                0x00006430                USB_SetHandler
 .text.millis   0x0000643c        0xc C:\Users\Jeroen Gillis\AppData\Local\Temp\VMBuilds\LORACommunication\adafruit_adafruit_samd_adafruit_feather_m0\Debug/core.a(delay.c.o)
                0x0000643c                millis
 .text.micros   0x00006448       0x64 C:\Users\Jeroen Gillis\AppData\Local\Temp\VMBuilds\LORACommunication\adafruit_adafruit_samd_adafruit_feather_m0\Debug/core.a(delay.c.o)
                0x00006448                micros
 .text.delay    0x000064ac       0x20 C:\Users\Jeroen Gillis\AppData\Local\Temp\VMBuilds\LORACommunication\adafruit_adafruit_samd_adafruit_feather_m0\Debug/core.a(delay.c.o)
                0x000064ac                delay
 .text.SysTick_DefaultHandler
                0x000064cc       0x14 C:\Users\Jeroen Gillis\AppData\Local\Temp\VMBuilds\LORACommunication\adafruit_adafruit_samd_adafruit_feather_m0\Debug/core.a(delay.c.o)
                0x000064cc                SysTick_DefaultHandler
 .text.__empty  0x000064e0        0x2 C:\Users\Jeroen Gillis\AppData\Local\Temp\VMBuilds\LORACommunication\adafruit_adafruit_samd_adafruit_feather_m0\Debug/core.a(hooks.c.o)
                0x000064e0                yield
 .text.__false  0x000064e2        0x4 C:\Users\Jeroen Gillis\AppData\Local\Temp\VMBuilds\LORACommunication\adafruit_adafruit_samd_adafruit_feather_m0\Debug/core.a(hooks.c.o)
                0x000064e2                sysTickHook
 *fill*         0x000064e6        0x2 
 .text.SystemInit
                0x000064e8      0x168 C:\Users\Jeroen Gillis\AppData\Local\Temp\VMBuilds\LORACommunication\adafruit_adafruit_samd_adafruit_feather_m0\Debug/core.a(startup.c.o)
                0x000064e8                SystemInit
 .text.init     0x00006650       0xf0 C:\Users\Jeroen Gillis\AppData\Local\Temp\VMBuilds\LORACommunication\adafruit_adafruit_samd_adafruit_feather_m0\Debug/core.a(wiring.c.o)
                0x00006650                init
 .text.analogReference
                0x00006740       0x5c C:\Users\Jeroen Gillis\AppData\Local\Temp\VMBuilds\LORACommunication\adafruit_adafruit_samd_adafruit_feather_m0\Debug/core.a(wiring_analog.c.o)
                0x00006740                analogReference
 .text.pinMode  0x0000679c       0xb4 C:\Users\Jeroen Gillis\AppData\Local\Temp\VMBuilds\LORACommunication\adafruit_adafruit_samd_adafruit_feather_m0\Debug/core.a(wiring_digital.c.o)
                0x0000679c                pinMode
 .text.digitalWrite
                0x00006850       0x60 C:\Users\Jeroen Gillis\AppData\Local\Temp\VMBuilds\LORACommunication\adafruit_adafruit_samd_adafruit_feather_m0\Debug/core.a(wiring_digital.c.o)
                0x00006850                digitalWrite
 .text.digitalRead
                0x000068b0       0x30 C:\Users\Jeroen Gillis\AppData\Local\Temp\VMBuilds\LORACommunication\adafruit_adafruit_samd_adafruit_feather_m0\Debug/core.a(wiring_digital.c.o)
                0x000068b0                digitalRead
 .text.pinPeripheral
                0x000068e0       0xc4 C:\Users\Jeroen Gillis\AppData\Local\Temp\VMBuilds\LORACommunication\adafruit_adafruit_samd_adafruit_feather_m0\Debug/core.a(wiring_private.c.o)
                0x000068e0                pinPeripheral
 .text._Z11initVariantv
                0x000069a4        0x2 C:\Users\Jeroen Gillis\AppData\Local\Temp\VMBuilds\LORACommunication\adafruit_adafruit_samd_adafruit_feather_m0\Debug/core.a(main.cpp.o)
                0x000069a4                initVariant()
 *fill*         0x000069a6        0x2 
 .text.startup.main
                0x000069a8       0x40 C:\Users\Jeroen Gillis\AppData\Local\Temp\VMBuilds\LORACommunication\adafruit_adafruit_samd_adafruit_feather_m0\Debug/core.a(main.cpp.o)
                0x000069a8                main
 .text._ZN5Print5writeEPKhj
                0x000069e8       0x28 C:\Users\Jeroen Gillis\AppData\Local\Temp\VMBuilds\LORACommunication\adafruit_adafruit_samd_adafruit_feather_m0\Debug/core.a(Print.cpp.o)
                0x000069e8                Print::write(unsigned char const*, unsigned int)
 .text._ZN5Print5printEmi.part.3
                0x00006a10        0xc C:\Users\Jeroen Gillis\AppData\Local\Temp\VMBuilds\LORACommunication\adafruit_adafruit_samd_adafruit_feather_m0\Debug/core.a(Print.cpp.o)
 .text._ZN5Print5writeEPKc
                0x00006a1c       0x1c C:\Users\Jeroen Gillis\AppData\Local\Temp\VMBuilds\LORACommunication\adafruit_adafruit_samd_adafruit_feather_m0\Debug/core.a(Print.cpp.o)
                0x00006a1c                Print::write(char const*)
 .text._ZN5Print5printEPK19__FlashStringHelper
                0x00006a38        0x8 C:\Users\Jeroen Gillis\AppData\Local\Temp\VMBuilds\LORACommunication\adafruit_adafruit_samd_adafruit_feather_m0\Debug/core.a(Print.cpp.o)
                0x00006a38                Print::print(__FlashStringHelper const*)
 .text._ZN5Print5printEPKc
                0x00006a40        0x8 C:\Users\Jeroen Gillis\AppData\Local\Temp\VMBuilds\LORACommunication\adafruit_adafruit_samd_adafruit_feather_m0\Debug/core.a(Print.cpp.o)
                0x00006a40                Print::print(char const*)
 .text._ZN5Print5printEc
                0x00006a48        0xa C:\Users\Jeroen Gillis\AppData\Local\Temp\VMBuilds\LORACommunication\adafruit_adafruit_samd_adafruit_feather_m0\Debug/core.a(Print.cpp.o)
                0x00006a48                Print::print(char)
 *fill*         0x00006a52        0x2 
 .text._ZN5Print7printlnEv
                0x00006a54       0x10 C:\Users\Jeroen Gillis\AppData\Local\Temp\VMBuilds\LORACommunication\adafruit_adafruit_samd_adafruit_feather_m0\Debug/core.a(Print.cpp.o)
                0x00006a54                Print::println()
 .text._ZN5Print7printlnEPK19__FlashStringHelper
                0x00006a64       0x14 C:\Users\Jeroen Gillis\AppData\Local\Temp\VMBuilds\LORACommunication\adafruit_adafruit_samd_adafruit_feather_m0\Debug/core.a(Print.cpp.o)
                0x00006a64                Print::println(__FlashStringHelper const*)
 .text._ZN5Print7printlnEPKc
                0x00006a78       0x14 C:\Users\Jeroen Gillis\AppData\Local\Temp\VMBuilds\LORACommunication\adafruit_adafruit_samd_adafruit_feather_m0\Debug/core.a(Print.cpp.o)
                0x00006a78                Print::println(char const*)
 .text._ZN5Print11printNumberEmh
                0x00006a8c       0x4e C:\Users\Jeroen Gillis\AppData\Local\Temp\VMBuilds\LORACommunication\adafruit_adafruit_samd_adafruit_feather_m0\Debug/core.a(Print.cpp.o)
                0x00006a8c                Print::printNumber(unsigned long, unsigned char)
 .text._ZN5Print5printEli
                0x00006ada       0x3c C:\Users\Jeroen Gillis\AppData\Local\Temp\VMBuilds\LORACommunication\adafruit_adafruit_samd_adafruit_feather_m0\Debug/core.a(Print.cpp.o)
                0x00006ada                Print::print(long, int)
 .text._ZN5Print7printlnEii
                0x00006b16       0x14 C:\Users\Jeroen Gillis\AppData\Local\Temp\VMBuilds\LORACommunication\adafruit_adafruit_samd_adafruit_feather_m0\Debug/core.a(Print.cpp.o)
                0x00006b16                Print::println(int, int)
 .text._ZN5Print5printEmi
                0x00006b2a       0x14 C:\Users\Jeroen Gillis\AppData\Local\Temp\VMBuilds\LORACommunication\adafruit_adafruit_samd_adafruit_feather_m0\Debug/core.a(Print.cpp.o)
                0x00006b2a                Print::print(unsigned long, int)
 .text._ZN5Print5printEhi
                0x00006b3e        0x8 C:\Users\Jeroen Gillis\AppData\Local\Temp\VMBuilds\LORACommunication\adafruit_adafruit_samd_adafruit_feather_m0\Debug/core.a(Print.cpp.o)
                0x00006b3e                Print::print(unsigned char, int)
 .text._ZN5Print7printlnEhi
                0x00006b46       0x14 C:\Users\Jeroen Gillis\AppData\Local\Temp\VMBuilds\LORACommunication\adafruit_adafruit_samd_adafruit_feather_m0\Debug/core.a(Print.cpp.o)
                0x00006b46                Print::println(unsigned char, int)
 *fill*         0x00006b5a        0x2 
 .text.initiateReset
                0x00006b5c        0xc C:\Users\Jeroen Gillis\AppData\Local\Temp\VMBuilds\LORACommunication\adafruit_adafruit_samd_adafruit_feather_m0\Debug/core.a(Reset.cpp.o)
                0x00006b5c                initiateReset
 .text.cancelReset
                0x00006b68       0x10 C:\Users\Jeroen Gillis\AppData\Local\Temp\VMBuilds\LORACommunication\adafruit_adafruit_samd_adafruit_feather_m0\Debug/core.a(Reset.cpp.o)
                0x00006b68                cancelReset
 .text.tickReset
                0x00006b78       0x74 C:\Users\Jeroen Gillis\AppData\Local\Temp\VMBuilds\LORACommunication\adafruit_adafruit_samd_adafruit_feather_m0\Debug/core.a(Reset.cpp.o)
                0x00006b78                tickReset
 .text._ZN6SERCOMC2EP6Sercom
                0x00006bec        0x4 C:\Users\Jeroen Gillis\AppData\Local\Temp\VMBuilds\LORACommunication\adafruit_adafruit_samd_adafruit_feather_m0\Debug/core.a(SERCOM.cpp.o)
                0x00006bec                SERCOM::SERCOM(Sercom*)
                0x00006bec                SERCOM::SERCOM(Sercom*)
 .text._ZN6SERCOM9initFrameE18SercomUartCharSize15SercomDataOrder16SercomParityMode19SercomNumberStopBit
                0x00006bf0       0x38 C:\Users\Jeroen Gillis\AppData\Local\Temp\VMBuilds\LORACommunication\adafruit_adafruit_samd_adafruit_feather_m0\Debug/core.a(SERCOM.cpp.o)
                0x00006bf0                SERCOM::initFrame(SercomUartCharSize, SercomDataOrder, SercomParityMode, SercomNumberStopBit)
 .text._ZN6SERCOM8initPadsE15SercomUartTXPad11SercomRXPad
                0x00006c28       0x26 C:\Users\Jeroen Gillis\AppData\Local\Temp\VMBuilds\LORACommunication\adafruit_adafruit_samd_adafruit_feather_m0\Debug/core.a(SERCOM.cpp.o)
                0x00006c28                SERCOM::initPads(SercomUartTXPad, SercomRXPad)
 .text._ZN6SERCOM9resetUARTEv
                0x00006c4e       0x1c C:\Users\Jeroen Gillis\AppData\Local\Temp\VMBuilds\LORACommunication\adafruit_adafruit_samd_adafruit_feather_m0\Debug/core.a(SERCOM.cpp.o)
                0x00006c4e                SERCOM::resetUART()
 .text._ZN6SERCOM10enableUARTEv
                0x00006c6a       0x14 C:\Users\Jeroen Gillis\AppData\Local\Temp\VMBuilds\LORACommunication\adafruit_adafruit_samd_adafruit_feather_m0\Debug/core.a(SERCOM.cpp.o)
                0x00006c6a                SERCOM::enableUART()
 .text._ZN6SERCOM9flushUARTEv
                0x00006c7e       0x10 C:\Users\Jeroen Gillis\AppData\Local\Temp\VMBuilds\LORACommunication\adafruit_adafruit_samd_adafruit_feather_m0\Debug/core.a(SERCOM.cpp.o)
                0x00006c7e                SERCOM::flushUART()
 .text._ZN6SERCOM15clearStatusUARTEv
                0x00006c8e        0x8 C:\Users\Jeroen Gillis\AppData\Local\Temp\VMBuilds\LORACommunication\adafruit_adafruit_samd_adafruit_feather_m0\Debug/core.a(SERCOM.cpp.o)
                0x00006c8e                SERCOM::clearStatusUART()
 .text._ZN6SERCOM17availableDataUARTEv
                0x00006c96        0xa C:\Users\Jeroen Gillis\AppData\Local\Temp\VMBuilds\LORACommunication\adafruit_adafruit_samd_adafruit_feather_m0\Debug/core.a(SERCOM.cpp.o)
                0x00006c96                SERCOM::availableDataUART()
 .text._ZN6SERCOM11isUARTErrorEv
                0x00006ca0        0x8 C:\Users\Jeroen Gillis\AppData\Local\Temp\VMBuilds\LORACommunication\adafruit_adafruit_samd_adafruit_feather_m0\Debug/core.a(SERCOM.cpp.o)
                0x00006ca0                SERCOM::isUARTError()
 .text._ZN6SERCOM20acknowledgeUARTErrorEv
                0x00006ca8        0xe C:\Users\Jeroen Gillis\AppData\Local\Temp\VMBuilds\LORACommunication\adafruit_adafruit_samd_adafruit_feather_m0\Debug/core.a(SERCOM.cpp.o)
                0x00006ca8                SERCOM::acknowledgeUARTError()
 .text._ZN6SERCOM12readDataUARTEv
                0x00006cb6        0x8 C:\Users\Jeroen Gillis\AppData\Local\Temp\VMBuilds\LORACommunication\adafruit_adafruit_samd_adafruit_feather_m0\Debug/core.a(SERCOM.cpp.o)
                0x00006cb6                SERCOM::readDataUART()
 .text._ZN6SERCOM13writeDataUARTEh
                0x00006cbe        0xe C:\Users\Jeroen Gillis\AppData\Local\Temp\VMBuilds\LORACommunication\adafruit_adafruit_samd_adafruit_feather_m0\Debug/core.a(SERCOM.cpp.o)
                0x00006cbe                SERCOM::writeDataUART(unsigned char)
 .text._ZN6SERCOM12initSPIClockE18SercomSpiClockModem
                0x00006ccc       0x30 C:\Users\Jeroen Gillis\AppData\Local\Temp\VMBuilds\LORACommunication\adafruit_adafruit_samd_adafruit_feather_m0\Debug/core.a(SERCOM.cpp.o)
                0x00006ccc                SERCOM::initSPIClock(SercomSpiClockMode, unsigned long)
 .text._ZN6SERCOM8resetSPIEv
                0x00006cfc       0x1c C:\Users\Jeroen Gillis\AppData\Local\Temp\VMBuilds\LORACommunication\adafruit_adafruit_samd_adafruit_feather_m0\Debug/core.a(SERCOM.cpp.o)
                0x00006cfc                SERCOM::resetSPI()
 .text._ZN6SERCOM9enableSPIEv
                0x00006d18       0x14 C:\Users\Jeroen Gillis\AppData\Local\Temp\VMBuilds\LORACommunication\adafruit_adafruit_samd_adafruit_feather_m0\Debug/core.a(SERCOM.cpp.o)
                0x00006d18                SERCOM::enableSPI()
 .text._ZN6SERCOM10disableSPIEv
                0x00006d2c       0x12 C:\Users\Jeroen Gillis\AppData\Local\Temp\VMBuilds\LORACommunication\adafruit_adafruit_samd_adafruit_feather_m0\Debug/core.a(SERCOM.cpp.o)
                0x00006d2c                SERCOM::disableSPI()
 .text._ZN6SERCOM15transferDataSPIEh
                0x00006d3e       0x1a C:\Users\Jeroen Gillis\AppData\Local\Temp\VMBuilds\LORACommunication\adafruit_adafruit_samd_adafruit_feather_m0\Debug/core.a(SERCOM.cpp.o)
                0x00006d3e                SERCOM::transferDataSPI(unsigned char)
 .text._ZN6SERCOM13initClockNVICEv
                0x00006d58       0xac C:\Users\Jeroen Gillis\AppData\Local\Temp\VMBuilds\LORACommunication\adafruit_adafruit_samd_adafruit_feather_m0\Debug/core.a(SERCOM.cpp.o)
                0x00006d58                SERCOM::initClockNVIC()
 .text._ZN6SERCOM8initUARTE14SercomUartMode20SercomUartSampleRatem
                0x00006e04       0x6c C:\Users\Jeroen Gillis\AppData\Local\Temp\VMBuilds\LORACommunication\adafruit_adafruit_samd_adafruit_feather_m0\Debug/core.a(SERCOM.cpp.o)
                0x00006e04                SERCOM::initUART(SercomUartMode, SercomUartSampleRate, unsigned long)
 .text._ZN6SERCOM7initSPIE14SercomSpiTXPad11SercomRXPad17SercomSpiCharSize15SercomDataOrder
                0x00006e70       0x48 C:\Users\Jeroen Gillis\AppData\Local\Temp\VMBuilds\LORACommunication\adafruit_adafruit_samd_adafruit_feather_m0\Debug/core.a(SERCOM.cpp.o)
                0x00006e70                SERCOM::initSPI(SercomSpiTXPad, SercomRXPad, SercomSpiCharSize, SercomDataOrder)
 .text._ZN6Stream9timedReadEv
                0x00006eb8       0x2a C:\Users\Jeroen Gillis\AppData\Local\Temp\VMBuilds\LORACommunication\adafruit_adafruit_samd_adafruit_feather_m0\Debug/core.a(Stream.cpp.o)
                0x00006eb8                Stream::timedRead()
 .text._ZN6Stream10setTimeoutEm
                0x00006ee2        0x4 C:\Users\Jeroen Gillis\AppData\Local\Temp\VMBuilds\LORACommunication\adafruit_adafruit_samd_adafruit_feather_m0\Debug/core.a(Stream.cpp.o)
                0x00006ee2                Stream::setTimeout(unsigned long)
 .text._ZN6Stream9readBytesEPcj
                0x00006ee6       0x28 C:\Users\Jeroen Gillis\AppData\Local\Temp\VMBuilds\LORACommunication\adafruit_adafruit_samd_adafruit_feather_m0\Debug/core.a(Stream.cpp.o)
                0x00006ee6                Stream::readBytes(char*, unsigned int)
 .text._ZN4UartcvbEv
                0x00006f0e        0x4 C:\Users\Jeroen Gillis\AppData\Local\Temp\VMBuilds\LORACommunication\adafruit_adafruit_samd_adafruit_feather_m0\Debug/core.a(Uart.cpp.o)
                0x00006f0e                Uart::operator bool()
 *fill*         0x00006f12        0x2 
 .text._ZN4Uart5beginEm
                0x00006f14       0x10 C:\Users\Jeroen Gillis\AppData\Local\Temp\VMBuilds\LORACommunication\adafruit_adafruit_samd_adafruit_feather_m0\Debug/core.a(Uart.cpp.o)
                0x00006f14                Uart::begin(unsigned long)
 .text._ZN4Uart3endEv
                0x00006f24       0x14 C:\Users\Jeroen Gillis\AppData\Local\Temp\VMBuilds\LORACommunication\adafruit_adafruit_samd_adafruit_feather_m0\Debug/core.a(Uart.cpp.o)
                0x00006f24                Uart::end()
 .text._ZN4Uart5flushEv
                0x00006f38        0xa C:\Users\Jeroen Gillis\AppData\Local\Temp\VMBuilds\LORACommunication\adafruit_adafruit_samd_adafruit_feather_m0\Debug/core.a(Uart.cpp.o)
                0x00006f38                Uart::flush()
 .text._ZN4Uart9availableEv
                0x00006f42        0xa C:\Users\Jeroen Gillis\AppData\Local\Temp\VMBuilds\LORACommunication\adafruit_adafruit_samd_adafruit_feather_m0\Debug/core.a(Uart.cpp.o)
                0x00006f42                Uart::available()
 .text._ZN4Uart4peekEv
                0x00006f4c        0xa C:\Users\Jeroen Gillis\AppData\Local\Temp\VMBuilds\LORACommunication\adafruit_adafruit_samd_adafruit_feather_m0\Debug/core.a(Uart.cpp.o)
                0x00006f4c                Uart::peek()
 .text._ZN4Uart4readEv
                0x00006f56        0xa C:\Users\Jeroen Gillis\AppData\Local\Temp\VMBuilds\LORACommunication\adafruit_adafruit_samd_adafruit_feather_m0\Debug/core.a(Uart.cpp.o)
                0x00006f56                Uart::read()
 .text._ZN4Uart5writeEh
                0x00006f60        0xc C:\Users\Jeroen Gillis\AppData\Local\Temp\VMBuilds\LORACommunication\adafruit_adafruit_samd_adafruit_feather_m0\Debug/core.a(Uart.cpp.o)
                0x00006f60                Uart::write(unsigned char)
 .text._ZN4UartC2EP6SERCOMhh11SercomRXPad15SercomUartTXPad
                0x00006f6c       0x48 C:\Users\Jeroen Gillis\AppData\Local\Temp\VMBuilds\LORACommunication\adafruit_adafruit_samd_adafruit_feather_m0\Debug/core.a(Uart.cpp.o)
                0x00006f6c                Uart::Uart(SERCOM*, unsigned char, unsigned char, SercomRXPad, SercomUartTXPad)
                0x00006f6c                Uart::Uart(SERCOM*, unsigned char, unsigned char, SercomRXPad, SercomUartTXPad)
 .text._ZN4Uart10IrqHandlerEv
                0x00006fb4       0x36 C:\Users\Jeroen Gillis\AppData\Local\Temp\VMBuilds\LORACommunication\adafruit_adafruit_samd_adafruit_feather_m0\Debug/core.a(Uart.cpp.o)
                0x00006fb4                Uart::IrqHandler()
 .text._ZN4Uart16extractNbStopBitEt
                0x00006fea        0xe C:\Users\Jeroen Gillis\AppData\Local\Temp\VMBuilds\LORACommunication\adafruit_adafruit_samd_adafruit_feather_m0\Debug/core.a(Uart.cpp.o)
                0x00006fea                Uart::extractNbStopBit(unsigned short)
 .text._ZN4Uart15extractCharSizeEt
                0x00006ff8       0x2c C:\Users\Jeroen Gillis\AppData\Local\Temp\VMBuilds\LORACommunication\adafruit_adafruit_samd_adafruit_feather_m0\Debug/core.a(Uart.cpp.o)
                0x00006ff8                Uart::extractCharSize(unsigned short)
 .text._ZN4Uart13extractParityEt
                0x00007024       0x18 C:\Users\Jeroen Gillis\AppData\Local\Temp\VMBuilds\LORACommunication\adafruit_adafruit_samd_adafruit_feather_m0\Debug/core.a(Uart.cpp.o)
                0x00007024                Uart::extractParity(unsigned short)
 .text._ZN4Uart5beginEmt
                0x0000703c       0x88 C:\Users\Jeroen Gillis\AppData\Local\Temp\VMBuilds\LORACommunication\adafruit_adafruit_samd_adafruit_feather_m0\Debug/core.a(Uart.cpp.o)
                0x0000703c                Uart::begin(unsigned long, unsigned short)
 .text._ZN7Serial_17availableForWriteEv
                0x000070c4        0x4 C:\Users\Jeroen Gillis\AppData\Local\Temp\VMBuilds\LORACommunication\adafruit_adafruit_samd_adafruit_feather_m0\Debug/core.a(CDC.cpp.o)
                0x000070c4                Serial_::availableForWrite()
 .text._ZN7Serial_5writeEh
                0x000070c8       0x14 C:\Users\Jeroen Gillis\AppData\Local\Temp\VMBuilds\LORACommunication\adafruit_adafruit_samd_adafruit_feather_m0\Debug/core.a(CDC.cpp.o)
                0x000070c8                Serial_::write(unsigned char)
 .text._ZN7Serial_9availableEv
                0x000070dc        0xc C:\Users\Jeroen Gillis\AppData\Local\Temp\VMBuilds\LORACommunication\adafruit_adafruit_samd_adafruit_feather_m0\Debug/core.a(CDC.cpp.o)
                0x000070dc                Serial_::available()
 .text._ZN7Serial_5flushEv
                0x000070e8        0xc C:\Users\Jeroen Gillis\AppData\Local\Temp\VMBuilds\LORACommunication\adafruit_adafruit_samd_adafruit_feather_m0\Debug/core.a(CDC.cpp.o)
                0x000070e8                Serial_::flush()
 .text._ZN7Serial_5writeEPKhj
                0x000070f4       0x1c C:\Users\Jeroen Gillis\AppData\Local\Temp\VMBuilds\LORACommunication\adafruit_adafruit_samd_adafruit_feather_m0\Debug/core.a(CDC.cpp.o)
                0x000070f4                Serial_::write(unsigned char const*, unsigned int)
 .text._ZN7Serial_4peekEv
                0x00007110       0x1c C:\Users\Jeroen Gillis\AppData\Local\Temp\VMBuilds\LORACommunication\adafruit_adafruit_samd_adafruit_feather_m0\Debug/core.a(CDC.cpp.o)
                0x00007110                Serial_::peek()
 .text._ZN7Serial_4readEv
                0x0000712c       0x24 C:\Users\Jeroen Gillis\AppData\Local\Temp\VMBuilds\LORACommunication\adafruit_adafruit_samd_adafruit_feather_m0\Debug/core.a(CDC.cpp.o)
                0x0000712c                Serial_::read()
 .text._Z16CDC_GetInterfacePh
                0x00007150       0x1c C:\Users\Jeroen Gillis\AppData\Local\Temp\VMBuilds\LORACommunication\adafruit_adafruit_samd_adafruit_feather_m0\Debug/core.a(CDC.cpp.o)
                0x00007150                CDC_GetInterface(unsigned char*)
 .text._Z9CDC_SetupR8USBSetup
                0x0000716c       0x80 C:\Users\Jeroen Gillis\AppData\Local\Temp\VMBuilds\LORACommunication\adafruit_adafruit_samd_adafruit_feather_m0\Debug/core.a(CDC.cpp.o)
                0x0000716c                CDC_Setup(USBSetup&)
 .text._ZN7Serial_5beginEm
                0x000071ec        0x2 C:\Users\Jeroen Gillis\AppData\Local\Temp\VMBuilds\LORACommunication\adafruit_adafruit_samd_adafruit_feather_m0\Debug/core.a(CDC.cpp.o)
                0x000071ec                Serial_::begin(unsigned long)
 *fill*         0x000071ee        0x2 
 .text._ZN7Serial_cvbEv
                0x000071f0       0x28 C:\Users\Jeroen Gillis\AppData\Local\Temp\VMBuilds\LORACommunication\adafruit_adafruit_samd_adafruit_feather_m0\Debug/core.a(CDC.cpp.o)
                0x000071f0                Serial_::operator bool()
 .text.startup._GLOBAL__sub_I__Z17_CDC_GetInterfacev
                0x00007218       0x28 C:\Users\Jeroen Gillis\AppData\Local\Temp\VMBuilds\LORACommunication\adafruit_adafruit_samd_adafruit_feather_m0\Debug/core.a(CDC.cpp.o)
 .text._ZN14USBDeviceClass6initEPEmm.part.4
                0x00007240       0x80 C:\Users\Jeroen Gillis\AppData\Local\Temp\VMBuilds\LORACommunication\adafruit_adafruit_samd_adafruit_feather_m0\Debug/core.a(USBCore.cpp.o)
 .text._ZN20USBDevice_SAMD21G18x5resetEv
                0x000072c0       0x28 C:\Users\Jeroen Gillis\AppData\Local\Temp\VMBuilds\LORACommunication\adafruit_adafruit_samd_adafruit_feather_m0\Debug/core.a(USBCore.cpp.o)
                0x000072c0                USBDevice_SAMD21G18x::reset()
 .text._ZN20USBDevice_SAMD21G18x9calibrateEv
                0x000072e8       0x5c C:\Users\Jeroen Gillis\AppData\Local\Temp\VMBuilds\LORACommunication\adafruit_adafruit_samd_adafruit_feather_m0\Debug/core.a(USBCore.cpp.o)
                0x000072e8                USBDevice_SAMD21G18x::calibrate()
 .text._ZN7__GuardC2Ev
                0x00007344        0xe C:\Users\Jeroen Gillis\AppData\Local\Temp\VMBuilds\LORACommunication\adafruit_adafruit_samd_adafruit_feather_m0\Debug/core.a(USBCore.cpp.o)
                0x00007344                __Guard::__Guard()
                0x00007344                __Guard::__Guard()
 .text._ZN7__GuardD2Ev
                0x00007352        0xe C:\Users\Jeroen Gillis\AppData\Local\Temp\VMBuilds\LORACommunication\adafruit_adafruit_samd_adafruit_feather_m0\Debug/core.a(USBCore.cpp.o)
                0x00007352                __Guard::~__Guard()
                0x00007352                __Guard::~__Guard()
 .text._ZNK26DoubleBufferedEPOutHandler9availableEv
                0x00007360       0x5e C:\Users\Jeroen Gillis\AppData\Local\Temp\VMBuilds\LORACommunication\adafruit_adafruit_samd_adafruit_feather_m0\Debug/core.a(USBCore.cpp.o)
                0x00007360                DoubleBufferedEPOutHandler::available() const
 *fill*         0x000073be        0x2 
 .text._ZN26DoubleBufferedEPOutHandler7releaseEv
                0x000073c0       0x58 C:\Users\Jeroen Gillis\AppData\Local\Temp\VMBuilds\LORACommunication\adafruit_adafruit_samd_adafruit_feather_m0\Debug/core.a(USBCore.cpp.o)
                0x000073c0                DoubleBufferedEPOutHandler::release()
 .text._ZN26DoubleBufferedEPOutHandler4recvEPvm
                0x00007418      0x11c C:\Users\Jeroen Gillis\AppData\Local\Temp\VMBuilds\LORACommunication\adafruit_adafruit_samd_adafruit_feather_m0\Debug/core.a(USBCore.cpp.o)
                0x00007418                DoubleBufferedEPOutHandler::recv(void*, unsigned long)
 .text._ZN26DoubleBufferedEPOutHandler14handleEndpointEv
                0x00007534       0xc4 C:\Users\Jeroen Gillis\AppData\Local\Temp\VMBuilds\LORACommunication\adafruit_adafruit_samd_adafruit_feather_m0\Debug/core.a(USBCore.cpp.o)
                0x00007534                DoubleBufferedEPOutHandler::handleEndpoint()
 .text._ZN14USBDeviceClass14SendInterfacesEPm
                0x000075f8       0x2c C:\Users\Jeroen Gillis\AppData\Local\Temp\VMBuilds\LORACommunication\adafruit_adafruit_samd_adafruit_feather_m0\Debug/core.a(USBCore.cpp.o)
                0x000075f8                USBDeviceClass::SendInterfaces(unsigned long*)
 .text._ZN14USBDeviceClass14handleEndpointEh
                0x00007624       0x40 C:\Users\Jeroen Gillis\AppData\Local\Temp\VMBuilds\LORACommunication\adafruit_adafruit_samd_adafruit_feather_m0\Debug/core.a(USBCore.cpp.o)
                0x00007624                USBDeviceClass::handleEndpoint(unsigned char)
 .text._ZN14USBDeviceClass4initEv
                0x00007664       0xf0 C:\Users\Jeroen Gillis\AppData\Local\Temp\VMBuilds\LORACommunication\adafruit_adafruit_samd_adafruit_feather_m0\Debug/core.a(USBCore.cpp.o)
                0x00007664                USBDeviceClass::init()
 .text._ZN14USBDeviceClass6attachEv
                0x00007754       0x34 C:\Users\Jeroen Gillis\AppData\Local\Temp\VMBuilds\LORACommunication\adafruit_adafruit_samd_adafruit_feather_m0\Debug/core.a(USBCore.cpp.o)
                0x00007754                USBDeviceClass::attach()
 .text._ZN14USBDeviceClass10setAddressEm
                0x00007788       0x48 C:\Users\Jeroen Gillis\AppData\Local\Temp\VMBuilds\LORACommunication\adafruit_adafruit_samd_adafruit_feather_m0\Debug/core.a(USBCore.cpp.o)
                0x00007788                USBDeviceClass::setAddress(unsigned long)
 .text._ZN14USBDeviceClass25handleClassInterfaceSetupER8USBSetup
                0x000077d0       0x40 C:\Users\Jeroen Gillis\AppData\Local\Temp\VMBuilds\LORACommunication\adafruit_adafruit_samd_adafruit_feather_m0\Debug/core.a(USBCore.cpp.o)
                0x000077d0                USBDeviceClass::handleClassInterfaceSetup(USBSetup&)
 .text._ZN14USBDeviceClass6initEPEmm
                0x00007810      0x128 C:\Users\Jeroen Gillis\AppData\Local\Temp\VMBuilds\LORACommunication\adafruit_adafruit_samd_adafruit_feather_m0\Debug/core.a(USBCore.cpp.o)
                0x00007810                USBDeviceClass::initEP(unsigned long, unsigned long)
 .text._ZN14USBDeviceClass13initEndpointsEv
                0x00007938       0x24 C:\Users\Jeroen Gillis\AppData\Local\Temp\VMBuilds\LORACommunication\adafruit_adafruit_samd_adafruit_feather_m0\Debug/core.a(USBCore.cpp.o)
                0x00007938                USBDeviceClass::initEndpoints()
 .text._ZN14USBDeviceClass9availableEm
                0x0000795c       0x2c C:\Users\Jeroen Gillis\AppData\Local\Temp\VMBuilds\LORACommunication\adafruit_adafruit_samd_adafruit_feather_m0\Debug/core.a(USBCore.cpp.o)
                0x0000795c                USBDeviceClass::available(unsigned long)
 .text._ZN14USBDeviceClass5flushEm
                0x00007988       0x2c C:\Users\Jeroen Gillis\AppData\Local\Temp\VMBuilds\LORACommunication\adafruit_adafruit_samd_adafruit_feather_m0\Debug/core.a(USBCore.cpp.o)
                0x00007988                USBDeviceClass::flush(unsigned long)
 .text._ZN14USBDeviceClass14armRecvCtrlOUTEm
                0x000079b4       0x60 C:\Users\Jeroen Gillis\AppData\Local\Temp\VMBuilds\LORACommunication\adafruit_adafruit_samd_adafruit_feather_m0\Debug/core.a(USBCore.cpp.o)
                0x000079b4                USBDeviceClass::armRecvCtrlOUT(unsigned long)
 .text._ZN14USBDeviceClass11recvControlEPvm
                0x00007a14       0x3c C:\Users\Jeroen Gillis\AppData\Local\Temp\VMBuilds\LORACommunication\adafruit_adafruit_samd_adafruit_feather_m0\Debug/core.a(USBCore.cpp.o)
                0x00007a14                USBDeviceClass::recvControl(void*, unsigned long)
 .text._ZN14USBDeviceClass7armRecvEm
                0x00007a50       0x3c C:\Users\Jeroen Gillis\AppData\Local\Temp\VMBuilds\LORACommunication\adafruit_adafruit_samd_adafruit_feather_m0\Debug/core.a(USBCore.cpp.o)
                0x00007a50                USBDeviceClass::armRecv(unsigned long)
 .text._ZN14USBDeviceClass4recvEmPvm
                0x00007a8c       0xd8 C:\Users\Jeroen Gillis\AppData\Local\Temp\VMBuilds\LORACommunication\adafruit_adafruit_samd_adafruit_feather_m0\Debug/core.a(USBCore.cpp.o)
                0x00007a8c                USBDeviceClass::recv(unsigned long, void*, unsigned long)
 .text._ZN14USBDeviceClass4recvEm
                0x00007b64       0x1c C:\Users\Jeroen Gillis\AppData\Local\Temp\VMBuilds\LORACommunication\adafruit_adafruit_samd_adafruit_feather_m0\Debug/core.a(USBCore.cpp.o)
                0x00007b64                USBDeviceClass::recv(unsigned long)
 .text._ZN14USBDeviceClass4sendEmPKvm
                0x00007b80      0x124 C:\Users\Jeroen Gillis\AppData\Local\Temp\VMBuilds\LORACommunication\adafruit_adafruit_samd_adafruit_feather_m0\Debug/core.a(USBCore.cpp.o)
                0x00007b80                USBDeviceClass::send(unsigned long, void const*, unsigned long)
 .text._ZN14USBDeviceClass7armSendEmPKvm
                0x00007ca4       0x48 C:\Users\Jeroen Gillis\AppData\Local\Temp\VMBuilds\LORACommunication\adafruit_adafruit_samd_adafruit_feather_m0\Debug/core.a(USBCore.cpp.o)
                0x00007ca4                USBDeviceClass::armSend(unsigned long, void const*, unsigned long)
 .text._ZN14USBDeviceClass11sendControlEPKvm
                0x00007cec       0x58 C:\Users\Jeroen Gillis\AppData\Local\Temp\VMBuilds\LORACommunication\adafruit_adafruit_samd_adafruit_feather_m0\Debug/core.a(USBCore.cpp.o)
                0x00007cec                USBDeviceClass::sendControl(void const*, unsigned long)
 .text._ZN14USBDeviceClass20sendStringDescriptorEPKhh
                0x00007d44       0x68 C:\Users\Jeroen Gillis\AppData\Local\Temp\VMBuilds\LORACommunication\adafruit_adafruit_samd_adafruit_feather_m0\Debug/core.a(USBCore.cpp.o)
                0x00007d44                USBDeviceClass::sendStringDescriptor(unsigned char const*, unsigned char)
 .text._ZN14USBDeviceClass12packMessagesEb.part.6
                0x00007dac       0x20 C:\Users\Jeroen Gillis\AppData\Local\Temp\VMBuilds\LORACommunication\adafruit_adafruit_samd_adafruit_feather_m0\Debug/core.a(USBCore.cpp.o)
 .text._ZN14USBDeviceClass17sendConfigurationEm
                0x00007dcc       0x90 C:\Users\Jeroen Gillis\AppData\Local\Temp\VMBuilds\LORACommunication\adafruit_adafruit_samd_adafruit_feather_m0\Debug/core.a(USBCore.cpp.o)
                0x00007dcc                USBDeviceClass::sendConfiguration(unsigned long)
 .text._ZN14USBDeviceClass14sendDescriptorER8USBSetup
                0x00007e5c       0xb4 C:\Users\Jeroen Gillis\AppData\Local\Temp\VMBuilds\LORACommunication\adafruit_adafruit_samd_adafruit_feather_m0\Debug/core.a(USBCore.cpp.o)
                0x00007e5c                USBDeviceClass::sendDescriptor(USBSetup&)
 .text._ZN14USBDeviceClass19handleStandardSetupER8USBSetup
                0x00007f10      0x118 C:\Users\Jeroen Gillis\AppData\Local\Temp\VMBuilds\LORACommunication\adafruit_adafruit_samd_adafruit_feather_m0\Debug/core.a(USBCore.cpp.o)
                0x00007f10                USBDeviceClass::handleStandardSetup(USBSetup&)
 .text._ZN14USBDeviceClass10ISRHandlerEv
                0x00008028      0x150 C:\Users\Jeroen Gillis\AppData\Local\Temp\VMBuilds\LORACommunication\adafruit_adafruit_samd_adafruit_feather_m0\Debug/core.a(USBCore.cpp.o)
                0x00008028                USBDeviceClass::ISRHandler()
 .text.UDD_Handler
                0x00008178       0x10 C:\Users\Jeroen Gillis\AppData\Local\Temp\VMBuilds\LORACommunication\adafruit_adafruit_samd_adafruit_feather_m0\Debug/core.a(USBCore.cpp.o)
                0x00008178                UDD_Handler
 .text.startup._GLOBAL__sub_I__ZN20USBDevice_SAMD21G18x5resetEv
                0x00008188       0x10 C:\Users\Jeroen Gillis\AppData\Local\Temp\VMBuilds\LORACommunication\adafruit_adafruit_samd_adafruit_feather_m0\Debug/core.a(USBCore.cpp.o)
 .text._Znwj    0x00008198        0x8 C:\Users\Jeroen Gillis\AppData\Local\Temp\VMBuilds\LORACommunication\adafruit_adafruit_samd_adafruit_feather_m0\Debug/core.a(new.cpp.o)
                0x00008198                operator new(unsigned int)
 .text._ZN10RingBufferC2Ev
                0x000081a0       0x1a C:\Users\Jeroen Gillis\AppData\Local\Temp\VMBuilds\LORACommunication\adafruit_adafruit_samd_adafruit_feather_m0\Debug/core.a(RingBuffer.cpp.o)
                0x000081a0                RingBuffer::RingBuffer()
                0x000081a0                RingBuffer::RingBuffer()
 .text._ZN10RingBuffer10store_charEh
                0x000081ba       0x24 C:\Users\Jeroen Gillis\AppData\Local\Temp\VMBuilds\LORACommunication\adafruit_adafruit_samd_adafruit_feather_m0\Debug/core.a(RingBuffer.cpp.o)
                0x000081ba                RingBuffer::store_char(unsigned char)
 .text._ZN10RingBuffer5clearEv
                0x000081de        0xe C:\Users\Jeroen Gillis\AppData\Local\Temp\VMBuilds\LORACommunication\adafruit_adafruit_samd_adafruit_feather_m0\Debug/core.a(RingBuffer.cpp.o)
                0x000081de                RingBuffer::clear()
 .text._ZN10RingBuffer9read_charEv
                0x000081ec       0x28 C:\Users\Jeroen Gillis\AppData\Local\Temp\VMBuilds\LORACommunication\adafruit_adafruit_samd_adafruit_feather_m0\Debug/core.a(RingBuffer.cpp.o)
                0x000081ec                RingBuffer::read_char()
 .text._ZN10RingBuffer9availableEv
                0x00008214       0x12 C:\Users\Jeroen Gillis\AppData\Local\Temp\VMBuilds\LORACommunication\adafruit_adafruit_samd_adafruit_feather_m0\Debug/core.a(RingBuffer.cpp.o)
                0x00008214                RingBuffer::available()
 .text._ZN10RingBuffer4peekEv
                0x00008226       0x1a C:\Users\Jeroen Gillis\AppData\Local\Temp\VMBuilds\LORACommunication\adafruit_adafruit_samd_adafruit_feather_m0\Debug/core.a(RingBuffer.cpp.o)
                0x00008226                RingBuffer::peek()
 .text._ZN13PluggableUSB_12getInterfaceEPh
                0x00008240       0x2a C:\Users\Jeroen Gillis\AppData\Local\Temp\VMBuilds\LORACommunication\adafruit_adafruit_samd_adafruit_feather_m0\Debug/core.a(PluggableUSB.cpp.o)
                0x00008240                PluggableUSB_::getInterface(unsigned char*)
 .text._ZN13PluggableUSB_13getDescriptorER8USBSetup
                0x0000826a       0x20 C:\Users\Jeroen Gillis\AppData\Local\Temp\VMBuilds\LORACommunication\adafruit_adafruit_samd_adafruit_feather_m0\Debug/core.a(PluggableUSB.cpp.o)
                0x0000826a                PluggableUSB_::getDescriptor(USBSetup&)
 .text._ZN13PluggableUSB_12getShortNameEPc
                0x0000828a       0x1e C:\Users\Jeroen Gillis\AppData\Local\Temp\VMBuilds\LORACommunication\adafruit_adafruit_samd_adafruit_feather_m0\Debug/core.a(PluggableUSB.cpp.o)
                0x0000828a                PluggableUSB_::getShortName(char*)
 .text._ZN13PluggableUSB_5setupER8USBSetup
                0x000082a8       0x24 C:\Users\Jeroen Gillis\AppData\Local\Temp\VMBuilds\LORACommunication\adafruit_adafruit_samd_adafruit_feather_m0\Debug/core.a(PluggableUSB.cpp.o)
                0x000082a8                PluggableUSB_::setup(USBSetup&)
 .text._Z12PluggableUSBv
                0x000082cc       0x24 C:\Users\Jeroen Gillis\AppData\Local\Temp\VMBuilds\LORACommunication\adafruit_adafruit_samd_adafruit_feather_m0\Debug/core.a(PluggableUSB.cpp.o)
                0x000082cc                PluggableUSB()
 .text          0x000082f0       0x14 c:/users/jeroen gillis/appdata/local/arduino15/packages/arduino/tools/arm-none-eabi-gcc/4.8.3-2014q1/bin/../lib/gcc/arm-none-eabi/4.8.3/armv6-m\libgcc.a(_thumb1_case_uqi.o)
                0x000082f0                __gnu_thumb1_case_uqi
 .text          0x00008304       0x14 c:/users/jeroen gillis/appdata/local/arduino15/packages/arduino/tools/arm-none-eabi-gcc/4.8.3-2014q1/bin/../lib/gcc/arm-none-eabi/4.8.3/armv6-m\libgcc.a(_thumb1_case_uhi.o)
                0x00008304                __gnu_thumb1_case_uhi
 .text          0x00008318       0x9c c:/users/jeroen gillis/appdata/local/arduino15/packages/arduino/tools/arm-none-eabi-gcc/4.8.3-2014q1/bin/../lib/gcc/arm-none-eabi/4.8.3/armv6-m\libgcc.a(_udivsi3.o)
                0x00008318                __aeabi_uidiv
                0x00008318                __udivsi3
                0x000083a0                __aeabi_uidivmod
 .text          0x000083b4       0xc0 c:/users/jeroen gillis/appdata/local/arduino15/packages/arduino/tools/arm-none-eabi-gcc/4.8.3-2014q1/bin/../lib/gcc/arm-none-eabi/4.8.3/armv6-m\libgcc.a(_divsi3.o)
                0x000083b4                __divsi3
                0x000083b4                __aeabi_idiv
                0x00008460                __aeabi_idivmod
 .text          0x00008474        0x4 c:/users/jeroen gillis/appdata/local/arduino15/packages/arduino/tools/arm-none-eabi-gcc/4.8.3-2014q1/bin/../lib/gcc/arm-none-eabi/4.8.3/armv6-m\libgcc.a(_dvmd_tls.o)
                0x00008474                __aeabi_idiv0
                0x00008474                __aeabi_ldiv0
 .text          0x00008478       0x48 c:/users/jeroen gillis/appdata/local/arduino15/packages/arduino/tools/arm-none-eabi-gcc/4.8.3-2014q1/bin/../lib/gcc/arm-none-eabi/4.8.3/armv6-m\libgcc.a(_aeabi_ldivmod.o)
                0x00008478                __aeabi_ldivmod
 .text          0x000084c0       0x40 c:/users/jeroen gillis/appdata/local/arduino15/packages/arduino/tools/arm-none-eabi-gcc/4.8.3-2014q1/bin/../lib/gcc/arm-none-eabi/4.8.3/armv6-m\libgcc.a(_aeabi_uldivmod.o)
                0x000084c0                __aeabi_uldivmod
 .text          0x00008500       0x44 c:/users/jeroen gillis/appdata/local/arduino15/packages/arduino/tools/arm-none-eabi-gcc/4.8.3-2014q1/bin/../lib/gcc/arm-none-eabi/4.8.3/armv6-m\libgcc.a(_muldi3.o)
                0x00008500                __muldi3
                0x00008500                __aeabi_lmul
 .text          0x00008544       0x6c c:/users/jeroen gillis/appdata/local/arduino15/packages/arduino/tools/arm-none-eabi-gcc/4.8.3-2014q1/bin/../lib/gcc/arm-none-eabi/4.8.3/armv6-m\libgcc.a(bpabi.o)
                0x00008544                __gnu_ldivmod_helper
                0x0000857c                __gnu_uldivmod_helper
 .text          0x000085b0       0x3c c:/users/jeroen gillis/appdata/local/arduino15/packages/arduino/tools/arm-none-eabi-gcc/4.8.3-2014q1/bin/../lib/gcc/arm-none-eabi/4.8.3/armv6-m\libgcc.a(_clzsi2.o)
                0x000085b0                __clzsi2
 .text          0x000085ec      0x3b8 c:/users/jeroen gillis/appdata/local/arduino15/packages/arduino/tools/arm-none-eabi-gcc/4.8.3-2014q1/bin/../lib/gcc/arm-none-eabi/4.8.3/armv6-m\libgcc.a(_divdi3.o)
                0x000085ec                __divdi3
 .text          0x000089a4      0x384 c:/users/jeroen gillis/appdata/local/arduino15/packages/arduino/tools/arm-none-eabi-gcc/4.8.3-2014q1/bin/../lib/gcc/arm-none-eabi/4.8.3/armv6-m\libgcc.a(_udivdi3.o)
                0x000089a4                __udivdi3
 .text.__libc_init_array
                0x00008d28       0x4c c:/users/jeroen gillis/appdata/local/arduino15/packages/arduino/tools/arm-none-eabi-gcc/4.8.3-2014q1/bin/../lib/gcc/arm-none-eabi/4.8.3/../../../../arm-none-eabi/lib/armv6-m\libc_s.a(lib_a-init.o)
                0x00008d28                __libc_init_array
 .text.malloc   0x00008d74       0x14 c:/users/jeroen gillis/appdata/local/arduino15/packages/arduino/tools/arm-none-eabi-gcc/4.8.3-2014q1/bin/../lib/gcc/arm-none-eabi/4.8.3/../../../../arm-none-eabi/lib/armv6-m\libc_s.a(lib_a-malloc.o)
                0x00008d74                malloc
 .text.memcpy   0x00008d88       0x12 c:/users/jeroen gillis/appdata/local/arduino15/packages/arduino/tools/arm-none-eabi-gcc/4.8.3-2014q1/bin/../lib/gcc/arm-none-eabi/4.8.3/../../../../arm-none-eabi/lib/armv6-m\libc_s.a(lib_a-memcpy-stub.o)
                0x00008d88                memcpy
 .text.memset   0x00008d9a       0x10 c:/users/jeroen gillis/appdata/local/arduino15/packages/arduino/tools/arm-none-eabi-gcc/4.8.3-2014q1/bin/../lib/gcc/arm-none-eabi/4.8.3/../../../../arm-none-eabi/lib/armv6-m\libc_s.a(lib_a-memset.o)
                0x00008d9a                memset
 *fill*         0x00008daa        0x2 
 .text._malloc_r
                0x00008dac       0xa8 c:/users/jeroen gillis/appdata/local/arduino15/packages/arduino/tools/arm-none-eabi-gcc/4.8.3-2014q1/bin/../lib/gcc/arm-none-eabi/4.8.3/../../../../arm-none-eabi/lib/armv6-m\libc_s.a(lib_a-nano-mallocr.o)
                0x00008dac                _malloc_r
 .text._sbrk_r  0x00008e54       0x24 c:/users/jeroen gillis/appdata/local/arduino15/packages/arduino/tools/arm-none-eabi-gcc/4.8.3-2014q1/bin/../lib/gcc/arm-none-eabi/4.8.3/../../../../arm-none-eabi/lib/armv6-m\libc_s.a(lib_a-sbrkr.o)
                0x00008e54                _sbrk_r
 .text.strlen   0x00008e78        0xe c:/users/jeroen gillis/appdata/local/arduino15/packages/arduino/tools/arm-none-eabi-gcc/4.8.3-2014q1/bin/../lib/gcc/arm-none-eabi/4.8.3/../../../../arm-none-eabi/lib/armv6-m\libc_s.a(lib_a-strlen.o)
                0x00008e78                strlen
 *fill*         0x00008e86        0x2 
 .text._sbrk    0x00008e88       0x34 c:/users/jeroen gillis/appdata/local/arduino15/packages/arduino/tools/arm-none-eabi-gcc/4.8.3-2014q1/bin/../lib/gcc/arm-none-eabi/4.8.3/../../../../arm-none-eabi/lib/armv6-m\libnosys.a(sbrk.o)
                0x00008e88                _sbrk
 *(.init)
 .init          0x00008ebc        0x4 c:/users/jeroen gillis/appdata/local/arduino15/packages/arduino/tools/arm-none-eabi-gcc/4.8.3-2014q1/bin/../lib/gcc/arm-none-eabi/4.8.3/armv6-m/crti.o
                0x00008ebc                _init
 .init          0x00008ec0        0x8 c:/users/jeroen gillis/appdata/local/arduino15/packages/arduino/tools/arm-none-eabi-gcc/4.8.3-2014q1/bin/../lib/gcc/arm-none-eabi/4.8.3/armv6-m/crtn.o
 *(.fini)
 .fini          0x00008ec8        0x4 c:/users/jeroen gillis/appdata/local/arduino15/packages/arduino/tools/arm-none-eabi-gcc/4.8.3-2014q1/bin/../lib/gcc/arm-none-eabi/4.8.3/armv6-m/crti.o
                0x00008ec8                _fini
 .fini          0x00008ecc        0x8 c:/users/jeroen gillis/appdata/local/arduino15/packages/arduino/tools/arm-none-eabi-gcc/4.8.3-2014q1/bin/../lib/gcc/arm-none-eabi/4.8.3/armv6-m/crtn.o
 *crtbegin.o(.ctors)
 *crtbegin?.o(.ctors)
 *(EXCLUDE_FILE(*crtend.o *crtend?.o) .ctors)
 *(SORT(.ctors.*))
 *(.ctors)
 *crtbegin.o(.dtors)
 *crtbegin?.o(.dtors)
 *(EXCLUDE_FILE(*crtend.o *crtend?.o) .dtors)
 *(SORT(.dtors.*))
 *(.dtors)
 *(.rodata*)
 .rodata.str1.1
                0x00008ed4      0x11a C:\Users\Jeroen Gillis\AppData\Local\Temp\VMBuilds\LORACommunication\adafruit_adafruit_samd_adafruit_feather_m0\Debug\LORACommunication.cpp.o
                                0x11d (size before relaxing)
 .rodata._ZL22constant_table_S_Table
                0x00008fee      0x100 C:\Users\Jeroen Gillis\AppData\Local\Temp\VMBuilds\LORACommunication\adafruit_adafruit_samd_adafruit_feather_m0\Debug\arduino-lmic-master\aes\ideetron\AES-128_V10.cpp.o
 .rodata.str1.1
                0x000090ee       0x60 C:\Users\Jeroen Gillis\AppData\Local\Temp\VMBuilds\LORACommunication\adafruit_adafruit_samd_adafruit_feather_m0\Debug\arduino-lmic-master\hal\hal.cpp.o
 .rodata.constant_table_SENSITIVITY
                0x0000914e       0x15 C:\Users\Jeroen Gillis\AppData\Local\Temp\VMBuilds\LORACommunication\adafruit_adafruit_samd_adafruit_feather_m0\Debug\arduino-lmic-master\lmic\lmic.c.o
 *fill*         0x00009163        0x1 
 .rodata.constant_table_DR2HSYM_osticks
                0x00009164       0x20 C:\Users\Jeroen Gillis\AppData\Local\Temp\VMBuilds\LORACommunication\adafruit_adafruit_samd_adafruit_feather_m0\Debug\arduino-lmic-master\lmic\lmic.c.o
 .rodata.str1.1
                0x00009184       0x57 C:\Users\Jeroen Gillis\AppData\Local\Temp\VMBuilds\LORACommunication\adafruit_adafruit_samd_adafruit_feather_m0\Debug\arduino-lmic-master\lmic\lmic.c.o
 .rodata.constant_table_TXPOWLEVELS
                0x000091db       0x10 C:\Users\Jeroen Gillis\AppData\Local\Temp\VMBuilds\LORACommunication\adafruit_adafruit_samd_adafruit_feather_m0\Debug\arduino-lmic-master\lmic\lmic.c.o
 .rodata.constant_table_DRADJUST
                0x000091eb        0xa C:\Users\Jeroen Gillis\AppData\Local\Temp\VMBuilds\LORACommunication\adafruit_adafruit_samd_adafruit_feather_m0\Debug\arduino-lmic-master\lmic\lmic.c.o
 *fill*         0x000091f5        0x3 
 .rodata.constant_table_iniChannelFreq
                0x000091f8       0x18 C:\Users\Jeroen Gillis\AppData\Local\Temp\VMBuilds\LORACommunication\adafruit_adafruit_samd_adafruit_feather_m0\Debug\arduino-lmic-master\lmic\lmic.c.o
 .rodata.constant_table__DR2RPS_CRC
                0x00009210        0xa C:\Users\Jeroen Gillis\AppData\Local\Temp\VMBuilds\LORACommunication\adafruit_adafruit_samd_adafruit_feather_m0\Debug\arduino-lmic-master\lmic\lmic.c.o
                0x00009210                constant_table__DR2RPS_CRC
 .rodata.str1.1
                0x0000921a       0x58 C:\Users\Jeroen Gillis\AppData\Local\Temp\VMBuilds\LORACommunication\adafruit_adafruit_samd_adafruit_feather_m0\Debug\arduino-lmic-master\lmic\radio.c.o
 .rodata.constant_table_LORA_RXDONE_FIXUP
                0x00009272        0xe C:\Users\Jeroen Gillis\AppData\Local\Temp\VMBuilds\LORACommunication\adafruit_adafruit_samd_adafruit_feather_m0\Debug\arduino-lmic-master\lmic\radio.c.o
 .rodata.constant_table_rxlorairqmask
                0x00009280        0x3 C:\Users\Jeroen Gillis\AppData\Local\Temp\VMBuilds\LORACommunication\adafruit_adafruit_samd_adafruit_feather_m0\Debug\arduino-lmic-master\lmic\radio.c.o
 .rodata._ZL6APPKEY
                0x00009283       0x10 C:\Users\Jeroen Gillis\AppData\Local\Temp\VMBuilds\LORACommunication\adafruit_adafruit_samd_adafruit_feather_m0\Debug\lora_communication.cpp.o
 .rodata._ZL6APPEUI
                0x00009293        0x8 C:\Users\Jeroen Gillis\AppData\Local\Temp\VMBuilds\LORACommunication\adafruit_adafruit_samd_adafruit_feather_m0\Debug\lora_communication.cpp.o
 .rodata.str1.1
                0x0000929b      0x17c C:\Users\Jeroen Gillis\AppData\Local\Temp\VMBuilds\LORACommunication\adafruit_adafruit_samd_adafruit_feather_m0\Debug\lora_communication.cpp.o
                                0x17f (size before relaxing)
 .rodata.lmic_pins
                0x00009417        0x6 C:\Users\Jeroen Gillis\AppData\Local\Temp\VMBuilds\LORACommunication\adafruit_adafruit_samd_adafruit_feather_m0\Debug\lora_communication.cpp.o
                0x00009417                lmic_pins
 .rodata._ZL6DEVEUI
                0x0000941d        0x8 C:\Users\Jeroen Gillis\AppData\Local\Temp\VMBuilds\LORACommunication\adafruit_adafruit_samd_adafruit_feather_m0\Debug\lora_communication.cpp.o
 *fill*         0x00009425        0x3 
 .rodata        0x00009428       0x18 C:\Users\Jeroen Gillis\AppData\Local\Temp\VMBuilds\LORACommunication\adafruit_adafruit_samd_adafruit_feather_m0\Debug\reporting_task.cpp.o
 .rodata.str1.1
                0x00009440      0x1c7 C:\Users\Jeroen Gillis\AppData\Local\Temp\VMBuilds\LORACommunication\adafruit_adafruit_samd_adafruit_feather_m0\Debug\reporting_task.cpp.o
 .rodata._ZL10msg_header
                0x00009607       0x13 C:\Users\Jeroen Gillis\AppData\Local\Temp\VMBuilds\LORACommunication\adafruit_adafruit_samd_adafruit_feather_m0\Debug\sampling_task.cpp.o
 .rodata._ZL6cmd_PS
                0x0000961a        0xc C:\Users\Jeroen Gillis\AppData\Local\Temp\VMBuilds\LORACommunication\adafruit_adafruit_samd_adafruit_feather_m0\Debug\sampling_task.cpp.o
 .rodata._ZL7cmd_CV1
                0x00009626        0xc C:\Users\Jeroen Gillis\AppData\Local\Temp\VMBuilds\LORACommunication\adafruit_adafruit_samd_adafruit_feather_m0\Debug\sampling_task.cpp.o
 .rodata._ZL7cmd_SSC
                0x00009632        0xc C:\Users\Jeroen Gillis\AppData\Local\Temp\VMBuilds\LORACommunication\adafruit_adafruit_samd_adafruit_feather_m0\Debug\sampling_task.cpp.o
 .rodata._ZL7cmd_OCS